Component: ARM Compiler 5.06 update 7 (build 960) Tool: armlink [4d3601]

==============================================================================

Section Cross References

    main.o(i.ConfigureControlMode) refers to angle_control.o(i.ANGLE_CONTROL_SetMode) for ANGLE_CONTROL_SetMode
    main.o(i.ConfigureControlMode) refers to angle_control.o(i.ANGLE_CONTROL_SetStableCondition) for ANGLE_CONTROL_SetStableCondition
    main.o(i.ConfigureControlMode) refers to angle_control.o(i.ANGLE_CONTROL_SetTarget) for ANGLE_CONTROL_SetTarget
    main.o(i.ConfigureControlMode) refers to rt_memcpy_w.o(.text) for __aeabi_memcpy4
    main.o(i.ConfigureControlMode) refers to angle_control.o(i.ANGLE_CONTROL_ConfigSequence) for ANGLE_CONTROL_ConfigSequence
    main.o(i.ConfigureControlMode) refers to main.o(.bss) for g_angle_control
    main.o(i.ConfigureControlMode) refers to main.o(.constdata) for .constdata
    main.o(i.DisplayStatus) refers to _printf_percent.o(.ARM.Collect$$_printf_percent$$00000000) for _printf_percent
    main.o(i.DisplayStatus) refers to _printf_f.o(.ARM.Collect$$_printf_percent$$00000003) for _printf_f
    main.o(i.DisplayStatus) refers to printf1.o(x$fpl$printf1) for _printf_fp_dec
    main.o(i.DisplayStatus) refers to _printf_d.o(.ARM.Collect$$_printf_percent$$00000009) for _printf_d
    main.o(i.DisplayStatus) refers to _printf_dec.o(.text) for _printf_int_dec
    main.o(i.DisplayStatus) refers to angle_sensor.o(i.ANGLE_SENSOR_GetAngle) for ANGLE_SENSOR_GetAngle
    main.o(i.DisplayStatus) refers to rt_memclr.o(.text) for __aeabi_memclr
    main.o(i.DisplayStatus) refers to faddsub_clz.o(x$fpl$fsub) for __aeabi_fsub
    main.o(i.DisplayStatus) refers to f2d.o(x$fpl$f2d) for __aeabi_f2d
    main.o(i.DisplayStatus) refers to drleqf.o(x$fpl$drleqf) for __aeabi_cdrcmple
    main.o(i.DisplayStatus) refers to strcpy.o(.text) for strcpy
    main.o(i.DisplayStatus) refers to noretval__2sprintf.o(.text) for __2sprintf
    main.o(i.DisplayStatus) refers to angle_control.o(i.ANGLE_CONTROL_GetTime) for ANGLE_CONTROL_GetTime
    main.o(i.DisplayStatus) refers to strcmpv7m.o(.text) for strcmp
    main.o(i.DisplayStatus) refers to oled.o(i.OLED_Clear) for OLED_Clear
    main.o(i.DisplayStatus) refers to oled.o(i.OLED_ShowString) for OLED_ShowString
    main.o(i.DisplayStatus) refers to oled.o(i.OLED_Refresh) for OLED_Refresh
    main.o(i.DisplayStatus) refers to main.o(.data) for g_systemState
    main.o(i.DisplayStatus) refers to main.o(.bss) for g_lastDisplayBuf
    main.o(i.ProcessKeys) refers to _printf_percent.o(.ARM.Collect$$_printf_percent$$00000000) for _printf_percent
    main.o(i.ProcessKeys) refers to _printf_d.o(.ARM.Collect$$_printf_percent$$00000009) for _printf_d
    main.o(i.ProcessKeys) refers to _printf_dec.o(.text) for _printf_int_dec
    main.o(i.ProcessKeys) refers to key.o(i.KEY_Scan) for KEY_Scan
    main.o(i.ProcessKeys) refers to noretval__2printf.o(.text) for __2printf
    main.o(i.ProcessKeys) refers to main.o(i.ConfigureControlMode) for ConfigureControlMode
    main.o(i.ProcessKeys) refers to angle_control.o(i.ANGLE_CONTROL_GetTime) for ANGLE_CONTROL_GetTime
    main.o(i.ProcessKeys) refers to faddsub_clz.o(x$fpl$fadd) for __aeabi_fadd
    main.o(i.ProcessKeys) refers to frleqf.o(x$fpl$frleqf) for __aeabi_cfrcmple
    main.o(i.ProcessKeys) refers to faddsub_clz.o(x$fpl$fsub) for __aeabi_fsub
    main.o(i.ProcessKeys) refers to fleqf.o(x$fpl$fleqf) for __aeabi_cfcmple
    main.o(i.ProcessKeys) refers to angle_control.o(i.ANGLE_CONTROL_SetTarget) for ANGLE_CONTROL_SetTarget
    main.o(i.ProcessKeys) refers to angle_control.o(i.ANGLE_CONTROL_Stop) for ANGLE_CONTROL_Stop
    main.o(i.ProcessKeys) refers to main.o(.data) for g_systemState
    main.o(i.ProcessKeys) refers to main.o(.bss) for g_angle_control
    main.o(i.System_Init) refers to misc.o(i.NVIC_PriorityGroupConfig) for NVIC_PriorityGroupConfig
    main.o(i.System_Init) refers to delay.o(i.delay_init) for delay_init
    main.o(i.System_Init) refers to usart.o(i.uart_init) for uart_init
    main.o(i.System_Init) refers to key.o(i.KEY_Init) for KEY_Init
    main.o(i.System_Init) refers to angle_sensor.o(i.ANGLE_SENSOR_Init) for ANGLE_SENSOR_Init
    main.o(i.System_Init) refers to fan_driver.o(i.FAN_Init) for FAN_Init
    main.o(i.System_Init) refers to angle_control.o(i.ANGLE_CONTROL_Init) for ANGLE_CONTROL_Init
    main.o(i.System_Init) refers to main.o(i.Timer_Init) for Timer_Init
    main.o(i.System_Init) refers to main.o(.bss) for g_angle_control
    main.o(i.System_Init) refers to main.o(.data) for g_systemState
    main.o(i.Timer_Init) refers to stm32f10x_rcc.o(i.RCC_APB1PeriphClockCmd) for RCC_APB1PeriphClockCmd
    main.o(i.Timer_Init) refers to stm32f10x_tim.o(i.TIM_TimeBaseInit) for TIM_TimeBaseInit
    main.o(i.Timer_Init) refers to misc.o(i.NVIC_Init) for NVIC_Init
    main.o(i.Timer_Init) refers to stm32f10x_tim.o(i.TIM_ITConfig) for TIM_ITConfig
[...]
    i.ANGLE_CONTROL_SetTarget                0x08001c0c   Section        0  angle_control.o(i.ANGLE_CONTROL_SetTarget)
    i.ANGLE_CONTROL_Stop                     0x08001c84   Section        0  angle_control.o(i.ANGLE_CONTROL_Stop)
    i.ANGLE_CONTROL_TimeUpdate               0x08001cbc   Section        0  angle_control.o(i.ANGLE_CONTROL_TimeUpdate)
    i.ANGLE_CONTROL_UpdateTime               0x08001ccc   Section        0  angle_control.o(i.ANGLE_CONTROL_UpdateTime)
    ANGLE_CONTROL_UpdateTime                 0x08001ccd   Thumb Code     8  angle_control.o(i.ANGLE_CONTROL_UpdateTime)
    i.ANGLE_SENSOR_GetAngle                  0x08001cd8   Section        0  angle_sensor.o(i.ANGLE_SENSOR_GetAngle)
    i.ANGLE_SENSOR_Init                      0x08001dbc   Section        0  angle_sensor.o(i.ANGLE_SENSOR_Init)
    i.BusFault_Handler                       0x08001e60   Section        0  stm32f10x_it.o(i.BusFault_Handler)
    i.ConfigureControlMode                   0x08001e64   Section        0  main.o(i.ConfigureControlMode)
    ConfigureControlMode                     0x08001e65   Thumb Code   166  main.o(i.ConfigureControlMode)
    i.DebugMon_Handler                       0x08001f28   Section        0  stm32f10x_it.o(i.DebugMon_Handler)
    i.DisplayStatus                          0x08001f2c   Section        0  main.o(i.DisplayStatus)
    i.FAN_GPIO_Config                        0x08002214   Section        0  fan_driver.o(i.FAN_GPIO_Config)
    FAN_GPIO_Config                          0x08002215   Thumb Code   148  fan_driver.o(i.FAN_GPIO_Config)
    i.FAN_Init                               0x080022b0   Section        0  fan_driver.o(i.FAN_Init)
    i.FAN_SetDirection                       0x080022c0   Section        0  fan_driver.o(i.FAN_SetDirection)
    i.FAN_SetSpeed                           0x08002318   Section        0  fan_driver.o(i.FAN_SetSpeed)
    i.FAN_Stop                               0x08002364   Section        0  fan_driver.o(i.FAN_Stop)
    i.FAN_StopAll                            0x080023b4   Section        0  fan_driver.o(i.FAN_StopAll)
    i.FAN_TIM_Config                         0x080023c4   Section        0  fan_driver.o(i.FAN_TIM_Config)
    FAN_TIM_Config                           0x080023c5   Thumb Code   136  fan_driver.o(i.FAN_TIM_Config)
    i.GPIO_Init                              0x08002450   Section        0  stm32f10x_gpio.o(i.GPIO_Init)
    i.GPIO_ReadInputDataBit                  0x08002566   Section        0  stm32f10x_gpio.o(i.GPIO_ReadInputDataBit)
    i.GPIO_ResetBits                         0x08002578   Section        0  stm32f10x_gpio.o(i.GPIO_ResetBits)
    i.GPIO_SetBits                           0x0800257c   Section        0  stm32f10x_gpio.o(i.GPIO_SetBits)
    i.HardFault_Handler                      0x08002580   Section        0  stm32f10x_it.o(i.HardFault_Handler)
    i.I2C_Start                              0x08002584   Section        0  oled.o(i.I2C_Start)
    i.I2C_Stop                               0x080025c0   Section        0  oled.o(i.I2C_Stop)
    i.I2C_WaitAck                            0x080025ec   Section        0  oled.o(i.I2C_WaitAck)
    i.IIC_delay                              0x08002620   Section        0  oled.o(i.IIC_delay)
    i.KEY_Init                               0x08002630   Section        0  key.o(i.KEY_Init)
    i.KEY_ReadPin                            0x080026ec   Section        0  key.o(i.KEY_ReadPin)
    KEY_ReadPin                              0x080026ed   Thumb Code    88  key.o(i.KEY_ReadPin)
    i.KEY_Scan                               0x08002750   Section        0  key.o(i.KEY_Scan)
    i.MemManage_Handler                      0x080028c4   Section        0  stm32f10x_it.o(i.MemManage_Handler)
    i.MenuManager                            0x080028c8   Section        0  main.o(i.MenuManager)
    MenuManager                              0x080028c9   Thumb Code     2  main.o(i.MenuManager)
    i.NMI_Handler                            0x080028ca   Section        0  stm32f10x_it.o(i.NMI_Handler)
    i.NVIC_Init                              0x080028cc   Section        0  misc.o(i.NVIC_Init)
    i.NVIC_PriorityGroupConfig               0x0800293c   Section        0  misc.o(i.NVIC_PriorityGroupConfig)
    i.OLED_Clear                             0x08002950   Section        0  oled.o(i.OLED_Clear)
    i.OLED_ColorTurn                         0x08002980   Section        0  oled.o(i.OLED_ColorTurn)
    i.OLED_DisplayTurn                       0x0800299c   Section        0  oled.o(i.OLED_DisplayTurn)
    i.OLED_DrawPoint                         0x080029c8   Section        0  oled.o(i.OLED_DrawPoint)
    i.OLED_Init                              0x08002a40   Section        0  oled.o(i.OLED_Init)
    i.OLED_Refresh                           0x08002bbc   Section        0  oled.o(i.OLED_Refresh)
    i.OLED_ShowChar                          0x08002c24   Section        0  oled.o(i.OLED_ShowChar)
    i.OLED_ShowString                        0x08002d60   Section        0  oled.o(i.OLED_ShowString)
    i.OLED_WR_Byte                           0x08002daa   Section        0  oled.o(i.OLED_WR_Byte)
    i.PID_Calculate                          0x08002de2   Section        0  pid_controller.o(i.PID_Calculate)
    i.PID_CalculateIncremental               0x08002e02   Section        0  pid_controller.o(i.PID_CalculateIncremental)
    PID_CalculateIncremental                 0x08002e03   Thumb Code   312  pid_controller.o(i.PID_CalculateIncremental)
    i.PID_CalculatePosition                  0x08002f3a   Section        0  pid_controller.o(i.PID_CalculatePosition)
    PID_CalculatePosition                    0x08002f3b   Thumb Code   426  pid_controller.o(i.PID_CalculatePosition)
    i.PID_Init                               0x080030e4   Section        0  pid_controller.o(i.PID_Init)
    i.PID_Reset                              0x0800314c   Section        0  pid_controller.o(i.PID_Reset)
    i.PID_SetOutputLimits                    0x0800315a   Section        0  pid_controller.o(i.PID_SetOutputLimits)
    i.PID_SetPoint                           0x08003190   Section        0  pid_controller.o(i.PID_SetPoint)
    i.PendSV_Handler                         0x08003194   Section        0  stm32f10x_it.o(i.PendSV_Handler)
    i.ProcessKeys                            0x08003198   Section        0  main.o(i.ProcessKeys)
    ProcessKeys                              0x08003199   Thumb Code   350  main.o(i.ProcessKeys)
    i.RCC_APB1PeriphClockCmd                 0x08003328   Section        0  stm32f10x_rcc.o(i.RCC_APB1PeriphClockCmd)
    i.RCC_APB2PeriphClockCmd                 0x08003348   Section        0  stm32f10x_rcc.o(i.RCC_APB2PeriphClockCmd)
    i.RCC_APB2PeriphResetCmd                 0x08003368   Section        0  stm32f10x_rcc.o(i.RCC_APB2PeriphResetCmd)
    i.RCC_GetClocksFreq                      0x08003388   Section        0  stm32f10x_rcc.o(i.RCC_GetClocksFreq)
    i.SVC_Handler                            0x0800345c   Section        0  stm32f10x_it.o(i.SVC_Handler)
    i.Send_Byte                              0x08003460   Section        0  oled.o(i.Send_Byte)
    i.SetSysClock                            0x080034b4   Section        0  system_stm32f10x.o(i.SetSysClock)
    SetSysClock                              0x080034b5   Thumb Code     8  system_stm32f10x.o(i.SetSysClock)
    i.SetSysClockTo72                        0x080034bc   Section        0  system_stm32f10x.o(i.SetSysClockTo72)
    SetSysClockTo72                          0x080034bd   Thumb Code   214  system_stm32f10x.o(i.SetSysClockTo72)
    i.SysTick_CLKSourceConfig                0x0800359c   Section        0  misc.o(i.SysTick_CLKSourceConfig)
    i.SysTick_Handler                        0x080035c4   Section        0  stm32f10x_it.o(i.SysTick_Handler)
    i.SystemInit                             0x080035cc   Section        0  system_stm32f10x.o(i.SystemInit)
    i.System_Init                            0x0800362c   Section        0  main.o(i.System_Init)
    System_Init                              0x0800362d   Thumb Code    58  main.o(i.System_Init)
    i.TIM3_IRQHandler                        0x08003674   Section        0  stm32f10x_it.o(i.TIM3_IRQHandler)
    i.TIM4_IRQHandler                        0x08003698   Section        0  stm32f10x_it.o(i.TIM4_IRQHandler)
    i.TIM_ARRPreloadConfig                   0x080036b4   Section        0  stm32f10x_tim.o(i.TIM_ARRPreloadConfig)
    i.TIM_ClearITPendingBit                  0x080036cc   Section        0  stm32f10x_tim.o(i.TIM_ClearITPendingBit)
    i.TIM_Cmd                                0x080036d2   Section        0  stm32f10x_tim.o(i.TIM_Cmd)
    i.TIM_GetITStatus                        0x080036ea   Section        0  stm32f10x_tim.o(i.TIM_GetITStatus)
    i.TIM_ITConfig                           0x0800370c   Section        0  stm32f10x_tim.o(i.TIM_ITConfig)
    i.TIM_OC2Init                            0x08003720   Section        0  stm32f10x_tim.o(i.TIM_OC2Init)
    i.TIM_OC2PreloadConfig                   0x080037c4   Section        0  stm32f10x_tim.o(i.TIM_OC2PreloadConfig)
    i.TIM_OC3Init                            0x080037e0   Section        0  stm32f10x_tim.o(i.TIM_OC3Init)
    i.TIM_OC3PreloadConfig                   0x08003880   Section        0  stm32f10x_tim.o(i.TIM_OC3PreloadConfig)
    i.TIM_SetCompare2                        0x08003892   Section        0  stm32f10x_tim.o(i.TIM_SetCompare2)
    i.TIM_SetCompare3                        0x08003896   Section        0  stm32f10x_tim.o(i.TIM_SetCompare3)
    i.TIM_TimeBaseInit                       0x0800389c   Section        0  stm32f10x_tim.o(i.TIM_TimeBaseInit)
    i.Timer_Init                             0x08003940   Section        0  main.o(i.Timer_Init)
    Timer_Init                               0x08003941   Thumb Code   144  main.o(i.Timer_Init)
    i.USART1_IRQHandler                      0x080039d8   Section        0  usart.o(i.USART1_IRQHandler)
    i.USART_Cmd                              0x08003a60   Section        0  stm32f10x_usart.o(i.USART_Cmd)
    i.USART_GetITStatus                      0x08003a78   Section        0  stm32f10x_usart.o(i.USART_GetITStatus)
    i.USART_ITConfig                         0x08003acc   Section        0  stm32f10x_usart.o(i.USART_ITConfig)
    i.USART_Init                             0x08003b18   Section        0  stm32f10x_usart.o(i.USART_Init)
    i.USART_ReceiveData                      0x08003bf0   Section        0  stm32f10x_usart.o(i.USART_ReceiveData)
    i.UsageFault_Handler                     0x08003bfa   Section        0  stm32f10x_it.o(i.UsageFault_Handler)
    i.UserInterface_Process                  0x08003bfe   Section        0  main.o(i.UserInterface_Process)
    UserInterface_Process                    0x08003bff   Thumb Code    12  main.o(i.UserInterface_Process)
    i.__ARM_fpclassify                       0x08003c0a   Section        0  fpclassify.o(i.__ARM_fpclassify)
    i._is_digit                              0x08003c32   Section        0  __printf_wp.o(i._is_digit)
    i._sys_exit                              0x08003c40   Section        0  usart.o(i._sys_exit)
    i.delay_init                             0x08003c44   Section        0  delay.o(i.delay_init)
    i.delay_ms                               0x08003c88   Section        0  delay.o(i.delay_ms)
    i.fputc                                  0x08003cd4   Section        0  usart.o(i.fputc)
    i.main                                   0x08003cf0   Section        0  main.o(i.main)
    i.uart_init                              0x08003dcc   Section        0  usart.o(i.uart_init)
    locale$$code                             0x08003e6c   Section       44  lc_numeric_c.o(locale$$code)
    x$fpl$d2f                                0x08003e98   Section       98  d2f.o(x$fpl$d2f)
    x$fpl$dcmpinf                            0x08003efa   Section       24  dcmpi.o(x$fpl$dcmpinf)
    x$fpl$dfixu                              0x08003f14   Section       90  dfixu.o(x$fpl$dfixu)
    x$fpl$dleqf                              0x08003f70   Section      120  dleqf.o(x$fpl$dleqf)
    x$fpl$dmul                               0x08003fe8   Section      340  dmul.o(x$fpl$dmul)
    x$fpl$dnaninf                            0x0800413c   Section      156  dnaninf.o(x$fpl$dnaninf)
    x$fpl$dretinf                            0x080041d8   Section       12  dretinf.o(x$fpl$dretinf)
    x$fpl$drleqf                             0x080041e4   Section      108  drleqf.o(x$fpl$drleqf)
    x$fpl$f2d                                0x08004250   Section       86  f2d.o(x$fpl$f2d)
    x$fpl$fadd                               0x080042a8   Section      196  faddsub_clz.o(x$fpl$fadd)
    _fadd1                                   0x080042b7   Thumb Code     0  faddsub_clz.o(x$fpl$fadd)
    x$fpl$fcmpinf                            0x0800436c   Section       24  fcmpi.o(x$fpl$fcmpinf)
    x$fpl$fdiv                               0x08004384   Section      388  fdiv.o(x$fpl$fdiv)
    _fdiv1                                   0x08004385   Thumb Code     0  fdiv.o(x$fpl$fdiv)
    x$fpl$ffix                               0x08004508   Section       54  ffix.o(x$fpl$ffix)
    x$fpl$fflt                               0x08004540   Section       48  fflt_clz.o(x$fpl$fflt)
    x$fpl$ffltu                              0x08004570   Section       38  fflt_clz.o(x$fpl$ffltu)
    x$fpl$fleqf                              0x08004598   Section      104  fleqf.o(x$fpl$fleqf)
    x$fpl$fmul                               0x08004600   Section      258  fmul.o(x$fpl$fmul)
    x$fpl$fnaninf                            0x08004702   Section      140  fnaninf.o(x$fpl$fnaninf)
    x$fpl$fretinf                            0x0800478e   Section       10  fretinf.o(x$fpl$fretinf)
    x$fpl$frleqf                             0x08004798   Section       98  frleqf.o(x$fpl$frleqf)
    x$fpl$frsb                               0x080047fa   Section       20  faddsub_clz.o(x$fpl$frsb)
    x$fpl$fsub                               0x08004810   Section      234  faddsub_clz.o(x$fpl$fsub)
    _fsub1                                   0x0800481f   Thumb Code     0  faddsub_clz.o(x$fpl$fsub)
    x$fpl$printf1                            0x080048fa   Section        4  printf1.o(x$fpl$printf1)
    x$fpl$usenofp                            0x080048fe   Section        0  usenofp.o(x$fpl$usenofp)
    .constdata                               0x08004900   Section       20  main.o(.constdata)
    .constdata                               0x08004914   Section     7696  oled.o(.constdata)
    .constdata                               0x08006724   Section      148  bigflt0.o(.constdata)
    tenpwrs_x                                0x08006724   Data          60  bigflt0.o(.constdata)
    tenpwrs_i                                0x08006760   Data          64  bigflt0.o(.constdata)
    locale$$data                             0x080067d8   Section       28  lc_numeric_c.o(locale$$data)
    __lcnum_c_name                           0x080067dc   Data           2  lc_numeric_c.o(locale$$data)
    __lcnum_c_start                          0x080067e4   Data           0  lc_numeric_c.o(locale$$data)
    __lcnum_c_point                          0x080067f0   Data           0  lc_numeric_c.o(locale$$data)
    __lcnum_c_thousands                      0x080067f2   Data           0  lc_numeric_c.o(locale$$data)
    __lcnum_c_grouping                       0x080067f3   Data           0  lc_numeric_c.o(locale$$data)
    __lcnum_c_end                            0x080067f4   Data           0  lc_numeric_c.o(locale$$data)
    .data                                    0x20000000   Section       28  main.o(.data)
    g_systemState                            0x20000000   Data           1  main.o(.data)
    g_workMode                               0x20000001   Data           1  main.o(.data)
    g_targetAngle                            0x20000004   Data           4  main.o(.data)
    g_modeStartTime                          0x20000008   Data           4  main.o(.data)
    g_lastSystemState                        0x2000000c   Data           1  main.o(.data)
    g_lastWorkMode                           0x2000000d   Data           1  main.o(.data)
    g_lastTargetAngle                        0x20000010   Data           4  main.o(.data)
    g_lastCurrentAngle                       0x20000014   Data           4  main.o(.data)
    g_lastElapsedTime                        0x20000018   Data           4  main.o(.data)
    .data                                    0x2000001c   Section       20  system_stm32f10x.o(.data)
    .data                                    0x20000030   Section        4  delay.o(.data)
    fac_us                                   0x20000030   Data           1  delay.o(.data)
    fac_ms                                   0x20000032   Data           2  delay.o(.data)
    .data                                    0x20000034   Section        6  usart.o(.data)
    .data                                    0x2000003a   Section       20  stm32f10x_rcc.o(.data)
    APBAHBPrescTable                         0x2000003a   Data          16  stm32f10x_rcc.o(.data)
    ADCPrescTable                            0x2000004a   Data           4  stm32f10x_rcc.o(.data)
    .data                                    0x2000004e   Section        4  fan_driver.o(.data)
    g_fan_speeds                             0x2000004e   Data           2  fan_driver.o(.data)
    g_fan_directions                         0x20000050   Data           2  fan_driver.o(.data)
    .data                                    0x20000054   Section        4  angle_control.o(.data)
    g_system_time                            0x20000054   Data           4  angle_control.o(.data)
    .bss                                     0x20000058   Section      436  main.o(.bss)
    g_lastDisplayBuf                         0x2000010c   Data         256  main.o(.bss)
    .bss                                     0x2000020c   Section      200  usart.o(.bss)
    .bss                                     0x200002d4   Section       16  angle_sensor.o(.bss)
    adc_buffer                               0x200002d4   Data          16  angle_sensor.o(.bss)
    .bss                                     0x200002e4   Section       36  key.o(.bss)
    key_status                               0x200002e4   Data          36  key.o(.bss)
    .bss                                     0x20000308   Section     1152  oled.o(.bss)
    .bss                                     0x20000788   Section       96  libspace.o(.bss)
    HEAP                                     0x200007e8   Section      512  startup_stm32f10x_hd.o(HEAP)
    Heap_Mem                                 0x200007e8   Data         512  startup_stm32f10x_hd.o(HEAP)
    STACK                                    0x200009e8   Section     1024  startup_stm32f10x_hd.o(STACK)
    Stack_Mem                                0x200009e8   Data        1024  startup_stm32f10x_hd.o(STACK)
    __initial_sp                             0x20000de8   Data           0  startup_stm32f10x_hd.o(STACK)

    Global Symbols

    Symbol Name                              Value     Ov Type        Size  Object(Section)

    BuildAttributes$$THM_ISAv4$P$D$K$B$S$PE$A:L22UL41UL21$X:L11$S22US41US21$IEEE1$IW$USESV6$~STKCKD$USESV7$~SHL$OTIME$ROPI$IEEEJ$EBA8$UX$STANDARDLIB$REQ8$PRES8$EABIv2 0x00000000   Number         0  anon$$obj.o ABSOLUTE
    __ARM_use_no_argv                        0x00000000   Number         0  main.o ABSOLUTE
    _printf_flags                            0x00000000   Number         0  printf_stubs.o ABSOLUTE
    _printf_return_value                     0x00000000   Number         0  printf_stubs.o ABSOLUTE
    _printf_sizespec                         0x00000000   Number         0  printf_stubs.o ABSOLUTE
    _printf_widthprec                        0x00000000   Number         0  printf_stubs.o ABSOLUTE
    __ARM_exceptions_init                     - Undefined Weak Reference
    __alloca_initialize                       - Undefined Weak Reference
    __arm_fini_                               - Undefined Weak Reference
    __arm_preinit_                            - Undefined Weak Reference
    __cpp_initialize__aeabi_                  - Undefined Weak Reference
    __cxa_finalize                            - Undefined Weak Reference
    __sigvec_lookup                           - Undefined Weak Reference
    _atexit_init                              - Undefined Weak Reference
    _call_atexit_fns                          - Undefined Weak Reference
    _clock_init                               - Undefined Weak Reference
    _fp_trap_init                             - Undefined Weak Reference
    _fp_trap_shutdown                         - Undefined Weak Reference
    _get_lc_collate                           - Undefined Weak Reference
    _get_lc_ctype                             - Undefined Weak Reference
    _get_lc_monetary                          - Undefined Weak Reference
    _get_lc_time                              - Undefined Weak Reference
    _getenv_init                              - Undefined Weak Reference
    _handle_redirection                       - Undefined Weak Reference
    _init_alloc                               - Undefined Weak Reference
    _init_user_alloc                          - Undefined Weak Reference
    _initio                                   - Undefined Weak Reference
    _mutex_acquire                            - Undefined Weak Reference
    _mutex_release                            - Undefined Weak Reference
    _printf_post_padding                      - Undefined Weak Reference
    _printf_pre_padding                       - Undefined Weak Reference
    _printf_truncate_signed                   - Undefined Weak Reference
    _printf_truncate_unsigned                 - Undefined Weak Reference
    _rand_init                                - Undefined Weak Reference
    _signal_finish                            - Undefined Weak Reference
    _signal_init                              - Undefined Weak Reference
    _terminate_alloc                          - Undefined Weak Reference
    _terminate_user_alloc                     - Undefined Weak Reference
    _terminateio                              - Undefined Weak Reference
    __Vectors_Size                           0x00000130   Number         0  startup_stm32f10x_hd.o ABSOLUTE
    __Vectors                                0x08000000   Data           4  startup_stm32f10x_hd.o(RESET)
    __Vectors_End                            0x08000130   Data           0  startup_stm32f10x_hd.o(RESET)
    __main                                   0x08000131   Thumb Code     8  __main.o(!!!main)
    __scatterload                            0x08000139   Thumb Code     0  __scatter.o(!!!scatter)
    __scatterload_rt2                        0x08000139   Thumb Code    44  __scatter.o(!!!scatter)
    __scatterload_rt2_thumb_only             0x08000139   Thumb Code     0  __scatter.o(!!!scatter)
    __scatterload_null                       0x08000147   Thumb Code     0  __scatter.o(!!!scatter)
    __scatterload_copy                       0x0800016d   Thumb Code    26  __scatter_copy.o(!!handler_copy)
    __scatterload_zeroinit                   0x08000189   Thumb Code    28  __scatter_zi.o(!!handler_zi)
    _printf_f                                0x080001a5   Thumb Code     0  _printf_f.o(.ARM.Collect$$_printf_percent$$00000003)
    _printf_percent                          0x080001a5   Thumb Code     0  _printf_percent.o(.ARM.Collect$$_printf_percent$$00000000)
    _printf_d                                0x080001ab   Thumb Code     0  _printf_d.o(.ARM.Collect$$_printf_percent$$00000009)
    _printf_percent_end                      0x080001b1   Thumb Code     0  _printf_percent_end.o(.ARM.Collect$$_printf_percent$$00000017)
    __rt_lib_init                            0x080001b5   Thumb Code     0  libinit.o(.ARM.Collect$$libinit$$00000000)
    __rt_lib_init_fp_1                       0x080001b7   Thumb Code     0  libinit2.o(.ARM.Collect$$libinit$$00000002)
    __rt_lib_init_heap_1                     0x080001b7   Thumb Code     0  libinit2.o(.ARM.Collect$$libinit$$0000000A)
    __rt_lib_init_lc_common                  0x080001b7   Thumb Code     0  libinit2.o(.ARM.Collect$$libinit$$0000000F)
    __rt_lib_init_preinit_1                  0x080001b7   Thumb Code     0  libinit2.o(.ARM.Collect$$libinit$$00000004)
    __rt_lib_init_rand_1                     0x080001b7   Thumb Code     0  libinit2.o(.ARM.Collect$$libinit$$0000000E)
    __rt_lib_init_user_alloc_1               0x080001b7   Thumb Code     0  libinit2.o(.ARM.Collect$$libinit$$0000000C)
    __rt_lib_init_lc_collate_1               0x080001bd   Thumb Code     0  libinit2.o(.ARM.Collect$$libinit$$00000011)
    __rt_lib_init_lc_ctype_1                 0x080001bd   Thumb Code     0  libinit2.o(.ARM.Collect$$libinit$$00000013)
    __rt_lib_init_lc_monetary_1              0x080001bd   Thumb Code     0  libinit2.o(.ARM.Collect$$libinit$$00000015)
    __rt_lib_init_lc_numeric_2               0x080001bd   Thumb Code     0  libinit2.o(.ARM.Collect$$libinit$$00000016)
    __rt_lib_init_alloca_1                   0x080001c7   Thumb Code     0  libinit2.o(.ARM.Collect$$libinit$$0000002E)
    __rt_lib_init_argv_1                     0x080001c7   Thumb Code     0  libinit2.o(.ARM.Collect$$libinit$$0000002C)
    __rt_lib_init_atexit_1                   0x080001c7   Thumb Code     0  libinit2.o(.ARM.Collect$$libinit$$0000001B)
    __rt_lib_init_clock_1                    0x080001c7   Thumb Code     0  libinit2.o(.ARM.Collect$$libinit$$00000021)
    __rt_lib_init_cpp_1                      0x080001c7   Thumb Code     0  libinit2.o(.ARM.Collect$$libinit$$00000032)
    __rt_lib_init_exceptions_1               0x080001c7   Thumb Code     0  libinit2.o(.ARM.Collect$$libinit$$00000030)
    __rt_lib_init_fp_trap_1                  0x080001c7   Thumb Code     0  libinit2.o(.ARM.Collect$$libinit$$0000001F)
    __rt_lib_init_getenv_1                   0x080001c7   Thumb Code     0  libinit2.o(.ARM.Collect$$libinit$$00000023)
    __rt_lib_init_lc_numeric_1               0x080001c7   Thumb Code     0  libinit2.o(.ARM.Collect$$libinit$$00000017)
    __rt_lib_init_lc_time_1                  0x080001c7   Thumb Code     0  libinit2.o(.ARM.Collect$$libinit$$00000019)
    __rt_lib_init_return                     0x080001c7   Thumb Code     0  libinit2.o(.ARM.Collect$$libinit$$00000033)
    __rt_lib_init_signal_1                   0x080001c7   Thumb Code     0  libinit2.o(.ARM.Collect$$libinit$$0000001D)
    __rt_lib_init_stdio_1                    0x080001c7   Thumb Code     0  libinit2.o(.ARM.Collect$$libinit$$00000025)
    __rt_lib_shutdown                        0x080001c9   Thumb Code     0  libshutdown.o(.ARM.Collect$$libshutdown$$00000000)
    __rt_lib_shutdown_cpp_1                  0x080001cb   Thumb Code     0  libshutdown2.o(.ARM.Collect$$libshutdown$$00000004)
    __rt_lib_shutdown_fini_1                 0x080001cb   Thumb Code     0  libshutdown2.o(.ARM.Collect$$libshutdown$$00000002)
    __rt_lib_shutdown_fp_trap_1              0x080001cb   Thumb Code     0  libshutdown2.o(.ARM.Collect$$libshutdown$$00000009)
    __rt_lib_shutdown_heap_1                 0x080001cb   Thumb Code     0  libshutdown2.o(.ARM.Collect$$libshutdown$$00000011)
    __rt_lib_shutdown_return                 0x080001cb   Thumb Code     0  libshutdown2.o(.ARM.Collect$$libshutdown$$00000012)
    __rt_lib_shutdown_signal_1               0x080001cb   Thumb Code     0  libshutdown2.o(.ARM.Collect$$libshutdown$$0000000C)
    __rt_lib_shutdown_stdio_1                0x080001cb   Thumb Code     0  libshutdown2.o(.ARM.Collect$$libshutdown$$00000006)
    __rt_lib_shutdown_user_alloc_1           0x080001cb   Thumb Code     0  libshutdown2.o(.ARM.Collect$$libshutdown$$0000000E)
    __rt_entry                               0x080001cd   Thumb Code     0  __rtentry.o(.ARM.Collect$$rtentry$$00000000)
    __rt_entry_presh_1                       0x080001cd   Thumb Code     0  __rtentry2.o(.ARM.Collect$$rtentry$$00000002)
    __rt_entry_sh                            0x080001cd   Thumb Code     0  __rtentry4.o(.ARM.Collect$$rtentry$$00000004)
    __rt_entry_li                            0x080001d3   Thumb Code     0  __rtentry2.o(.ARM.Collect$$rtentry$$0000000A)
    __rt_entry_postsh_1                      0x080001d3   Thumb Code     0  __rtentry2.o(.ARM.Collect$$rtentry$$00000009)
    __rt_entry_main                          0x080001d7   Thumb Code     0  __rtentry2.o(.ARM.Collect$$rtentry$$0000000D)
    __rt_entry_postli_1                      0x080001d7   Thumb Code     0  __rtentry2.o(.ARM.Collect$$rtentry$$0000000C)
    __rt_exit                                0x080001df   Thumb Code     0  rtexit.o(.ARM.Collect$$rtexit$$00000000)
    __rt_exit_ls                             0x080001e1   Thumb Code     0  rtexit2.o(.ARM.Collect$$rtexit$$00000003)
    __rt_exit_prels_1                        0x080001e1   Thumb Code     0  rtexit2.o(.ARM.Collect$$rtexit$$00000002)
    __rt_exit_exit                           0x080001e5   Thumb Code     0  rtexit2.o(.ARM.Collect$$rtexit$$00000004)
    Reset_Handler                            0x080001ed   Thumb Code     8  startup_stm32f10x_hd.o(.text)
    ADC1_2_IRQHandler                        0x08000207   Thumb Code     0  startup_stm32f10x_hd.o(.text)
    ADC3_IRQHandler                          0x08000207   Thumb Code     0  startup_stm32f10x_hd.o(.text)
    CAN1_RX1_IRQHandler                      0x08000207   Thumb Code     0  startup_stm32f10x_hd.o(.text)
    CAN1_SCE_IRQHandler                      0x08000207   Thumb Code     0  startup_stm32f10x_hd.o(.text)
    DMA1_Channel1_IRQHandler                 0x08000207   Thumb Code     0  startup_stm32f10x_hd.o(.text)
    DMA1_Channel2_IRQHandler                 0x08000207   Thumb Code     0  startup_stm32f10x_hd.o(.text)
    DMA1_Channel3_IRQHandler                 0x08000207   Thumb Code     0  startup_stm32f10x_hd.o(.text)
    DMA1_Channel4_IRQHandler                 0x08000207   Thumb Code     0  startup_stm32f10x_hd.o(.text)
    DMA1_Channel5_IRQHandler                 0x08000207   Thumb Code     0  startup_stm32f10x_hd.o(.text)
    DMA1_Channel6_IRQHandler                 0x08000207   Thumb Code     0  startup_stm32f10x_hd.o(.text)
    DMA1_Channel7_IRQHandler                 0x08000207   Thumb Code     0  startup_stm32f10x_hd.o(.text)
    DMA2_Channel1_IRQHandler                 0x08000207   Thumb Code     0  startup_stm32f10x_hd.o(.text)
    DMA2_Channel2_IRQHandler                 0x08000207   Thumb Code     0  startup_stm32f10x_hd.o(.text)
    DMA2_Channel3_IRQHandler                 0x08000207   Thumb Code     0  startup_stm32f10x_hd.o(.text)
    DMA2_Channel4_5_IRQHandler               0x08000207   Thumb Code     0  startup_stm32f10x_hd.o(.text)
    EXTI0_IRQHandler                         0x08000207   Thumb Code     0  startup_stm32f10x_hd.o(.text)
    EXTI15_10_IRQHandler                     0x08000207   Thumb Code     0  startup_stm32f10x_hd.o(.text)
    EXTI1_IRQHandler                         0x08000207   Thumb Code     0  startup_stm32f10x_hd.o(.text)
    EXTI2_IRQHandler                         0x08000207   Thumb Code     0  startup_stm32f10x_hd.o(.text)
    EXTI3_IRQHandler                         0x08000207   Thumb Code     0  startup_stm32f10x_hd.o(.text)
    EXTI4_IRQHandler                         0x08000207   Thumb Code     0  startup_stm32f10x_hd.o(.text)
    EXTI9_5_IRQHandler                       0x08000207   Thumb Code     0  startup_stm32f10x_hd.o(.text)
    FLASH_IRQHandler                         0x08000207   Thumb Code     0  startup_stm32f10x_hd.o(.text)
    FSMC_IRQHandler                          0x08000207   Thumb Code     0  startup_stm32f10x_hd.o(.text)
    I2C1_ER_IRQHandler                       0x08000207   Thumb Code     0  startup_stm32f10x_hd.o(.text)
    I2C1_EV_IRQHandler                       0x08000207   Thumb Code     0  startup_stm32f10x_hd.o(.text)
    I2C2_ER_IRQHandler                       0x08000207   Thumb Code     0  startup_stm32f10x_hd.o(.text)
    I2C2_EV_IRQHandler                       0x08000207   Thumb Code     0  startup_stm32f10x_hd.o(.text)
    PVD_IRQHandler                           0x08000207   Thumb Code     0  startup_stm32f10x_hd.o(.text)
    RCC_IRQHandler                           0x08000207   Thumb Code     0  startup_stm32f10x_hd.o(.text)
    RTCAlarm_IRQHandler                      0x08000207   Thumb Code     0  startup_stm32f10x_hd.o(.text)
    RTC_IRQHandler                           0x08000207   Thumb Code     0  startup_stm32f10x_hd.o(.text)
    SDIO_IRQHandler                          0x08000207   Thumb Code     0  startup_stm32f10x_hd.o(.text)
    SPI1_IRQHandler                          0x08000207   Thumb Code     0  startup_stm32f10x_hd.o(.text)
    SPI2_IRQHandler                          0x08000207   Thumb Code     0  startup_stm32f10x_hd.o(.text)
    SPI3_IRQHandler                          0x08000207   Thumb Code     0  startup_stm32f10x_hd.o(.text)
    TAMPER_IRQHandler                        0x08000207   Thumb Code     0  startup_stm32f10x_hd.o(.text)
    TIM1_BRK_IRQHandler                      0x08000207   Thumb Code     0  startup_stm32f10x_hd.o(.text)
    TIM1_CC_IRQHandler                       0x08000207   Thumb Code     0  startup_stm32f10x_hd.o(.text)
    TIM1_TRG_COM_IRQHandler                  0x08000207   Thumb Code     0  startup_stm32f10x_hd.o(.text)
    TIM1_UP_IRQHandler                       0x08000207   Thumb Code     0  startup_stm32f10x_hd.o(.text)
    TIM2_IRQHandler                          0x08000207   Thumb Code     0  startup_stm32f10x_hd.o(.text)
    TIM5_IRQHandler                          0x08000207   Thumb Code     0  startup_stm32f10x_hd.o(.text)
    TIM6_IRQHandler                          0x08000207   Thumb Code     0  startup_stm32f10x_hd.o(.text)
    TIM7_IRQHandler                          0x08000207   Thumb Code     0  startup_stm32f10x_hd.o(.text)
    TIM8_BRK_IRQHandler                      0x08000207   Thumb Code     0  startup_stm32f10x_hd.o(.text)
    TIM8_CC_IRQHandler                       0x08000207   Thumb Code     0  startup_stm32f10x_hd.o(.text)
    TIM8_TRG_COM_IRQHandler                  0x08000207   Thumb Code     0  startup_stm32f10x_hd.o(.text)
    TIM8_UP_IRQHandler                       0x08000207   Thumb Code     0  startup_stm32f10x_hd.o(.text)
    UART4_IRQHandler                         0x08000207   Thumb Code     0  startup_stm32f10x_hd.o(.text)
    UART5_IRQHandler                         0x08000207   Thumb Code     0  startup_stm32f10x_hd.o(.text)
    USART2_IRQHandler                        0x08000207   Thumb Code     0  startup_stm32f10x_hd.o(.text)
    USART3_IRQHandler                        0x08000207   Thumb Code     0  startup_stm32f10x_hd.o(.text)
    USBWakeUp_IRQHandler                     0x08000207   Thumb Code     0  startup_stm32f10x_hd.o(.text)
    USB_HP_CAN1_TX_IRQHandler                0x08000207   Thumb Code     0  startup_stm32f10x_hd.o(.text)
    USB_LP_CAN1_RX0_IRQHandler               0x08000207   Thumb Code     0  startup_stm32f10x_hd.o(.text)
    WWDG_IRQHandler                          0x08000207   Thumb Code     0  startup_stm32f10x_hd.o(.text)
    __user_initial_stackheap                 0x08000209   Thumb Code     0  startup_stm32f10x_hd.o(.text)
    __use_no_semihosting                     0x0800022d   Thumb Code     2  use_no_semi_2.o(.text)
    __2printf                                0x08000231   Thumb Code    20  noretval__2printf.o(.text)
    __2sprintf                               0x08000249   Thumb Code    34  noretval__2sprintf.o(.text)
    _printf_int_dec                          0x08000271   Thumb Code   104  _printf_dec.o(.text)
    __printf                                 0x080002e9   Thumb Code   270  __printf_wp.o(.text)
    strcpy                                   0x080003f7   Thumb Code    72  strcpy.o(.text)
    __aeabi_memcpy4                          0x0800043f   Thumb Code     0  rt_memcpy_w.o(.text)
    __aeabi_memcpy8                          0x0800043f   Thumb Code     0  rt_memcpy_w.o(.text)
    __rt_memcpy_w                            0x0800043f   Thumb Code   100  rt_memcpy_w.o(.text)
    _memcpy_lastbytes_aligned                0x08000487   Thumb Code     0  rt_memcpy_w.o(.text)
    __aeabi_memclr                           0x080004a3   Thumb Code     0  rt_memclr.o(.text)
    __rt_memclr                              0x080004a3   Thumb Code    68  rt_memclr.o(.text)
    _memset                                  0x080004a7   Thumb Code     0  rt_memclr.o(.text)
    strcmp                                   0x080004e9   Thumb Code   128  strcmpv7m.o(.text)
    __use_two_region_memory                  0x08000569   Thumb Code     2  heapauxi.o(.text)
    __rt_heap_escrow$2region                 0x0800056b   Thumb Code     2  heapauxi.o(.text)
    __rt_heap_expand$2region                 0x0800056d   Thumb Code     2  heapauxi.o(.text)
    __I$use$semihosting                      0x0800056f   Thumb Code     0  use_no_semi.o(.text)
    __use_no_semihosting_swi                 0x0800056f   Thumb Code     2  use_no_semi.o(.text)
    _printf_int_common                       0x08000571   Thumb Code   178  _printf_intcommon.o(.text)
    __lib_sel_fp_printf                      0x08000623   Thumb Code     2  _printf_fp_dec.o(.text)
    _printf_fp_dec_real                      0x080007d5   Thumb Code   620  _printf_fp_dec.o(.text)
    _printf_char_common                      0x08000a4b   Thumb Code    32  _printf_char_common.o(.text)
    _sputc                                   0x08000a71   Thumb Code    10  _sputc.o(.text)
    _printf_char_file                        0x08000a7d   Thumb Code    32  _printf_char_file.o(.text)
    __aeabi_memclr4                          0x08000aa1   Thumb Code     0  rt_memclr_w.o(.text)
    __aeabi_memclr8                          0x08000aa1   Thumb Code     0  rt_memclr_w.o(.text)
    __rt_memclr_w                            0x08000aa1   Thumb Code    78  rt_memclr_w.o(.text)
    _memset_w                                0x08000aa5   Thumb Code     0  rt_memclr_w.o(.text)
    __rt_locale                              0x08000af1   Thumb Code     8  rt_locale_intlibspace.o(.text)
    _ll_udiv10                               0x08000af9   Thumb Code   138  lludiv10.o(.text)
    _printf_fp_infnan                        0x08000b85   Thumb Code   112  _printf_fp_infnan.o(.text)
    _btod_etento                             0x08000c05   Thumb Code   224  bigflt0.o(.text)
    ferror                                   0x08000ce9   Thumb Code     8  ferror.o(.text)
    __user_libspace                          0x08000cf1   Thumb Code     8  libspace.o(.text)
    __user_perproc_libspace                  0x08000cf1   Thumb Code     0  libspace.o(.text)
    __user_perthread_libspace                0x08000cf1   Thumb Code     0  libspace.o(.text)
    __user_setup_stackheap                   0x08000cf9   Thumb Code    74  sys_stackheap_outer.o(.text)
    exit                                     0x08000d43   Thumb Code    18  exit.o(.text)
    _btod_d2e                                0x08000d55   Thumb Code    62  btod.o(CL$$btod_d2e)
    _d2e_denorm_low                          0x08000d93   Thumb Code    70  btod.o(CL$$btod_d2e_denorm_low)
    _d2e_norm_op1                            0x08000dd9   Thumb Code    96  btod.o(CL$$btod_d2e_norm_op1)
    __btod_div_common                        0x08000e39   Thumb Code   696  btod.o(CL$$btod_div_common)
    _e2e                                     0x08001171   Thumb Code   220  btod.o(CL$$btod_e2e)
    _btod_ediv                               0x0800124d   Thumb Code    42  btod.o(CL$$btod_ediv)
    _btod_emul                               0x08001277   Thumb Code    42  btod.o(CL$$btod_emul)
    __btod_mult_common                       0x080012a1   Thumb Code   580  btod.o(CL$$btod_mult_common)
    ADC_Cmd                                  0x080014e5   Thumb Code    22  stm32f10x_adc.o(i.ADC_Cmd)
    ADC_DeInit                               0x080014fd   Thumb Code    78  stm32f10x_adc.o(i.ADC_DeInit)
    ADC_GetCalibrationStatus                 0x08001559   Thumb Code    20  stm32f10x_adc.o(i.ADC_GetCalibrationStatus)
    ADC_GetConversionValue                   0x0800156d   Thumb Code     8  stm32f10x_adc.o(i.ADC_GetConversionValue)
    ADC_GetFlagStatus                        0x08001575   Thumb Code    18  stm32f10x_adc.o(i.ADC_GetFlagStatus)
    ADC_GetResetCalibrationStatus            0x08001587   Thumb Code    20  stm32f10x_adc.o(i.ADC_GetResetCalibrationStatus)
    ADC_Init                                 0x0800159d   Thumb Code    70  stm32f10x_adc.o(i.ADC_Init)
    ADC_RegularChannelConfig                 0x080015ed   Thumb Code   184  stm32f10x_adc.o(i.ADC_RegularChannelConfig)
    ADC_ResetCalibration                     0x080016a5   Thumb Code    10  stm32f10x_adc.o(i.ADC_ResetCalibration)
    ADC_SoftwareStartConvCmd                 0x080016af   Thumb Code    22  stm32f10x_adc.o(i.ADC_SoftwareStartConvCmd)
    ADC_StartCalibration                     0x080016c5   Thumb Code    10  stm32f10x_adc.o(i.ADC_StartCalibration)
    ANGLE_CONTROL_ConfigSequence             0x080016d1   Thumb Code    80  angle_control.o(i.ANGLE_CONTROL_ConfigSequence)
    ANGLE_CONTROL_GetTime                    0x0800174d   Thumb Code     6  angle_control.o(i.ANGLE_CONTROL_GetTime)
    ANGLE_CONTROL_Init                       0x08001759   Thumb Code   116  angle_control.o(i.ANGLE_CONTROL_Init)
    ANGLE_CONTROL_Process                    0x08001811   Thumb Code   208  angle_control.o(i.ANGLE_CONTROL_Process)
    ANGLE_CONTROL_SetMode                    0x08001b59   Thumb Code    42  angle_control.o(i.ANGLE_CONTROL_SetMode)
    ANGLE_CONTROL_SetStableCondition         0x08001ba5   Thumb Code    42  angle_control.o(i.ANGLE_CONTROL_SetStableCondition)
    ANGLE_CONTROL_SetTarget                  0x08001c0d   Thumb Code    76  angle_control.o(i.ANGLE_CONTROL_SetTarget)
    ANGLE_CONTROL_Stop                       0x08001c85   Thumb Code    32  angle_control.o(i.ANGLE_CONTROL_Stop)
    ANGLE_CONTROL_TimeUpdate                 0x08001cbd   Thumb Code    12  angle_control.o(i.ANGLE_CONTROL_TimeUpdate)
    ANGLE_SENSOR_GetAngle                    0x08001cd9   Thumb Code   198  angle_sensor.o(i.ANGLE_SENSOR_GetAngle)
    ANGLE_SENSOR_Init                        0x08001dbd   Thumb Code   154  angle_sensor.o(i.ANGLE_SENSOR_Init)
    BusFault_Handler                         0x08001e61   Thumb Code     4  stm32f10x_it.o(i.BusFault_Handler)
    DebugMon_Handler                         0x08001f29   Thumb Code     2  stm32f10x_it.o(i.DebugMon_Handler)
    DisplayStatus                            0x08001f2d   Thumb Code   544  main.o(i.DisplayStatus)
    FAN_Init                                 0x080022b1   Thumb Code    16  fan_driver.o(i.FAN_Init)
    FAN_SetDirection                         0x080022c1   Thumb Code    78  fan_driver.o(i.FAN_SetDirection)
    FAN_SetSpeed                             0x08002319   Thumb Code    66  fan_driver.o(i.FAN_SetSpeed)
    FAN_Stop                                 0x08002365   Thumb Code    72  fan_driver.o(i.FAN_Stop)
    FAN_StopAll                              0x080023b5   Thumb Code    16  fan_driver.o(i.FAN_StopAll)
    GPIO_Init                                0x08002451   Thumb Code   278  stm32f10x_gpio.o(i.GPIO_Init)
    GPIO_ReadInputDataBit                    0x08002567   Thumb Code    18  stm32f10x_gpio.o(i.GPIO_ReadInputDataBit)
    GPIO_ResetBits                           0x08002579   Thumb Code     4  stm32f10x_gpio.o(i.GPIO_ResetBits)
    GPIO_SetBits                             0x0800257d   Thumb Code     4  stm32f10x_gpio.o(i.GPIO_SetBits)
    HardFault_Handler                        0x08002581   Thumb Code     4  stm32f10x_it.o(i.HardFault_Handler)
    I2C_Start                                0x08002585   Thumb Code    52  oled.o(i.I2C_Start)
    I2C_Stop                                 0x080025c1   Thumb Code    34  oled.o(i.I2C_Stop)
    I2C_WaitAck                              0x080025ed   Thumb Code    44  oled.o(i.I2C_WaitAck)
    IIC_delay                                0x08002621   Thumb Code    16  oled.o(i.IIC_delay)
    KEY_Init                                 0x08002631   Thumb Code   170  key.o(i.KEY_Init)
    KEY_Scan                                 0x08002751   Thumb Code   366  key.o(i.KEY_Scan)
    MemManage_Handler                        0x080028c5   Thumb Code     4  stm32f10x_it.o(i.MemManage_Handler)
    NMI_Handler                              0x080028cb   Thumb Code     2  stm32f10x_it.o(i.NMI_Handler)
    NVIC_Init                                0x080028cd   Thumb Code   100  misc.o(i.NVIC_Init)
    NVIC_PriorityGroupConfig                 0x0800293d   Thumb Code    10  misc.o(i.NVIC_PriorityGroupConfig)
    OLED_Clear                               0x08002951   Thumb Code    42  oled.o(i.OLED_Clear)
    OLED_ColorTurn                           0x08002981   Thumb Code    28  oled.o(i.OLED_ColorTurn)
    OLED_DisplayTurn                         0x0800299d   Thumb Code    44  oled.o(i.OLED_DisplayTurn)
    OLED_DrawPoint                           0x080029c9   Thumb Code   114  oled.o(i.OLED_DrawPoint)
    OLED_Init                                0x08002a41   Thumb Code   368  oled.o(i.OLED_Init)
    OLED_Refresh                             0x08002bbd   Thumb Code   100  oled.o(i.OLED_Refresh)
    OLED_ShowChar                            0x08002c25   Thumb Code   300  oled.o(i.OLED_ShowChar)
    OLED_ShowString                          0x08002d61   Thumb Code    74  oled.o(i.OLED_ShowString)
    OLED_WR_Byte                             0x08002dab   Thumb Code    56  oled.o(i.OLED_WR_Byte)
    PID_Calculate                            0x08002de3   Thumb Code    32  pid_controller.o(i.PID_Calculate)
    PID_Init                                 0x080030e5   Thumb Code    86  pid_controller.o(i.PID_Init)
    PID_Reset                                0x0800314d   Thumb Code    14  pid_controller.o(i.PID_Reset)
    PID_SetOutputLimits                      0x0800315b   Thumb Code    54  pid_controller.o(i.PID_SetOutputLimits)
    PID_SetPoint                             0x08003191   Thumb Code     4  pid_controller.o(i.PID_SetPoint)
    PendSV_Handler                           0x08003195   Thumb Code     2  stm32f10x_it.o(i.PendSV_Handler)
    RCC_APB1PeriphClockCmd                   0x08003329   Thumb Code    26  stm32f10x_rcc.o(i.RCC_APB1PeriphClockCmd)
    RCC_APB2PeriphClockCmd                   0x08003349   Thumb Code    26  stm32f10x_rcc.o(i.RCC_APB2PeriphClockCmd)
    RCC_APB2PeriphResetCmd                   0x08003369   Thumb Code    26  stm32f10x_rcc.o(i.RCC_APB2PeriphResetCmd)
    RCC_GetClocksFreq                        0x08003389   Thumb Code   192  stm32f10x_rcc.o(i.RCC_GetClocksFreq)
    SVC_Handler                              0x0800345d   Thumb Code     2  stm32f10x_it.o(i.SVC_Handler)
    Send_Byte                                0x08003461   Thumb Code    74  oled.o(i.Send_Byte)
    SysTick_CLKSourceConfig                  0x0800359d   Thumb Code    40  misc.o(i.SysTick_CLKSourceConfig)
    SysTick_Handler                          0x080035c5   Thumb Code     8  stm32f10x_it.o(i.SysTick_Handler)
    SystemInit                               0x080035cd   Thumb Code    78  system_stm32f10x.o(i.SystemInit)
    TIM3_IRQHandler                          0x08003675   Thumb Code    28  stm32f10x_it.o(i.TIM3_IRQHandler)
    TIM4_IRQHandler                          0x08003699   Thumb Code    22  stm32f10x_it.o(i.TIM4_IRQHandler)
    TIM_ARRPreloadConfig                     0x080036b5   Thumb Code    24  stm32f10x_tim.o(i.TIM_ARRPreloadConfig)
    TIM_ClearITPendingBit                    0x080036cd   Thumb Code     6  stm32f10x_tim.o(i.TIM_ClearITPendingBit)
    TIM_Cmd                                  0x080036d3   Thumb Code    24  stm32f10x_tim.o(i.TIM_Cmd)
    TIM_GetITStatus                          0x080036eb   Thumb Code    34  stm32f10x_tim.o(i.TIM_GetITStatus)
    TIM_ITConfig                             0x0800370d   Thumb Code    18  stm32f10x_tim.o(i.TIM_ITConfig)
    TIM_OC2Init                              0x08003721   Thumb Code   154  stm32f10x_tim.o(i.TIM_OC2Init)
    TIM_OC2PreloadConfig                     0x080037c5   Thumb Code    26  stm32f10x_tim.o(i.TIM_OC2PreloadConfig)
    TIM_OC3Init                              0x080037e1   Thumb Code   150  stm32f10x_tim.o(i.TIM_OC3Init)
    TIM_OC3PreloadConfig                     0x08003881   Thumb Code    18  stm32f10x_tim.o(i.TIM_OC3PreloadConfig)
    TIM_SetCompare2                          0x08003893   Thumb Code     4  stm32f10x_tim.o(i.TIM_SetCompare2)
    TIM_SetCompare3                          0x08003897   Thumb Code     4  stm32f10x_tim.o(i.TIM_SetCompare3)
    TIM_TimeBaseInit                         0x0800389d   Thumb Code   122  stm32f10x_tim.o(i.TIM_TimeBaseInit)
    USART1_IRQHandler                        0x080039d9   Thumb Code   122  usart.o(i.USART1_IRQHandler)
    USART_Cmd                                0x08003a61   Thumb Code    24  stm32f10x_usart.o(i.USART_Cmd)
    USART_GetITStatus                        0x08003a79   Thumb Code    84  stm32f10x_usart.o(i.USART_GetITStatus)
    USART_ITConfig                           0x08003acd   Thumb Code    74  stm32f10x_usart.o(i.USART_ITConfig)
    USART_Init                               0x08003b19   Thumb Code   210  stm32f10x_usart.o(i.USART_Init)
    USART_ReceiveData                        0x08003bf1   Thumb Code    10  stm32f10x_usart.o(i.USART_ReceiveData)
    UsageFault_Handler                       0x08003bfb   Thumb Code     4  stm32f10x_it.o(i.UsageFault_Handler)
    __ARM_fpclassify                         0x08003c0b   Thumb Code    40  fpclassify.o(i.__ARM_fpclassify)
    _is_digit                                0x08003c33   Thumb Code    14  __printf_wp.o(i._is_digit)
    _sys_exit                                0x08003c41   Thumb Code     4  usart.o(i._sys_exit)
    delay_init                               0x08003c45   Thumb Code    50  delay.o(i.delay_init)
    delay_ms                                 0x08003c89   Thumb Code    72  delay.o(i.delay_ms)
    fputc                                    0x08003cd5   Thumb Code    24  usart.o(i.fputc)
    main                                     0x08003cf1   Thumb Code   126  main.o(i.main)
    uart_init                                0x08003dcd   Thumb Code   152  usart.o(i.uart_init)
    _get_lc_numeric                          0x08003e6d   Thumb Code    44  lc_numeric_c.o(locale$$code)
    __aeabi_d2f                              0x08003e99   Thumb Code     0  d2f.o(x$fpl$d2f)
    _d2f                                     0x08003e99   Thumb Code    98  d2f.o(x$fpl$d2f)
    __fpl_dcmp_Inf                           0x08003efb   Thumb Code    24  dcmpi.o(x$fpl$dcmpinf)
    __aeabi_d2uiz                            0x08003f15   Thumb Code     0  dfixu.o(x$fpl$dfixu)
    _dfixu                                   0x08003f15   Thumb Code    90  dfixu.o(x$fpl$dfixu)
    __aeabi_cdcmple                          0x08003f71   Thumb Code     0  dleqf.o(x$fpl$dleqf)
    _dcmple                                  0x08003f71   Thumb Code   120  dleqf.o(x$fpl$dleqf)
    __fpl_dcmple_InfNaN                      0x08003fd3   Thumb Code     0  dleqf.o(x$fpl$dleqf)
    __aeabi_dmul                             0x08003fe9   Thumb Code     0  dmul.o(x$fpl$dmul)
    _dmul                                    0x08003fe9   Thumb Code   332  dmul.o(x$fpl$dmul)
    __fpl_dnaninf                            0x0800413d   Thumb Code   156  dnaninf.o(x$fpl$dnaninf)
    __fpl_dretinf                            0x080041d9   Thumb Code    12  dretinf.o(x$fpl$dretinf)
    __aeabi_cdrcmple                         0x080041e5   Thumb Code     0  drleqf.o(x$fpl$drleqf)
    _drcmple                                 0x080041e5   Thumb Code   108  drleqf.o(x$fpl$drleqf)
    __aeabi_f2d                              0x08004251   Thumb Code     0  f2d.o(x$fpl$f2d)
    _f2d                                     0x08004251   Thumb Code    86  f2d.o(x$fpl$f2d)
    __aeabi_fadd                             0x080042a9   Thumb Code     0  faddsub_clz.o(x$fpl$fadd)
    _fadd                                    0x080042a9   Thumb Code   196  faddsub_clz.o(x$fpl$fadd)
    __fpl_fcmp_Inf                           0x0800436d   Thumb Code    24  fcmpi.o(x$fpl$fcmpinf)
    __aeabi_fdiv                             0x08004385   Thumb Code     0  fdiv.o(x$fpl$fdiv)
    _fdiv                                    0x08004385   Thumb Code   384  fdiv.o(x$fpl$fdiv)
    __aeabi_f2iz                             0x08004509   Thumb Code     0  ffix.o(x$fpl$ffix)
    _ffix                                    0x08004509   Thumb Code    54  ffix.o(x$fpl$ffix)
    __aeabi_i2f                              0x08004541   Thumb Code     0  fflt_clz.o(x$fpl$fflt)
    _fflt                                    0x08004541   Thumb Code    48  fflt_clz.o(x$fpl$fflt)
    __aeabi_ui2f                             0x08004571   Thumb Code     0  fflt_clz.o(x$fpl$ffltu)
    _ffltu                                   0x08004571   Thumb Code    38  fflt_clz.o(x$fpl$ffltu)
    __aeabi_cfcmple                          0x08004599   Thumb Code     0  fleqf.o(x$fpl$fleqf)
    _fcmple                                  0x08004599   Thumb Code   104  fleqf.o(x$fpl$fleqf)
    __fpl_fcmple_InfNaN                      0x080045eb   Thumb Code     0  fleqf.o(x$fpl$fleqf)
    __aeabi_fmul                             0x08004601   Thumb Code     0  fmul.o(x$fpl$fmul)
    _fmul                                    0x08004601   Thumb Code   258  fmul.o(x$fpl$fmul)
    __fpl_fnaninf                            0x08004703   Thumb Code   140  fnaninf.o(x$fpl$fnaninf)
    __fpl_fretinf                            0x0800478f   Thumb Code    10  fretinf.o(x$fpl$fretinf)
    __aeabi_cfrcmple                         0x08004799   Thumb Code     0  frleqf.o(x$fpl$frleqf)
    _frcmple                                 0x08004799   Thumb Code    98  frleqf.o(x$fpl$frleqf)
    __aeabi_frsub                            0x080047fb   Thumb Code     0  faddsub_clz.o(x$fpl$frsb)
    _frsb                                    0x080047fb   Thumb Code    20  faddsub_clz.o(x$fpl$frsb)
    __aeabi_fsub                             0x08004811   Thumb Code     0  faddsub_clz.o(x$fpl$fsub)
    _fsub                                    0x08004811   Thumb Code   234  faddsub_clz.o(x$fpl$fsub)
    _printf_fp_dec                           0x080048fb   Thumb Code     4  printf1.o(x$fpl$printf1)
    __I$use$fp                               0x080048fe   Number         0  usenofp.o(x$fpl$usenofp)
    asc2_0806                                0x08004914   Data         552  oled.o(.constdata)
    asc2_1206                                0x08004b3c   Data        1140  oled.o(.constdata)
    asc2_1608                                0x08004fb0   Data        1520  oled.o(.constdata)
    asc2_2412                                0x080055a0   Data        3420  oled.o(.constdata)
    Hzk1                                     0x080062fc   Data         352  oled.o(.constdata)
    Hzk2                                     0x0800645c   Data          72  oled.o(.constdata)
    Hzk3                                     0x080064a4   Data         128  oled.o(.constdata)
    Hzk4                                     0x08006524   Data         512  oled.o(.constdata)
    Region$$Table$$Base                      0x080067b8   Number         0  anon$$obj.o(Region$$Table)
    Region$$Table$$Limit                     0x080067d8   Number         0  anon$$obj.o(Region$$Table)
    SystemCoreClock                          0x2000001c   Data           4  system_stm32f10x.o(.data)
    AHBPrescTable                            0x20000020   Data          16  system_stm32f10x.o(.data)
    __stdout                                 0x20000034   Data           4  usart.o(.data)
    USART_RX_STA                             0x20000038   Data           2  usart.o(.data)
    g_angle_control                          0x20000058   Data         180  main.o(.bss)
    USART_RX_BUF                             0x2000020c   Data         200  usart.o(.bss)
    OLED_GRAM                                0x20000308   Data        1152  oled.o(.bss)
    __libspace_start                         0x20000788   Data          96  libspace.o(.bss)
    __temporary_stack_top$libspace           0x200007e8   Data           0  libspace.o(.bss)



==============================================================================

Memory Map of the image

  Image Entry point : 0x080001ed

  Load Region LR_1 (Base: 0x08000000, Size: 0x0000684c, Max: 0xffffffff, ABSOLUTE)

    Execution Region ER_RO (Exec base: 0x08000000, Load base: 0x08000000, Size: 0x000067f4, Max: 0xffffffff, ABSOLUTE)

    Exec Addr    Load Addr    Size         Type   Attr      Idx    E Section Name        Object

    0x08000000   0x08000000   0x00000130   Data   RO          428    RESET               startup_stm32f10x_hd.o
    0x08000130   0x08000130   0x00000008   Code   RO         3937  * !!!main             c_w.l(__main.o)
    0x08000138   0x08000138   0x00000034   Code   RO         4209    !!!scatter          c_w.l(__scatter.o)
    0x0800016c   0x0800016c   0x0000001a   Code   RO         4211    !!handler_copy      c_w.l(__scatter_copy.o)
    0x08000186   0x08000186   0x00000002   PAD
    0x08000188   0x08000188   0x0000001c   Code   RO         4213    !!handler_zi        c_w.l(__scatter_zi.o)
    0x080001a4   0x080001a4   0x00000000   Code   RO         3926    .ARM.Collect$$_printf_percent$$00000000  c_w.l(_printf_percent.o)
    0x080001a4   0x080001a4   0x00000006   Code   RO         3925    .ARM.Collect$$_printf_percent$$00000003  c_w.l(_printf_f.o)
    0x080001aa   0x080001aa   0x00000006   Code   RO         3924    .ARM.Collect$$_printf_percent$$00000009  c_w.l(_printf_d.o)
    0x080001b0   0x080001b0   0x00000004   Code   RO         3994    .ARM.Collect$$_printf_percent$$00000017  c_w.l(_printf_percent_end.o)
    0x080001b4   0x080001b4   0x00000002   Code   RO         4084    .ARM.Collect$$libinit$$00000000  c_w.l(libinit.o)
    0x080001b6   0x080001b6   0x00000000   Code   RO         4086    .ARM.Collect$$libinit$$00000002  c_w.l(libinit2.o)
    0x080001b6   0x080001b6   0x00000000   Code   RO         4088    .ARM.Collect$$libinit$$00000004  c_w.l(libinit2.o)
    0x080001b6   0x080001b6   0x00000000   Code   RO         4091    .ARM.Collect$$libinit$$0000000A  c_w.l(libinit2.o)
    0x080001b6   0x080001b6   0x00000000   Code   RO         4093    .ARM.Collect$$libinit$$0000000C  c_w.l(libinit2.o)
    0x080001b6   0x080001b6   0x00000000   Code   RO         4095    .ARM.Collect$$libinit$$0000000E  c_w.l(libinit2.o)
    0x080001b6   0x080001b6   0x00000006   Code   RO         4096    .ARM.Collect$$libinit$$0000000F  c_w.l(libinit2.o)
    0x080001bc   0x080001bc   0x00000000   Code   RO         4098    .ARM.Collect$$libinit$$00000011  c_w.l(libinit2.o)
    0x080001bc   0x080001bc   0x00000000   Code   RO         4100    .ARM.Collect$$libinit$$00000013  c_w.l(libinit2.o)
    0x080001bc   0x080001bc   0x00000000   Code   RO         4102    .ARM.Collect$$libinit$$00000015  c_w.l(libinit2.o)
    0x080001bc   0x080001bc   0x0000000a   Code   RO         4103    .ARM.Collect$$libinit$$00000016  c_w.l(libinit2.o)
    0x080001c6   0x080001c6   0x00000000   Code   RO         4104    .ARM.Collect$$libinit$$00000017  c_w.l(libinit2.o)
    0x080001c6   0x080001c6   0x00000000   Code   RO         4106    .ARM.Collect$$libinit$$00000019  c_w.l(libinit2.o)
    0x080001c6   0x080001c6   0x00000000   Code   RO         4108    .ARM.Collect$$libinit$$0000001B  c_w.l(libinit2.o)
    0x080001c6   0x080001c6   0x00000000   Code   RO         4110    .ARM.Collect$$libinit$$0000001D  c_w.l(libinit2.o)
    0x080001c6   0x080001c6   0x00000000   Code   RO         4112    .ARM.Collect$$libinit$$0000001F  c_w.l(libinit2.o)
    0x080001c6   0x080001c6   0x00000000   Code   RO         4114    .ARM.Collect$$libinit$$00000021  c_w.l(libinit2.o)
    0x080001c6   0x080001c6   0x00000000   Code   RO         4116    .ARM.Collect$$libinit$$00000023  c_w.l(libinit2.o)
    0x080001c6   0x080001c6   0x00000000   Code   RO         4118    .ARM.Collect$$libinit$$00000025  c_w.l(libinit2.o)
    0x080001c6   0x080001c6   0x00000000   Code   RO         4122    .ARM.Collect$$libinit$$0000002C  c_w.l(libinit2.o)
    0x080001c6   0x080001c6   0x00000000   Code   RO         4124    .ARM.Collect$$libinit$$0000002E  c_w.l(libinit2.o)
    0x080001c6   0x080001c6   0x00000000   Code   RO         4126    .ARM.Collect$$libinit$$00000030  c_w.l(libinit2.o)
    0x080001c6   0x080001c6   0x00000000   Code   RO         4128    .ARM.Collect$$libinit$$00000032  c_w.l(libinit2.o)
    0x080001c6   0x080001c6   0x00000002   Code   RO         4129    .ARM.Collect$$libinit$$00000033  c_w.l(libinit2.o)
    0x080001c8   0x080001c8   0x00000002   Code   RO         4157    .ARM.Collect$$libshutdown$$00000000  c_w.l(libshutdown.o)
    0x080001ca   0x080001ca   0x00000000   Code   RO         4166    .ARM.Collect$$libshutdown$$00000002  c_w.l(libshutdown2.o)
    0x080001ca   0x080001ca   0x00000000   Code   RO         4168    .ARM.Collect$$libshutdown$$00000004  c_w.l(libshutdown2.o)
    0x080001ca   0x080001ca   0x00000000   Code   RO         4170    .ARM.Collect$$libshutdown$$00000006  c_w.l(libshutdown2.o)
    0x080001ca   0x080001ca   0x00000000   Code   RO         4173    .ARM.Collect$$libshutdown$$00000009  c_w.l(libshutdown2.o)
    0x080001ca   0x080001ca   0x00000000   Code   RO         4176    .ARM.Collect$$libshutdown$$0000000C  c_w.l(libshutdown2.o)
    0x080001ca   0x080001ca   0x00000000   Code   RO         4178    .ARM.Collect$$libshutdown$$0000000E  c_w.l(libshutdown2.o)
    0x080001ca   0x080001ca   0x00000000   Code   RO         4181    .ARM.Collect$$libshutdown$$00000011  c_w.l(libshutdown2.o)
    0x080001ca   0x080001ca   0x00000002   Code   RO         4182    .ARM.Collect$$libshutdown$$00000012  c_w.l(libshutdown2.o)
    0x080001cc   0x080001cc   0x00000000   Code   RO         3983    .ARM.Collect$$rtentry$$00000000  c_w.l(__rtentry.o)
    0x080001cc   0x080001cc   0x00000000   Code   RO         4011    .ARM.Collect$$rtentry$$00000002  c_w.l(__rtentry2.o)
    0x080001cc   0x080001cc   0x00000006   Code   RO         4023    .ARM.Collect$$rtentry$$00000004  c_w.l(__rtentry4.o)
    0x080001d2   0x080001d2   0x00000000   Code   RO         4013    .ARM.Collect$$rtentry$$00000009  c_w.l(__rtentry2.o)
    0x080001d2   0x080001d2   0x00000004   Code   RO         4014    .ARM.Collect$$rtentry$$0000000A  c_w.l(__rtentry2.o)
    0x080001d6   0x080001d6   0x00000000   Code   RO         4016    .ARM.Collect$$rtentry$$0000000C  c_w.l(__rtentry2.o)
    0x080001d6   0x080001d6   0x00000008   Code   RO         4017    .ARM.Collect$$rtentry$$0000000D  c_w.l(__rtentry2.o)
    0x080001de   0x080001de   0x00000002   Code   RO         4130    .ARM.Collect$$rtexit$$00000000  c_w.l(rtexit.o)
    0x080001e0   0x080001e0   0x00000000   Code   RO         4137    .ARM.Collect$$rtexit$$00000002  c_w.l(rtexit2.o)
    0x080001e0   0x080001e0   0x00000004   Code   RO         4138    .ARM.Collect$$rtexit$$00000003  c_w.l(rtexit2.o)
    0x080001e4   0x080001e4   0x00000006   Code   RO         4139    .ARM.Collect$$rtexit$$00000004  c_w.l(rtexit2.o)
    0x080001ea   0x080001ea   0x00000002   PAD
    0x080001ec   0x080001ec   0x00000040   Code   RO          429  * .text               startup_stm32f10x_hd.o
    0x0800022c   0x0800022c   0x00000002   Code   RO         3890    .text               c_w.l(use_no_semi_2.o)
    0x0800022e   0x0800022e   0x00000002   PAD
    0x08000230   0x08000230   0x00000018   Code   RO         3896    .text               c_w.l(noretval__2printf.o)
    0x08000248   0x08000248   0x00000028   Code   RO         3898    .text               c_w.l(noretval__2sprintf.o)
    0x08000270   0x08000270   0x00000078   Code   RO         3902    .text               c_w.l(_printf_dec.o)
    0x080002e8   0x080002e8   0x0000010e   Code   RO         3912    .text               c_w.l(__printf_wp.o)
    0x080003f6   0x080003f6   0x00000048   Code   RO         3927    .text               c_w.l(strcpy.o)
    0x0800043e   0x0800043e   0x00000064   Code   RO         3929    .text               c_w.l(rt_memcpy_w.o)
    0x080004a2   0x080004a2   0x00000044   Code   RO         3931    .text               c_w.l(rt_memclr.o)
    0x080004e6   0x080004e6   0x00000002   PAD
    0x080004e8   0x080004e8   0x00000080   Code   RO         3933    .text               c_w.l(strcmpv7m.o)
    0x08000568   0x08000568   0x00000006   Code   RO         3935    .text               c_w.l(heapauxi.o)
    0x0800056e   0x0800056e   0x00000002   Code   RO         3981    .text               c_w.l(use_no_semi.o)
    0x08000570   0x08000570   0x000000b2   Code   RO         3984    .text               c_w.l(_printf_intcommon.o)
    0x08000622   0x08000622   0x0000041e   Code   RO         3986    .text               c_w.l(_printf_fp_dec.o)
    0x08000a40   0x08000a40   0x00000030   Code   RO         3988    .text               c_w.l(_printf_char_common.o)
    0x08000a70   0x08000a70   0x0000000a   Code   RO         3990    .text               c_w.l(_sputc.o)
    0x08000a7a   0x08000a7a   0x00000002   PAD
    0x08000a7c   0x08000a7c   0x00000024   Code   RO         3992    .text               c_w.l(_printf_char_file.o)
    0x08000aa0   0x08000aa0   0x0000004e   Code   RO         3995    .text               c_w.l(rt_memclr_w.o)
    0x08000aee   0x08000aee   0x00000002   PAD
    0x08000af0   0x08000af0   0x00000008   Code   RO         4028    .text               c_w.l(rt_locale_intlibspace.o)
    0x08000af8   0x08000af8   0x0000008a   Code   RO         4030    .text               c_w.l(lludiv10.o)
    0x08000b82   0x08000b82   0x00000002   PAD
    0x08000b84   0x08000b84   0x00000080   Code   RO         4032    .text               c_w.l(_printf_fp_infnan.o)
    0x08000c04   0x08000c04   0x000000e4   Code   RO         4036    .text               c_w.l(bigflt0.o)
    0x08000ce8   0x08000ce8   0x00000008   Code   RO         4061    .text               c_w.l(ferror.o)
    0x08000cf0   0x08000cf0   0x00000008   Code   RO         4072    .text               c_w.l(libspace.o)
    0x08000cf8   0x08000cf8   0x0000004a   Code   RO         4075    .text               c_w.l(sys_stackheap_outer.o)
    0x08000d42   0x08000d42   0x00000012   Code   RO         4077    .text               c_w.l(exit.o)
    0x08000d54   0x08000d54   0x0000003e   Code   RO         4039    CL$$btod_d2e        c_w.l(btod.o)
    0x08000d92   0x08000d92   0x00000046   Code   RO         4041    CL$$btod_d2e_denorm_low  c_w.l(btod.o)
    0x08000dd8   0x08000dd8   0x00000060   Code   RO         4040    CL$$btod_d2e_norm_op1  c_w.l(btod.o)
    0x08000e38   0x08000e38   0x00000338   Code   RO         4049    CL$$btod_div_common  c_w.l(btod.o)
    0x08001170   0x08001170   0x000000dc   Code   RO         4046    CL$$btod_e2e        c_w.l(btod.o)
    0x0800124c   0x0800124c   0x0000002a   Code   RO         4043    CL$$btod_ediv       c_w.l(btod.o)
    0x08001276   0x08001276   0x0000002a   Code   RO         4042    CL$$btod_emul       c_w.l(btod.o)
    0x080012a0   0x080012a0   0x00000244   Code   RO         4048    CL$$btod_mult_common  c_w.l(btod.o)
    0x080014e4   0x080014e4   0x00000016   Code   RO          475    i.ADC_Cmd           stm32f10x_adc.o
    0x080014fa   0x080014fa   0x00000002   PAD
    0x080014fc   0x080014fc   0x0000005c   Code   RO          477    i.ADC_DeInit        stm32f10x_adc.o
    0x08001558   0x08001558   0x00000014   Code   RO          483    i.ADC_GetCalibrationStatus  stm32f10x_adc.o
    0x0800156c   0x0800156c   0x00000008   Code   RO          484    i.ADC_GetConversionValue  stm32f10x_adc.o
    0x08001574   0x08001574   0x00000012   Code   RO          486    i.ADC_GetFlagStatus  stm32f10x_adc.o
    0x08001586   0x08001586   0x00000014   Code   RO          489    i.ADC_GetResetCalibrationStatus  stm32f10x_adc.o
    0x0800159a   0x0800159a   0x00000002   PAD
    0x0800159c   0x0800159c   0x00000050   Code   RO          493    i.ADC_Init          stm32f10x_adc.o
    0x080015ec   0x080015ec   0x000000b8   Code   RO          497    i.ADC_RegularChannelConfig  stm32f10x_adc.o
    0x080016a4   0x080016a4   0x0000000a   Code   RO          498    i.ADC_ResetCalibration  stm32f10x_adc.o
    0x080016ae   0x080016ae   0x00000016   Code   RO          500    i.ADC_SoftwareStartConvCmd  stm32f10x_adc.o
    0x080016c4   0x080016c4   0x0000000a   Code   RO          502    i.ADC_StartCalibration  stm32f10x_adc.o
    0x080016ce   0x080016ce   0x00000002   PAD
    0x080016d0   0x080016d0   0x0000007c   Code   RO         3688    i.ANGLE_CONTROL_ConfigSequence  angle_control.o
    0x0800174c   0x0800174c   0x0000000c   Code   RO         3689    i.ANGLE_CONTROL_GetTime  angle_control.o
    0x08001758   0x08001758   0x000000b8   Code   RO         3690    i.ANGLE_CONTROL_Init  angle_control.o
    0x08001810   0x08001810   0x000000f0   Code   RO         3692    i.ANGLE_CONTROL_Process  angle_control.o
    0x08001900   0x08001900   0x0000008c   Code   RO         3693    i.ANGLE_CONTROL_ProcessDualFan  angle_control.o
    0x0800198c   0x0800198c   0x00000148   Code   RO         3694    i.ANGLE_CONTROL_ProcessSequence  angle_control.o
    0x08001ad4   0x08001ad4   0x00000082   Code   RO         3695    i.ANGLE_CONTROL_ProcessSingleFan  angle_control.o
    0x08001b56   0x08001b56   0x00000002   PAD
    0x08001b58   0x08001b58   0x0000004c   Code   RO         3697    i.ANGLE_CONTROL_SetMode  angle_control.o
    0x08001ba4   0x08001ba4   0x00000068   Code   RO         3699    i.ANGLE_CONTROL_SetStableCondition  angle_control.o
    0x08001c0c   0x08001c0c   0x00000078   Code   RO         3700    i.ANGLE_CONTROL_SetTarget  angle_control.o
    0x08001c84   0x08001c84   0x00000038   Code   RO         3702    i.ANGLE_CONTROL_Stop  angle_control.o
    0x08001cbc   0x08001cbc   0x00000010   Code   RO         3703    i.ANGLE_CONTROL_TimeUpdate  angle_control.o
    0x08001ccc   0x08001ccc   0x0000000c   Code   RO         3704    i.ANGLE_CONTROL_UpdateTime  angle_control.o
    0x08001cd8   0x08001cd8   0x000000e4   Code   RO         3400    i.ANGLE_SENSOR_GetAngle  angle_sensor.o
    0x08001dbc   0x08001dbc   0x000000a4   Code   RO         3401    i.ANGLE_SENSOR_Init  angle_sensor.o
    0x08001e60   0x08001e60   0x00000004   Code   RO          184    i.BusFault_Handler  stm32f10x_it.o
    0x08001e64   0x08001e64   0x000000c4   Code   RO            1    i.ConfigureControlMode  main.o
    0x08001f28   0x08001f28   0x00000002   Code   RO          185    i.DebugMon_Handler  stm32f10x_it.o
    0x08001f2a   0x08001f2a   0x00000002   PAD
    0x08001f2c   0x08001f2c   0x000002e8   Code   RO            2    i.DisplayStatus     main.o
    0x08002214   0x08002214   0x0000009c   Code   RO         3422    i.FAN_GPIO_Config   fan_driver.o
    0x080022b0   0x080022b0   0x00000010   Code   RO         3423    i.FAN_Init          fan_driver.o
    0x080022c0   0x080022c0   0x00000058   Code   RO         3424    i.FAN_SetDirection  fan_driver.o
    0x08002318   0x08002318   0x0000004c   Code   RO         3426    i.FAN_SetSpeed      fan_driver.o
    0x08002364   0x08002364   0x00000050   Code   RO         3429    i.FAN_Stop          fan_driver.o
    0x080023b4   0x080023b4   0x00000010   Code   RO         3430    i.FAN_StopAll       fan_driver.o
    0x080023c4   0x080023c4   0x0000008c   Code   RO         3431    i.FAN_TIM_Config    fan_driver.o
    0x08002450   0x08002450   0x00000116   Code   RO         1584    i.GPIO_Init         stm32f10x_gpio.o
    0x08002566   0x08002566   0x00000012   Code   RO         1588    i.GPIO_ReadInputDataBit  stm32f10x_gpio.o
    0x08002578   0x08002578   0x00000004   Code   RO         1591    i.GPIO_ResetBits    stm32f10x_gpio.o
    0x0800257c   0x0800257c   0x00000004   Code   RO         1592    i.GPIO_SetBits      stm32f10x_gpio.o
    0x08002580   0x08002580   0x00000004   Code   RO          186    i.HardFault_Handler  stm32f10x_it.o
    0x08002584   0x08002584   0x0000003c   Code   RO         3534    i.I2C_Start         oled.o
    0x080025c0   0x080025c0   0x0000002c   Code   RO         3535    i.I2C_Stop          oled.o
    0x080025ec   0x080025ec   0x00000034   Code   RO         3536    i.I2C_WaitAck       oled.o
    0x08002620   0x08002620   0x00000010   Code   RO         3537    i.IIC_delay         oled.o
    0x08002630   0x08002630   0x000000bc   Code   RO         3489    i.KEY_Init          key.o
    0x080026ec   0x080026ec   0x00000064   Code   RO         3491    i.KEY_ReadPin       key.o
    0x08002750   0x08002750   0x00000174   Code   RO         3493    i.KEY_Scan          key.o
    0x080028c4   0x080028c4   0x00000004   Code   RO          187    i.MemManage_Handler  stm32f10x_it.o
    0x080028c8   0x080028c8   0x00000002   Code   RO            3    i.MenuManager       main.o
    0x080028ca   0x080028ca   0x00000002   Code   RO          188    i.NMI_Handler       stm32f10x_it.o
    0x080028cc   0x080028cc   0x00000070   Code   RO          433    i.NVIC_Init         misc.o
    0x0800293c   0x0800293c   0x00000014   Code   RO          434    i.NVIC_PriorityGroupConfig  misc.o
    0x08002950   0x08002950   0x00000030   Code   RO         3538    i.OLED_Clear        oled.o
    0x08002980   0x08002980   0x0000001c   Code   RO         3539    i.OLED_ColorTurn    oled.o
    0x0800299c   0x0800299c   0x0000002c   Code   RO         3542    i.OLED_DisplayTurn  oled.o
    0x080029c8   0x080029c8   0x00000078   Code   RO         3545    i.OLED_DrawPoint    oled.o
    0x08002a40   0x08002a40   0x0000017c   Code   RO         3546    i.OLED_Init         oled.o
    0x08002bbc   0x08002bbc   0x00000068   Code   RO         3548    i.OLED_Refresh      oled.o
    0x08002c24   0x08002c24   0x0000013c   Code   RO         3550    i.OLED_ShowChar     oled.o
    0x08002d60   0x08002d60   0x0000004a   Code   RO         3554    i.OLED_ShowString   oled.o
    0x08002daa   0x08002daa   0x00000038   Code   RO         3555    i.OLED_WR_Byte      oled.o
    0x08002de2   0x08002de2   0x00000020   Code   RO         3794    i.PID_Calculate     pid_controller.o
    0x08002e02   0x08002e02   0x00000138   Code   RO         3795    i.PID_CalculateIncremental  pid_controller.o
    0x08002f3a   0x08002f3a   0x000001aa   Code   RO         3796    i.PID_CalculatePosition  pid_controller.o
    0x080030e4   0x080030e4   0x00000068   Code   RO         3801    i.PID_Init          pid_controller.o
    0x0800314c   0x0800314c   0x0000000e   Code   RO         3802    i.PID_Reset         pid_controller.o
    0x0800315a   0x0800315a   0x00000036   Code   RO         3806    i.PID_SetOutputLimits  pid_controller.o
    0x08003190   0x08003190   0x00000004   Code   RO         3807    i.PID_SetPoint      pid_controller.o
    0x08003194   0x08003194   0x00000002   Code   RO          189    i.PendSV_Handler    stm32f10x_it.o
    0x08003196   0x08003196   0x00000002   PAD
    0x08003198   0x08003198   0x00000190   Code   RO            4    i.ProcessKeys       main.o
    0x08003328   0x08003328   0x00000020   Code   RO         2000    i.RCC_APB1PeriphClockCmd  stm32f10x_rcc.o
    0x08003348   0x08003348   0x00000020   Code   RO         2002    i.RCC_APB2PeriphClockCmd  stm32f10x_rcc.o
    0x08003368   0x08003368   0x00000020   Code   RO         2003    i.RCC_APB2PeriphResetCmd  stm32f10x_rcc.o
    0x08003388   0x08003388   0x000000d4   Code   RO         2010    i.RCC_GetClocksFreq  stm32f10x_rcc.o
    0x0800345c   0x0800345c   0x00000002   Code   RO          190    i.SVC_Handler       stm32f10x_it.o
    0x0800345e   0x0800345e   0x00000002   PAD
    0x08003460   0x08003460   0x00000054   Code   RO         3556    i.Send_Byte         oled.o
    0x080034b4   0x080034b4   0x00000008   Code   RO          286    i.SetSysClock       system_stm32f10x.o
    0x080034bc   0x080034bc   0x000000e0   Code   RO          287    i.SetSysClockTo72   system_stm32f10x.o
    0x0800359c   0x0800359c   0x00000028   Code   RO          437    i.SysTick_CLKSourceConfig  misc.o
    0x080035c4   0x080035c4   0x00000008   Code   RO          191    i.SysTick_Handler   stm32f10x_it.o
    0x080035cc   0x080035cc   0x00000060   Code   RO          289    i.SystemInit        system_stm32f10x.o
    0x0800362c   0x0800362c   0x00000048   Code   RO            5    i.System_Init       main.o
    0x08003674   0x08003674   0x00000024   Code   RO          192    i.TIM3_IRQHandler   stm32f10x_it.o
    0x08003698   0x08003698   0x0000001c   Code   RO          193    i.TIM4_IRQHandler   stm32f10x_it.o
    0x080036b4   0x080036b4   0x00000018   Code   RO         2622    i.TIM_ARRPreloadConfig  stm32f10x_tim.o
    0x080036cc   0x080036cc   0x00000006   Code   RO         2629    i.TIM_ClearITPendingBit  stm32f10x_tim.o
    0x080036d2   0x080036d2   0x00000018   Code   RO         2634    i.TIM_Cmd           stm32f10x_tim.o
    0x080036ea   0x080036ea   0x00000022   Code   RO         2655    i.TIM_GetITStatus   stm32f10x_tim.o
    0x0800370c   0x0800370c   0x00000012   Code   RO         2659    i.TIM_ITConfig      stm32f10x_tim.o
    0x0800371e   0x0800371e   0x00000002   PAD
    0x08003720   0x08003720   0x000000a4   Code   RO         2668    i.TIM_OC2Init       stm32f10x_tim.o
    0x080037c4   0x080037c4   0x0000001a   Code   RO         2671    i.TIM_OC2PreloadConfig  stm32f10x_tim.o
    0x080037de   0x080037de   0x00000002   PAD
    0x080037e0   0x080037e0   0x000000a0   Code   RO         2673    i.TIM_OC3Init       stm32f10x_tim.o
    0x08003880   0x08003880   0x00000012   Code   RO         2676    i.TIM_OC3PreloadConfig  stm32f10x_tim.o
    0x08003892   0x08003892   0x00000004   Code   RO         2696    i.TIM_SetCompare2   stm32f10x_tim.o
    0x08003896   0x08003896   0x00000004   Code   RO         2697    i.TIM_SetCompare3   stm32f10x_tim.o
    0x0800389a   0x0800389a   0x00000002   PAD
    0x0800389c   0x0800389c   0x000000a4   Code   RO         2705    i.TIM_TimeBaseInit  stm32f10x_tim.o
    0x08003940   0x08003940   0x00000098   Code   RO            6    i.Timer_Init        main.o
    0x080039d8   0x080039d8   0x00000088   Code   RO          375    i.USART1_IRQHandler  usart.o
    0x08003a60   0x08003a60   0x00000018   Code   RO         3170    i.USART_Cmd         stm32f10x_usart.o
    0x08003a78   0x08003a78   0x00000054   Code   RO         3174    i.USART_GetITStatus  stm32f10x_usart.o
    0x08003acc   0x08003acc   0x0000004a   Code   RO         3176    i.USART_ITConfig    stm32f10x_usart.o
    0x08003b16   0x08003b16   0x00000002   PAD
    0x08003b18   0x08003b18   0x000000d8   Code   RO         3177    i.USART_Init        stm32f10x_usart.o
    0x08003bf0   0x08003bf0   0x0000000a   Code   RO         3184    i.USART_ReceiveData  stm32f10x_usart.o
    0x08003bfa   0x08003bfa   0x00000004   Code   RO          194    i.UsageFault_Handler  stm32f10x_it.o
    0x08003bfe   0x08003bfe   0x0000000c   Code   RO            7    i.UserInterface_Process  main.o
    0x08003c0a   0x08003c0a   0x00000028   Code   RO         4070    i.__ARM_fpclassify  m_ws.l(fpclassify.o)
    0x08003c32   0x08003c32   0x0000000e   Code   RO         3914    i._is_digit         c_w.l(__printf_wp.o)
    0x08003c40   0x08003c40   0x00000004   Code   RO          376    i._sys_exit         usart.o
    0x08003c44   0x08003c44   0x00000044   Code   RO          320    i.delay_init        delay.o
    0x08003c88   0x08003c88   0x0000004c   Code   RO          321    i.delay_ms          delay.o
    0x08003cd4   0x08003cd4   0x0000001c   Code   RO          377    i.fputc             usart.o
    0x08003cf0   0x08003cf0   0x000000dc   Code   RO            8    i.main              main.o
    0x08003dcc   0x08003dcc   0x000000a0   Code   RO          378    i.uart_init         usart.o
    0x08003e6c   0x08003e6c   0x0000002c   Code   RO         4066    locale$$code        c_w.l(lc_numeric_c.o)
    0x08003e98   0x08003e98   0x00000062   Code   RO         3939    x$fpl$d2f           fz_ws.l(d2f.o)
    0x08003efa   0x08003efa   0x00000018   Code   RO         3997    x$fpl$dcmpinf       fz_ws.l(dcmpi.o)
    0x08003f12   0x08003f12   0x00000002   PAD
    0x08003f14   0x08003f14   0x0000005a   Code   RO         3941    x$fpl$dfixu         fz_ws.l(dfixu.o)
    0x08003f6e   0x08003f6e   0x00000002   PAD
    0x08003f70   0x08003f70   0x00000078   Code   RO         3945    x$fpl$dleqf         fz_ws.l(dleqf.o)
    0x08003fe8   0x08003fe8   0x00000154   Code   RO         3947    x$fpl$dmul          fz_ws.l(dmul.o)
    0x0800413c   0x0800413c   0x0000009c   Code   RO         3999    x$fpl$dnaninf       fz_ws.l(dnaninf.o)
    0x080041d8   0x080041d8   0x0000000c   Code   RO         4001    x$fpl$dretinf       fz_ws.l(dretinf.o)
    0x080041e4   0x080041e4   0x0000006c   Code   RO         3949    x$fpl$drleqf        fz_ws.l(drleqf.o)
    0x08004250   0x08004250   0x00000056   Code   RO         3951    x$fpl$f2d           fz_ws.l(f2d.o)
    0x080042a6   0x080042a6   0x00000002   PAD
    0x080042a8   0x080042a8   0x000000c4   Code   RO         3953    x$fpl$fadd          fz_ws.l(faddsub_clz.o)
    0x0800436c   0x0800436c   0x00000018   Code   RO         4003    x$fpl$fcmpinf       fz_ws.l(fcmpi.o)
    0x08004384   0x08004384   0x00000184   Code   RO         3960    x$fpl$fdiv          fz_ws.l(fdiv.o)
    0x08004508   0x08004508   0x00000036   Code   RO         3963    x$fpl$ffix          fz_ws.l(ffix.o)
    0x0800453e   0x0800453e   0x00000002   PAD
    0x08004540   0x08004540   0x00000030   Code   RO         3968    x$fpl$fflt          fz_ws.l(fflt_clz.o)
    0x08004570   0x08004570   0x00000026   Code   RO         3967    x$fpl$ffltu         fz_ws.l(fflt_clz.o)
    0x08004596   0x08004596   0x00000002   PAD
    0x08004598   0x08004598   0x00000068   Code   RO         3973    x$fpl$fleqf         fz_ws.l(fleqf.o)
    0x08004600   0x08004600   0x00000102   Code   RO         3975    x$fpl$fmul          fz_ws.l(fmul.o)
    0x08004702   0x08004702   0x0000008c   Code   RO         4005    x$fpl$fnaninf       fz_ws.l(fnaninf.o)
    0x0800478e   0x0800478e   0x0000000a   Code   RO         4007    x$fpl$fretinf       fz_ws.l(fretinf.o)
    0x08004798   0x08004798   0x00000062   Code   RO         3977    x$fpl$frleqf        fz_ws.l(frleqf.o)
    0x080047fa   0x080047fa   0x00000014   Code   RO         3954    x$fpl$frsb          fz_ws.l(faddsub_clz.o)
    0x0800480e   0x0800480e   0x00000002   PAD
    0x08004810   0x08004810   0x000000ea   Code   RO         3955    x$fpl$fsub          fz_ws.l(faddsub_clz.o)
    0x080048fa   0x080048fa   0x00000004   Code   RO         3979    x$fpl$printf1       fz_ws.l(printf1.o)
    0x080048fe   0x080048fe   0x00000000   Code   RO         4009    x$fpl$usenofp       fz_ws.l(usenofp.o)
    0x080048fe   0x080048fe   0x00000002   PAD
    0x08004900   0x08004900   0x00000014   Data   RO           10    .constdata          main.o
    0x08004914   0x08004914   0x00001e10   Data   RO         3558    .constdata          oled.o
    0x08006724   0x08006724   0x00000094   Data   RO         4037    .constdata          c_w.l(bigflt0.o)
    0x080067b8   0x080067b8   0x00000020   Data   RO         4207    Region$$Table       anon$$obj.o
    0x080067d8   0x080067d8   0x0000001c   Data   RO         4065    locale$$data        c_w.l(lc_numeric_c.o)


    Execution Region ER_RW (Exec base: 0x20000000, Load base: 0x080067f4, Size: 0x00000058, Max: 0xffffffff, ABSOLUTE)

    Exec Addr    Load Addr    Size         Type   Attr      Idx    E Section Name        Object

    0x20000000   0x080067f4   0x0000001c   Data   RW           11    .data               main.o
    0x2000001c   0x08006810   0x00000014   Data   RW          290    .data               system_stm32f10x.o
    0x20000030   0x08006824   0x00000004   Data   RW          323    .data               delay.o
    0x20000034   0x08006828   0x00000006   Data   RW          380    .data               usart.o
    0x2000003a   0x0800682e   0x00000014   Data   RW         2030    .data               stm32f10x_rcc.o
    0x2000004e   0x08006842   0x00000004   Data   RW         3432    .data               fan_driver.o
    0x20000052   0x08006846   0x00000002   PAD
    0x20000054   0x08006848   0x00000004   Data   RW         3705    .data               angle_control.o


    Execution Region ER_ZI (Exec base: 0x20000058, Load base: 0x0800684c, Size: 0x00000d90, Max: 0xffffffff, ABSOLUTE)

    Exec Addr    Load Addr    Size         Type   Attr      Idx    E Section Name        Object

    0x20000058        -       0x000001b4   Zero   RW            9    .bss                main.o
    0x2000020c        -       0x000000c8   Zero   RW          379    .bss                usart.o
    0x200002d4        -       0x00000010   Zero   RW         3402    .bss                angle_sensor.o
    0x200002e4        -       0x00000024   Zero   RW         3494    .bss                key.o
    0x20000308        -       0x00000480   Zero   RW         3557    .bss                oled.o
    0x20000788        -       0x00000060   Zero   RW         4073    .bss                c_w.l(libspace.o)
    0x200007e8        -       0x00000200   Zero   RW          427    HEAP                startup_stm32f10x_hd.o
    0x200009e8        -       0x00000400   Zero   RW          426    STACK               startup_stm32f10x_hd.o


==============================================================================

Image component sizes


      Code (inc. data)   RO Data    RW Data    ZI Data      Debug   Object Name

      1542        448          0          4          0       8625   angle_control.o
       392         40          0          0         16       1420   angle_sensor.o
       144         22          0          4          0       1116   delay.o
       572         40          0          4          0       4570   fan_driver.o
       660         42          0          0         36       2362   key.o
      1798        402         20         28        436     270741   main.o
       172         22          0          0          0       1949   misc.o
      1426         80       7696          0       1152       9271   oled.o
       946         18          0          0          0       4824   pid_controller.o
        64         26        304          0       1536        780   startup_stm32f10x_hd.o
       486         24          0          0          0       8278   stm32f10x_adc.o
       304          0          0          0          0       3524   stm32f10x_gpio.o
        96         14          0          0          0       4342   stm32f10x_it.o
       308         38          0         20          0       4851   stm32f10x_rcc.o
       646         62          0          0          0       7435   stm32f10x_tim.o
       408          6          0          0          0       4838   stm32f10x_usart.o
         0          0          0          0          0         32   sys.o
       328         28          0         20          0       1957   system_stm32f10x.o
       328         26          0          6        200       4004   usart.o

    ----------------------------------------------------------------------
     10642       1338       8052         88       3376     344919   Object Totals
         0          0         32          0          0          0   (incl. Generated)
        22          0          0          2          0          0   (incl. Padding)

    ----------------------------------------------------------------------

      Code (inc. data)   RO Data    RW Data    ZI Data      Debug   Library Member Name

         8          0          0          0          0         68   __main.o
       284          0          0          0          0        156   __printf_wp.o
         0          0          0          0          0          0   __rtentry.o
        12          0          0          0          0          0   __rtentry2.o
         6          0          0          0          0          0   __rtentry4.o
        52          8          0          0          0          0   __scatter.o
        26          0          0          0          0          0   __scatter_copy.o
        28          0          0          0          0          0   __scatter_zi.o
        48          6          0          0          0         96   _printf_char_common.o
        36          4          0          0          0         80   _printf_char_file.o
         6          0          0          0          0          0   _printf_d.o
       120         16          0          0          0         92   _printf_dec.o
         6          0          0          0          0          0   _printf_f.o
      1054          0          0          0          0        216   _printf_fp_dec.o
       128         16          0          0          0         84   _printf_fp_infnan.o
       178          0          0          0          0         88   _printf_intcommon.o
         0          0          0          0          0          0   _printf_percent.o
         4          0          0          0          0          0   _printf_percent_end.o
        10          0          0          0          0         68   _sputc.o
       228          4        148          0          0         96   bigflt0.o
      1936        128          0          0          0        672   btod.o
        18          0          0          0          0         80   exit.o
         8          0          0          0          0         68   ferror.o
         6          0          0          0          0        152   heapauxi.o
        44         10         28          0          0         76   lc_numeric_c.o
         2          0          0          0          0          0   libinit.o
        18          0          0          0          0          0   libinit2.o
         2          0          0          0          0          0   libshutdown.o
         2          0          0          0          0          0   libshutdown2.o
         8          4          0          0         96         68   libspace.o
       138          0          0          0          0         80   lludiv10.o
        24          4          0          0          0         84   noretval__2printf.o
        40          6          0          0          0         84   noretval__2sprintf.o
         8          4          0          0          0         68   rt_locale_intlibspace.o
        68          0          0          0          0         68   rt_memclr.o
        78          0          0          0          0         80   rt_memclr_w.o
       100          0          0          0          0         80   rt_memcpy_w.o
         2          0          0          0          0          0   rtexit.o
        10          0          0          0          0          0   rtexit2.o
       128          0          0          0          0         68   strcmpv7m.o
        72          0          0          0          0         80   strcpy.o
        74          0          0          0          0         80   sys_stackheap_outer.o
         2          0          0          0          0         68   use_no_semi.o
         2          0          0          0          0         68   use_no_semi_2.o
        98          4          0          0          0         92   d2f.o
        24          0          0          0          0         68   dcmpi.o
        90          4          0          0          0         92   dfixu.o
       120          4          0          0          0         92   dleqf.o
       340         12          0          0          0        104   dmul.o
       156          4          0          0          0         92   dnaninf.o
        12          0          0          0          0         68   dretinf.o
       108          0          0          0          0         80   drleqf.o
        86          4          0          0          0         84   f2d.o
       450          8          0          0          0        236   faddsub_clz.o
        24          0          0          0          0         68   fcmpi.o
       388         76          0          0          0         96   fdiv.o
        54          4          0          0          0         84   ffix.o
        86          0          0          0          0        136   fflt_clz.o
       104          4          0          0          0         84   fleqf.o
       258          4          0          0          0         84   fmul.o
       140          4          0          0          0         84   fnaninf.o
        10          0          0          0          0         68   fretinf.o
        98          0          0          0          0         68   frleqf.o
         4          0          0          0          0         68   printf1.o
         0          0          0          0          0          0   usenofp.o
        40          0          0          0          0         68   fpclassify.o

    ----------------------------------------------------------------------
      7742        342        176          0         96       4984   Library Totals
        28          0          0          0          0          0   (incl. Padding)

    ----------------------------------------------------------------------

      Code (inc. data)   RO Data    RW Data    ZI Data      Debug   Library Name

      5024        210        176          0         96       3068   c_w.l
      2650        132          0          0          0       1848   fz_ws.l
        40          0          0          0          0         68   m_ws.l

    ----------------------------------------------------------------------
      7742        342        176          0         96       4984   Library Totals

    ----------------------------------------------------------------------

==============================================================================


      Code (inc. data)   RO Data    RW Data    ZI Data      Debug   

     18384       1680       8228         88       3472     341319   Grand Totals
     18384       1680       8228         88       3472     341319   ELF Image Totals
     18384       1680       8228         88          0          0   ROM Totals

==============================================================================

    Total RO  Size (Code + RO Data)                26612 (  25.99kB)
    Total RW  Size (RW Data + ZI Data)              3560 (   3.48kB)
    Total ROM Size (Code + RO Data + RW Data)      26700 (  26.07kB)

==============================================================================

