Component: ARM Compiler 5.06 update 7 (build 960) Tool: armlink [4d3601]

==============================================================================

Section Cross References

    startup_stm32f10x_md.o(STACK) refers (Special) to heapauxi.o(.text) for __use_two_region_memory
    startup_stm32f10x_md.o(HEAP) refers (Special) to heapauxi.o(.text) for __use_two_region_memory
    startup_stm32f10x_md.o(RESET) refers (Special) to heapauxi.o(.text) for __use_two_region_memory
    startup_stm32f10x_md.o(RESET) refers to startup_stm32f10x_md.o(STACK) for __initial_sp
    startup_stm32f10x_md.o(RESET) refers to startup_stm32f10x_md.o(.text) for Reset_Handler
    startup_stm32f10x_md.o(RESET) refers to stm32f10x_it.o(i.NMI_Handler) for NMI_Handler
    startup_stm32f10x_md.o(RESET) refers to stm32f10x_it.o(i.HardFault_Handler) for HardFault_Handler
    startup_stm32f10x_md.o(RESET) refers to stm32f10x_it.o(i.MemManage_Handler) for MemManage_Handler
    startup_stm32f10x_md.o(RESET) refers to stm32f10x_it.o(i.BusFault_Handler) for BusFault_Handler
    startup_stm32f10x_md.o(RESET) refers to stm32f10x_it.o(i.UsageFault_Handler) for UsageFault_Handler
    startup_stm32f10x_md.o(RESET) refers to stm32f10x_it.o(i.SVC_Handler) for SVC_Handler
    startup_stm32f10x_md.o(RESET) refers to stm32f10x_it.o(i.DebugMon_Handler) for DebugMon_Handler
    startup_stm32f10x_md.o(RESET) refers to stm32f10x_it.o(i.PendSV_Handler) for PendSV_Handler
    startup_stm32f10x_md.o(RESET) refers to stm32f10x_it.o(i.SysTick_Handler) for SysTick_Handler
    startup_stm32f10x_md.o(RESET) refers to stm32f10x_it.o(i.TIM3_IRQHandler) for TIM3_IRQHandler
    startup_stm32f10x_md.o(RESET) refers to stm32f10x_it.o(i.TIM4_IRQHandler) for TIM4_IRQHandler
    startup_stm32f10x_md.o(RESET) refers to usart.o(i.USART1_IRQHandler) for USART1_IRQHandler
    startup_stm32f10x_md.o(.text) refers (Special) to heapauxi.o(.text) for __use_two_region_memory
    startup_stm32f10x_md.o(.text) refers to system_stm32f10x.o(i.SystemInit) for SystemInit
    startup_stm32f10x_md.o(.text) refers to __main.o(!!!main) for __main
    startup_stm32f10x_md.o(.text) refers to startup_stm32f10x_md.o(HEAP) for Heap_Mem
    startup_stm32f10x_md.o(.text) refers to startup_stm32f10x_md.o(STACK) for Stack_Mem
    system_stm32f10x.o(i.SetSysClock) refers to system_stm32f10x.o(i.SetSysClockTo72) for SetSysClockTo72
    system_stm32f10x.o(i.SystemCoreClockUpdate) refers to system_stm32f10x.o(.data) for SystemCoreClock
    system_stm32f10x.o(i.SystemInit) refers to system_stm32f10x.o(i.SetSysClock) for SetSysClock
    stm32f10x_adc.o(i.ADC_DeInit) refers to stm32f10x_rcc.o(i.RCC_APB2PeriphResetCmd) for RCC_APB2PeriphResetCmd
    stm32f10x_bkp.o(i.BKP_DeInit) refers to stm32f10x_rcc.o(i.RCC_BackupResetCmd) for RCC_BackupResetCmd
    stm32f10x_can.o(i.CAN_DeInit) refers to stm32f10x_rcc.o(i.RCC_APB1PeriphResetCmd) for RCC_APB1PeriphResetCmd
    stm32f10x_can.o(i.CAN_GetITStatus) refers to stm32f10x_can.o(i.CheckITStatus) for CheckITStatus
    stm32f10x_cec.o(i.CEC_DeInit) refers to stm32f10x_rcc.o(i.RCC_APB1PeriphResetCmd) for RCC_APB1PeriphResetCmd
    stm32f10x_dac.o(i.DAC_DeInit) refers to stm32f10x_rcc.o(i.RCC_APB1PeriphResetCmd) for RCC_APB1PeriphResetCmd
    stm32f10x_flash.o(i.FLASH_EnableWriteProtection) refers to stm32f10x_flash.o(i.FLASH_WaitForLastOperation) for FLASH_WaitForLastOperation
    stm32f10x_flash.o(i.FLASH_EraseAllBank1Pages) refers to stm32f10x_flash.o(i.FLASH_WaitForLastBank1Operation) for FLASH_WaitForLastBank1Operation
    stm32f10x_flash.o(i.FLASH_EraseAllPages) refers to stm32f10x_flash.o(i.FLASH_WaitForLastOperation) for FLASH_WaitForLastOperation
    stm32f10x_flash.o(i.FLASH_EraseOptionBytes) refers to stm32f10x_flash.o(i.FLASH_GetReadOutProtectionStatus) for FLASH_GetReadOutProtectionStatus
    stm32f10x_flash.o(i.FLASH_EraseOptionBytes) refers to stm32f10x_flash.o(i.FLASH_WaitForLastOperation) for FLASH_WaitForLastOperation
    stm32f10x_flash.o(i.FLASH_ErasePage) refers to stm32f10x_flash.o(i.FLASH_WaitForLastOperation) for FLASH_WaitForLastOperation
    stm32f10x_flash.o(i.FLASH_ProgramHalfWord) refers to stm32f10x_flash.o(i.FLASH_WaitForLastOperation) for FLASH_WaitForLastOperation
    stm32f10x_flash.o(i.FLASH_ProgramOptionByteData) refers to stm32f10x_flash.o(i.FLASH_WaitForLastOperation) for FLASH_WaitForLastOperation
    stm32f10x_flash.o(i.FLASH_ProgramWord) refers to stm32f10x_flash.o(i.FLASH_WaitForLastOperation) for FLASH_WaitForLastOperation
    stm32f10x_flash.o(i.FLASH_ReadOutProtection) refers to stm32f10x_flash.o(i.FLASH_WaitForLastOperation) for FLASH_WaitForLastOperation
    stm32f10x_flash.o(i.FLASH_UserOptionByteConfig) refers to stm32f10x_flash.o(i.FLASH_WaitForLastOperation) for FLASH_WaitForLastOperation
    stm32f10x_flash.o(i.FLASH_WaitForLastBank1Operation) refers to stm32f10x_flash.o(i.FLASH_GetBank1Status) for FLASH_GetBank1Status
[...]
    i.cos                                    0x08004d58   Section        0  cos.o(i.cos)
    i.delay_init                             0x08004df4   Section        0  delay.o(i.delay_init)
    i.delay_ms                               0x08004e38   Section        0  delay.o(i.delay_ms)
    i.fputc                                  0x08004e84   Section        0  usart.o(i.fputc)
    i.main                                   0x08004ea0   Section        0  main.o(i.main)
    i.sin                                    0x08004f7c   Section        0  sin.o(i.sin)
    i.uart_init                              0x0800501c   Section        0  usart.o(i.uart_init)
    locale$$code                             0x080050bc   Section       44  lc_numeric_c.o(locale$$code)
    x$fpl$d2f                                0x080050e8   Section       98  d2f.o(x$fpl$d2f)
    x$fpl$dadd                               0x0800514c   Section      336  daddsub_clz.o(x$fpl$dadd)
    _dadd1                                   0x0800515d   Thumb Code     0  daddsub_clz.o(x$fpl$dadd)
    x$fpl$dcheck1                            0x0800529c   Section       16  dcheck1.o(x$fpl$dcheck1)
    x$fpl$dcmpinf                            0x080052ac   Section       24  dcmpi.o(x$fpl$dcmpinf)
    x$fpl$ddiv                               0x080052c4   Section      688  ddiv.o(x$fpl$ddiv)
    ddiv_entry                               0x080052cb   Thumb Code     0  ddiv.o(x$fpl$ddiv)
    x$fpl$dfix                               0x08005574   Section       94  dfix.o(x$fpl$dfix)
    x$fpl$dfixu                              0x080055d4   Section       90  dfixu.o(x$fpl$dfixu)
    x$fpl$dflt                               0x0800562e   Section       46  dflt_clz.o(x$fpl$dflt)
    x$fpl$dfltu                              0x0800565c   Section       38  dflt_clz.o(x$fpl$dfltu)
    x$fpl$dleqf                              0x08005684   Section      120  dleqf.o(x$fpl$dleqf)
    x$fpl$dmul                               0x080056fc   Section      340  dmul.o(x$fpl$dmul)
    x$fpl$dnaninf                            0x08005850   Section      156  dnaninf.o(x$fpl$dnaninf)
    x$fpl$dretinf                            0x080058ec   Section       12  dretinf.o(x$fpl$dretinf)
    x$fpl$drleqf                             0x080058f8   Section      108  drleqf.o(x$fpl$drleqf)
    x$fpl$drsb                               0x08005964   Section       22  daddsub_clz.o(x$fpl$drsb)
    x$fpl$dsub                               0x0800597c   Section      468  daddsub_clz.o(x$fpl$dsub)
    _dsub1                                   0x0800598d   Thumb Code     0  daddsub_clz.o(x$fpl$dsub)
    x$fpl$f2d                                0x08005b50   Section       86  f2d.o(x$fpl$f2d)
    x$fpl$fadd                               0x08005ba8   Section      196  faddsub_clz.o(x$fpl$fadd)
    _fadd1                                   0x08005bb7   Thumb Code     0  faddsub_clz.o(x$fpl$fadd)
    x$fpl$fcmpinf                            0x08005c6c   Section       24  fcmpi.o(x$fpl$fcmpinf)
    x$fpl$fdiv                               0x08005c84   Section      388  fdiv.o(x$fpl$fdiv)
    _fdiv1                                   0x08005c85   Thumb Code     0  fdiv.o(x$fpl$fdiv)
    x$fpl$ffix                               0x08005e08   Section       54  ffix.o(x$fpl$ffix)
    x$fpl$fflt                               0x08005e40   Section       48  fflt_clz.o(x$fpl$fflt)
    x$fpl$ffltu                              0x08005e70   Section       38  fflt_clz.o(x$fpl$ffltu)
    x$fpl$fleqf                              0x08005e98   Section      104  fleqf.o(x$fpl$fleqf)
    x$fpl$fmul                               0x08005f00   Section      258  fmul.o(x$fpl$fmul)
    x$fpl$fnaninf                            0x08006002   Section      140  fnaninf.o(x$fpl$fnaninf)
    x$fpl$fretinf                            0x0800608e   Section       10  fretinf.o(x$fpl$fretinf)
    x$fpl$frleqf                             0x08006098   Section       98  frleqf.o(x$fpl$frleqf)
    x$fpl$frsb                               0x080060fa   Section       20  faddsub_clz.o(x$fpl$frsb)
    x$fpl$fsub                               0x08006110   Section      234  faddsub_clz.o(x$fpl$fsub)
    _fsub1                                   0x0800611f   Thumb Code     0  faddsub_clz.o(x$fpl$fsub)
    x$fpl$printf1                            0x080061fa   Section        4  printf1.o(x$fpl$printf1)
    x$fpl$retnan                             0x080061fe   Section      100  retnan.o(x$fpl$retnan)
    x$fpl$scalbn                             0x08006262   Section       92  scalbn.o(x$fpl$scalbn)
    x$fpl$trapveneer                         0x080062be   Section       48  trapv.o(x$fpl$trapveneer)
    x$fpl$usenofp                            0x080062ee   Section        0  usenofp.o(x$fpl$usenofp)
    .constdata                               0x080062f0   Section       20  main.o(.constdata)
    .constdata                               0x08006304   Section     7696  oled.o(.constdata)
    .constdata                               0x08008118   Section       48  cos_i.o(.constdata)
    C                                        0x08008118   Data          48  cos_i.o(.constdata)
    .constdata                               0x08008148   Section      200  rred.o(.constdata)
    pio2s                                    0x08008148   Data          48  rred.o(.constdata)
    twooverpi                                0x08008178   Data         152  rred.o(.constdata)
    .constdata                               0x08008210   Section       40  sin_i.o(.constdata)
    S                                        0x08008210   Data          40  sin_i.o(.constdata)
    .constdata                               0x08008238   Section      148  bigflt0.o(.constdata)
    tenpwrs_x                                0x08008238   Data          60  bigflt0.o(.constdata)
    tenpwrs_i                                0x08008274   Data          64  bigflt0.o(.constdata)
    locale$$data                             0x080082ec   Section       28  lc_numeric_c.o(locale$$data)
    __lcnum_c_name                           0x080082f0   Data           2  lc_numeric_c.o(locale$$data)
    __lcnum_c_start                          0x080082f8   Data           0  lc_numeric_c.o(locale$$data)
    __lcnum_c_point                          0x08008304   Data           0  lc_numeric_c.o(locale$$data)
    __lcnum_c_thousands                      0x08008306   Data           0  lc_numeric_c.o(locale$$data)
    __lcnum_c_grouping                       0x08008307   Data           0  lc_numeric_c.o(locale$$data)
    __lcnum_c_end                            0x08008308   Data           0  lc_numeric_c.o(locale$$data)
    .data                                    0x20000000   Section       20  system_stm32f10x.o(.data)
    .data                                    0x20000014   Section       20  stm32f10x_rcc.o(.data)
    APBAHBPrescTable                         0x20000014   Data          16  stm32f10x_rcc.o(.data)
    ADCPrescTable                            0x20000024   Data           4  stm32f10x_rcc.o(.data)
    .data                                    0x20000028   Section       36  main.o(.data)
    g_systemState                            0x20000028   Data           1  main.o(.data)
    g_workMode                               0x20000029   Data           1  main.o(.data)
    g_targetAngle                            0x2000002c   Data           4  main.o(.data)
    g_modeStartTime                          0x20000030   Data           4  main.o(.data)
    g_lastSystemState                        0x20000034   Data           1  main.o(.data)
    g_lastWorkMode                           0x20000035   Data           1  main.o(.data)
    g_lastTargetAngle                        0x20000038   Data           4  main.o(.data)
    g_lastCurrentAngle                       0x2000003c   Data           4  main.o(.data)
    g_lastElapsedTime                        0x20000040   Data           4  main.o(.data)
    first_run                                0x20000044   Data           1  main.o(.data)
    last_display_time                        0x20000048   Data           4  main.o(.data)
    .data                                    0x2000004c   Section        4  fan_driver.o(.data)
    g_fan_speeds                             0x2000004c   Data           2  fan_driver.o(.data)
    g_fan_directions                         0x2000004e   Data           2  fan_driver.o(.data)
    .data                                    0x20000050   Section        8  angle_control.o(.data)
    g_system_time                            0x20000054   Data           4  angle_control.o(.data)
    .data                                    0x20000058   Section        4  delay.o(.data)
    fac_us                                   0x20000058   Data           1  delay.o(.data)
    fac_ms                                   0x2000005a   Data           2  delay.o(.data)
    .data                                    0x2000005c   Section        6  usart.o(.data)
    .bss                                     0x20000064   Section      436  main.o(.bss)
    g_lastDisplayBuf                         0x20000118   Data         256  main.o(.bss)
    .bss                                     0x20000218   Section       16  angle_sensor.o(.bss)
    adc_buffer                               0x20000218   Data          16  angle_sensor.o(.bss)
    .bss                                     0x20000228   Section       36  key.o(.bss)
    key_status                               0x20000228   Data          36  key.o(.bss)
    .bss                                     0x2000024c   Section     1152  oled.o(.bss)
    .bss                                     0x200006cc   Section      200  usart.o(.bss)
    .bss                                     0x20000794   Section       96  libspace.o(.bss)
    HEAP                                     0x200007f8   Section      512  startup_stm32f10x_md.o(HEAP)
    Heap_Mem                                 0x200007f8   Data         512  startup_stm32f10x_md.o(HEAP)
    STACK                                    0x200009f8   Section     1024  startup_stm32f10x_md.o(STACK)
    Stack_Mem                                0x200009f8   Data        1024  startup_stm32f10x_md.o(STACK)
    __initial_sp                             0x20000df8   Data           0  startup_stm32f10x_md.o(STACK)

    Global Symbols

    Symbol Name                              Value     Ov Type        Size  Object(Section)

    BuildAttributes$$THM_ISAv4$P$D$K$B$S$PE$A:L22UL41UL21$X:L11$S22US41US21$IEEE1$IW$USESV6$~STKCKD$USESV7$~SHL$OTIME$ROPI$IEEEX$EBA8$UX$STANDARDLIB$REQ8$PRES8$EABIv2 0x00000000   Number         0  anon$$obj.o ABSOLUTE
    __ARM_use_no_argv                        0x00000000   Number         0  main.o ABSOLUTE
    _printf_flags                            0x00000000   Number         0  printf_stubs.o ABSOLUTE
    _printf_return_value                     0x00000000   Number         0  printf_stubs.o ABSOLUTE
    _printf_sizespec                         0x00000000   Number         0  printf_stubs.o ABSOLUTE
    _printf_widthprec                        0x00000000   Number         0  printf_stubs.o ABSOLUTE
    __ARM_exceptions_init                     - Undefined Weak Reference
    __alloca_initialize                       - Undefined Weak Reference
    __arm_fini_                               - Undefined Weak Reference
    __arm_preinit_                            - Undefined Weak Reference
    __cpp_initialize__aeabi_                  - Undefined Weak Reference
    __cxa_finalize                            - Undefined Weak Reference
    __sigvec_lookup                           - Undefined Weak Reference
    _atexit_init                              - Undefined Weak Reference
    _call_atexit_fns                          - Undefined Weak Reference
    _clock_init                               - Undefined Weak Reference
    _fp_trap_init                             - Undefined Weak Reference
    _fp_trap_shutdown                         - Undefined Weak Reference
    _get_lc_collate                           - Undefined Weak Reference
    _get_lc_ctype                             - Undefined Weak Reference
    _get_lc_monetary                          - Undefined Weak Reference
    _get_lc_time                              - Undefined Weak Reference
    _getenv_init                              - Undefined Weak Reference
    _handle_redirection                       - Undefined Weak Reference
    _init_alloc                               - Undefined Weak Reference
    _init_user_alloc                          - Undefined Weak Reference
    _initio                                   - Undefined Weak Reference
    _mutex_acquire                            - Undefined Weak Reference
    _mutex_release                            - Undefined Weak Reference
    _printf_mbtowc                            - Undefined Weak Reference
    _printf_post_padding                      - Undefined Weak Reference
    _printf_pre_padding                       - Undefined Weak Reference
    _printf_truncate_signed                   - Undefined Weak Reference
    _printf_truncate_unsigned                 - Undefined Weak Reference
    _rand_init                                - Undefined Weak Reference
    _signal_finish                            - Undefined Weak Reference
    _signal_init                              - Undefined Weak Reference
    _terminate_alloc                          - Undefined Weak Reference
    _terminate_user_alloc                     - Undefined Weak Reference
    _terminateio                              - Undefined Weak Reference
    __Vectors_Size                           0x000000ec   Number         0  startup_stm32f10x_md.o ABSOLUTE
    __Vectors                                0x08000000   Data           4  startup_stm32f10x_md.o(RESET)
    __Vectors_End                            0x080000ec   Data           0  startup_stm32f10x_md.o(RESET)
    __main                                   0x080000ed   Thumb Code     8  __main.o(!!!main)
    __scatterload                            0x080000f5   Thumb Code     0  __scatter.o(!!!scatter)
    __scatterload_rt2                        0x080000f5   Thumb Code    44  __scatter.o(!!!scatter)
    __scatterload_rt2_thumb_only             0x080000f5   Thumb Code     0  __scatter.o(!!!scatter)
    __scatterload_null                       0x08000103   Thumb Code     0  __scatter.o(!!!scatter)
    __scatterload_copy                       0x08000129   Thumb Code    26  __scatter_copy.o(!!handler_copy)
    __scatterload_zeroinit                   0x08000145   Thumb Code    28  __scatter_zi.o(!!handler_zi)
    _printf_f                                0x08000161   Thumb Code     0  _printf_f.o(.ARM.Collect$$_printf_percent$$00000003)
    _printf_percent                          0x08000161   Thumb Code     0  _printf_percent.o(.ARM.Collect$$_printf_percent$$00000000)
    _printf_d                                0x08000167   Thumb Code     0  _printf_d.o(.ARM.Collect$$_printf_percent$$00000009)
    _printf_c                                0x0800016d   Thumb Code     0  _printf_c.o(.ARM.Collect$$_printf_percent$$00000013)
    _printf_percent_end                      0x08000173   Thumb Code     0  _printf_percent_end.o(.ARM.Collect$$_printf_percent$$00000017)
    __rt_lib_init                            0x08000177   Thumb Code     0  libinit.o(.ARM.Collect$$libinit$$00000000)
    __rt_lib_init_fp_1                       0x08000179   Thumb Code     0  libinit2.o(.ARM.Collect$$libinit$$00000002)
    __rt_lib_init_heap_1                     0x08000179   Thumb Code     0  libinit2.o(.ARM.Collect$$libinit$$0000000A)
    __rt_lib_init_lc_common                  0x08000179   Thumb Code     0  libinit2.o(.ARM.Collect$$libinit$$0000000F)
    __rt_lib_init_preinit_1                  0x08000179   Thumb Code     0  libinit2.o(.ARM.Collect$$libinit$$00000004)
    __rt_lib_init_rand_1                     0x08000179   Thumb Code     0  libinit2.o(.ARM.Collect$$libinit$$0000000E)
    __rt_lib_init_user_alloc_1               0x08000179   Thumb Code     0  libinit2.o(.ARM.Collect$$libinit$$0000000C)
    __rt_lib_init_lc_collate_1               0x0800017f   Thumb Code     0  libinit2.o(.ARM.Collect$$libinit$$00000011)
    __rt_lib_init_lc_ctype_1                 0x0800017f   Thumb Code     0  libinit2.o(.ARM.Collect$$libinit$$00000013)
    __rt_lib_init_lc_monetary_1              0x0800017f   Thumb Code     0  libinit2.o(.ARM.Collect$$libinit$$00000015)
    __rt_lib_init_lc_numeric_2               0x0800017f   Thumb Code     0  libinit2.o(.ARM.Collect$$libinit$$00000016)
    __rt_lib_init_alloca_1                   0x08000189   Thumb Code     0  libinit2.o(.ARM.Collect$$libinit$$0000002E)
    __rt_lib_init_argv_1                     0x08000189   Thumb Code     0  libinit2.o(.ARM.Collect$$libinit$$0000002C)
    __rt_lib_init_atexit_1                   0x08000189   Thumb Code     0  libinit2.o(.ARM.Collect$$libinit$$0000001B)
    __rt_lib_init_clock_1                    0x08000189   Thumb Code     0  libinit2.o(.ARM.Collect$$libinit$$00000021)
    __rt_lib_init_cpp_1                      0x08000189   Thumb Code     0  libinit2.o(.ARM.Collect$$libinit$$00000032)
    __rt_lib_init_exceptions_1               0x08000189   Thumb Code     0  libinit2.o(.ARM.Collect$$libinit$$00000030)
    __rt_lib_init_fp_trap_1                  0x08000189   Thumb Code     0  libinit2.o(.ARM.Collect$$libinit$$0000001F)
    __rt_lib_init_getenv_1                   0x08000189   Thumb Code     0  libinit2.o(.ARM.Collect$$libinit$$00000023)
    __rt_lib_init_lc_numeric_1               0x08000189   Thumb Code     0  libinit2.o(.ARM.Collect$$libinit$$00000017)
    __rt_lib_init_lc_time_1                  0x08000189   Thumb Code     0  libinit2.o(.ARM.Collect$$libinit$$00000019)
    __rt_lib_init_return                     0x08000189   Thumb Code     0  libinit2.o(.ARM.Collect$$libinit$$00000033)
    __rt_lib_init_signal_1                   0x08000189   Thumb Code     0  libinit2.o(.ARM.Collect$$libinit$$0000001D)
    __rt_lib_init_stdio_1                    0x08000189   Thumb Code     0  libinit2.o(.ARM.Collect$$libinit$$00000025)
    __rt_lib_shutdown                        0x0800018b   Thumb Code     0  libshutdown.o(.ARM.Collect$$libshutdown$$00000000)
    __rt_lib_shutdown_cpp_1                  0x0800018d   Thumb Code     0  libshutdown2.o(.ARM.Collect$$libshutdown$$00000004)
    __rt_lib_shutdown_fini_1                 0x0800018d   Thumb Code     0  libshutdown2.o(.ARM.Collect$$libshutdown$$00000002)
    __rt_lib_shutdown_fp_trap_1              0x0800018d   Thumb Code     0  libshutdown2.o(.ARM.Collect$$libshutdown$$00000009)
    __rt_lib_shutdown_heap_1                 0x0800018d   Thumb Code     0  libshutdown2.o(.ARM.Collect$$libshutdown$$00000011)
    __rt_lib_shutdown_return                 0x0800018d   Thumb Code     0  libshutdown2.o(.ARM.Collect$$libshutdown$$00000012)
    __rt_lib_shutdown_signal_1               0x0800018d   Thumb Code     0  libshutdown2.o(.ARM.Collect$$libshutdown$$0000000C)
    __rt_lib_shutdown_stdio_1                0x0800018d   Thumb Code     0  libshutdown2.o(.ARM.Collect$$libshutdown$$00000006)
    __rt_lib_shutdown_user_alloc_1           0x0800018d   Thumb Code     0  libshutdown2.o(.ARM.Collect$$libshutdown$$0000000E)
    __rt_entry                               0x0800018f   Thumb Code     0  __rtentry.o(.ARM.Collect$$rtentry$$00000000)
    __rt_entry_presh_1                       0x0800018f   Thumb Code     0  __rtentry2.o(.ARM.Collect$$rtentry$$00000002)
    __rt_entry_sh                            0x0800018f   Thumb Code     0  __rtentry4.o(.ARM.Collect$$rtentry$$00000004)
    __rt_entry_li                            0x08000195   Thumb Code     0  __rtentry2.o(.ARM.Collect$$rtentry$$0000000A)
    __rt_entry_postsh_1                      0x08000195   Thumb Code     0  __rtentry2.o(.ARM.Collect$$rtentry$$00000009)
    __rt_entry_main                          0x08000199   Thumb Code     0  __rtentry2.o(.ARM.Collect$$rtentry$$0000000D)
    __rt_entry_postli_1                      0x08000199   Thumb Code     0  __rtentry2.o(.ARM.Collect$$rtentry$$0000000C)
    __rt_exit                                0x080001a1   Thumb Code     0  rtexit.o(.ARM.Collect$$rtexit$$00000000)
    __rt_exit_ls                             0x080001a3   Thumb Code     0  rtexit2.o(.ARM.Collect$$rtexit$$00000003)
    __rt_exit_prels_1                        0x080001a3   Thumb Code     0  rtexit2.o(.ARM.Collect$$rtexit$$00000002)
    __rt_exit_exit                           0x080001a7   Thumb Code     0  rtexit2.o(.ARM.Collect$$rtexit$$00000004)
    Reset_Handler                            0x080001ad   Thumb Code     8  startup_stm32f10x_md.o(.text)
    ADC1_2_IRQHandler                        0x080001c7   Thumb Code     0  startup_stm32f10x_md.o(.text)
    CAN1_RX1_IRQHandler                      0x080001c7   Thumb Code     0  startup_stm32f10x_md.o(.text)
    CAN1_SCE_IRQHandler                      0x080001c7   Thumb Code     0  startup_stm32f10x_md.o(.text)
    DMA1_Channel1_IRQHandler                 0x080001c7   Thumb Code     0  startup_stm32f10x_md.o(.text)
    DMA1_Channel2_IRQHandler                 0x080001c7   Thumb Code     0  startup_stm32f10x_md.o(.text)
    DMA1_Channel3_IRQHandler                 0x080001c7   Thumb Code     0  startup_stm32f10x_md.o(.text)
    DMA1_Channel4_IRQHandler                 0x080001c7   Thumb Code     0  startup_stm32f10x_md.o(.text)
    DMA1_Channel5_IRQHandler                 0x080001c7   Thumb Code     0  startup_stm32f10x_md.o(.text)
    DMA1_Channel6_IRQHandler                 0x080001c7   Thumb Code     0  startup_stm32f10x_md.o(.text)
    DMA1_Channel7_IRQHandler                 0x080001c7   Thumb Code     0  startup_stm32f10x_md.o(.text)
    EXTI0_IRQHandler                         0x080001c7   Thumb Code     0  startup_stm32f10x_md.o(.text)
    EXTI15_10_IRQHandler                     0x080001c7   Thumb Code     0  startup_stm32f10x_md.o(.text)
    EXTI1_IRQHandler                         0x080001c7   Thumb Code     0  startup_stm32f10x_md.o(.text)
    EXTI2_IRQHandler                         0x080001c7   Thumb Code     0  startup_stm32f10x_md.o(.text)
    EXTI3_IRQHandler                         0x080001c7   Thumb Code     0  startup_stm32f10x_md.o(.text)
    EXTI4_IRQHandler                         0x080001c7   Thumb Code     0  startup_stm32f10x_md.o(.text)
    EXTI9_5_IRQHandler                       0x080001c7   Thumb Code     0  startup_stm32f10x_md.o(.text)
    FLASH_IRQHandler                         0x080001c7   Thumb Code     0  startup_stm32f10x_md.o(.text)
    I2C1_ER_IRQHandler                       0x080001c7   Thumb Code     0  startup_stm32f10x_md.o(.text)
    I2C1_EV_IRQHandler                       0x080001c7   Thumb Code     0  startup_stm32f10x_md.o(.text)
    I2C2_ER_IRQHandler                       0x080001c7   Thumb Code     0  startup_stm32f10x_md.o(.text)
    I2C2_EV_IRQHandler                       0x080001c7   Thumb Code     0  startup_stm32f10x_md.o(.text)
    PVD_IRQHandler                           0x080001c7   Thumb Code     0  startup_stm32f10x_md.o(.text)
    RCC_IRQHandler                           0x080001c7   Thumb Code     0  startup_stm32f10x_md.o(.text)
    RTCAlarm_IRQHandler                      0x080001c7   Thumb Code     0  startup_stm32f10x_md.o(.text)
    RTC_IRQHandler                           0x080001c7   Thumb Code     0  startup_stm32f10x_md.o(.text)
    SPI1_IRQHandler                          0x080001c7   Thumb Code     0  startup_stm32f10x_md.o(.text)
    SPI2_IRQHandler                          0x080001c7   Thumb Code     0  startup_stm32f10x_md.o(.text)
    TAMPER_IRQHandler                        0x080001c7   Thumb Code     0  startup_stm32f10x_md.o(.text)
    TIM1_BRK_IRQHandler                      0x080001c7   Thumb Code     0  startup_stm32f10x_md.o(.text)
    TIM1_CC_IRQHandler                       0x080001c7   Thumb Code     0  startup_stm32f10x_md.o(.text)
    TIM1_TRG_COM_IRQHandler                  0x080001c7   Thumb Code     0  startup_stm32f10x_md.o(.text)
    TIM1_UP_IRQHandler                       0x080001c7   Thumb Code     0  startup_stm32f10x_md.o(.text)
    TIM2_IRQHandler                          0x080001c7   Thumb Code     0  startup_stm32f10x_md.o(.text)
    USART2_IRQHandler                        0x080001c7   Thumb Code     0  startup_stm32f10x_md.o(.text)
    USART3_IRQHandler                        0x080001c7   Thumb Code     0  startup_stm32f10x_md.o(.text)
    USBWakeUp_IRQHandler                     0x080001c7   Thumb Code     0  startup_stm32f10x_md.o(.text)
    USB_HP_CAN1_TX_IRQHandler                0x080001c7   Thumb Code     0  startup_stm32f10x_md.o(.text)
    USB_LP_CAN1_RX0_IRQHandler               0x080001c7   Thumb Code     0  startup_stm32f10x_md.o(.text)
    WWDG_IRQHandler                          0x080001c7   Thumb Code     0  startup_stm32f10x_md.o(.text)
    __user_initial_stackheap                 0x080001c9   Thumb Code     0  startup_stm32f10x_md.o(.text)
    __use_no_semihosting                     0x080001ed   Thumb Code     2  use_no_semi_2.o(.text)
    __2printf                                0x080001f1   Thumb Code    20  noretval__2printf.o(.text)
    __2sprintf                               0x08000209   Thumb Code    34  noretval__2sprintf.o(.text)
    _printf_str                              0x08000231   Thumb Code    82  _printf_str.o(.text)
    _printf_int_dec                          0x08000285   Thumb Code   104  _printf_dec.o(.text)
    __printf                                 0x080002fd   Thumb Code   270  __printf_wp.o(.text)
    strcpy                                   0x0800040b   Thumb Code    72  strcpy.o(.text)
    __aeabi_memcpy4                          0x08000453   Thumb Code     0  rt_memcpy_w.o(.text)
    __aeabi_memcpy8                          0x08000453   Thumb Code     0  rt_memcpy_w.o(.text)
    __rt_memcpy_w                            0x08000453   Thumb Code   100  rt_memcpy_w.o(.text)
    _memcpy_lastbytes_aligned                0x0800049b   Thumb Code     0  rt_memcpy_w.o(.text)
    __aeabi_memclr                           0x080004b7   Thumb Code     0  rt_memclr.o(.text)
    __rt_memclr                              0x080004b7   Thumb Code    68  rt_memclr.o(.text)
    _memset                                  0x080004bb   Thumb Code     0  rt_memclr.o(.text)
    __aeabi_memclr4                          0x080004fb   Thumb Code     0  rt_memclr_w.o(.text)
    __aeabi_memclr8                          0x080004fb   Thumb Code     0  rt_memclr_w.o(.text)
    __rt_memclr_w                            0x080004fb   Thumb Code    78  rt_memclr_w.o(.text)
    _memset_w                                0x080004ff   Thumb Code     0  rt_memclr_w.o(.text)
    strncpy                                  0x08000549   Thumb Code    86  strncpy.o(.text)
    strcmp                                   0x080005a1   Thumb Code   128  strcmpv7m.o(.text)
    __use_two_region_memory                  0x08000621   Thumb Code     2  heapauxi.o(.text)
    __rt_heap_escrow$2region                 0x08000623   Thumb Code     2  heapauxi.o(.text)
    __rt_heap_expand$2region                 0x08000625   Thumb Code     2  heapauxi.o(.text)
    __I$use$semihosting                      0x08000627   Thumb Code     0  use_no_semi.o(.text)
    __use_no_semihosting_swi                 0x08000627   Thumb Code     2  use_no_semi.o(.text)
    __read_errno                             0x08000629   Thumb Code    10  _rserrno.o(.text)
    __set_errno                              0x08000633   Thumb Code    12  _rserrno.o(.text)
    _printf_int_common                       0x0800063f   Thumb Code   178  _printf_intcommon.o(.text)
    __lib_sel_fp_printf                      0x080006f1   Thumb Code     2  _printf_fp_dec.o(.text)
    _printf_fp_dec_real                      0x080008a3   Thumb Code   620  _printf_fp_dec.o(.text)
    _printf_char_common                      0x08000b1b   Thumb Code    32  _printf_char_common.o(.text)
    _sputc                                   0x08000b41   Thumb Code    10  _sputc.o(.text)
    _printf_cs_common                        0x08000b4b   Thumb Code    20  _printf_char.o(.text)
    _printf_char                             0x08000b5f   Thumb Code    16  _printf_char.o(.text)
    _printf_string                           0x08000b6f   Thumb Code     8  _printf_char.o(.text)
    _printf_char_file                        0x08000b79   Thumb Code    32  _printf_char_file.o(.text)
    __rt_locale                              0x08000b9d   Thumb Code     8  rt_locale_intlibspace.o(.text)
    __aeabi_errno_addr                       0x08000ba5   Thumb Code     8  rt_errno_addr_intlibspace.o(.text)
    __errno$intlibspace                      0x08000ba5   Thumb Code     0  rt_errno_addr_intlibspace.o(.text)
    __rt_errno_addr$intlibspace              0x08000ba5   Thumb Code     0  rt_errno_addr_intlibspace.o(.text)
    _ll_udiv10                               0x08000bad   Thumb Code   138  lludiv10.o(.text)
    _printf_fp_infnan                        0x08000c39   Thumb Code   112  _printf_fp_infnan.o(.text)
    _btod_etento                             0x08000cb9   Thumb Code   224  bigflt0.o(.text)
    ferror                                   0x08000d9d   Thumb Code     8  ferror.o(.text)
    __user_libspace                          0x08000da5   Thumb Code     8  libspace.o(.text)
    __user_perproc_libspace                  0x08000da5   Thumb Code     0  libspace.o(.text)
    __user_perthread_libspace                0x08000da5   Thumb Code     0  libspace.o(.text)
    __user_setup_stackheap                   0x08000dad   Thumb Code    74  sys_stackheap_outer.o(.text)
    exit                                     0x08000df7   Thumb Code    18  exit.o(.text)
    _btod_d2e                                0x08000e09   Thumb Code    62  btod.o(CL$$btod_d2e)
    _d2e_denorm_low                          0x08000e47   Thumb Code    70  btod.o(CL$$btod_d2e_denorm_low)
    _d2e_norm_op1                            0x08000e8d   Thumb Code    96  btod.o(CL$$btod_d2e_norm_op1)
    __btod_div_common                        0x08000eed   Thumb Code   696  btod.o(CL$$btod_div_common)
    _e2e                                     0x08001225   Thumb Code   220  btod.o(CL$$btod_e2e)
    _btod_ediv                               0x08001301   Thumb Code    42  btod.o(CL$$btod_ediv)
    _btod_emul                               0x0800132b   Thumb Code    42  btod.o(CL$$btod_emul)
    __btod_mult_common                       0x08001355   Thumb Code   580  btod.o(CL$$btod_mult_common)
    ADC_Cmd                                  0x08001599   Thumb Code    22  stm32f10x_adc.o(i.ADC_Cmd)
    ADC_DeInit                               0x080015b1   Thumb Code    78  stm32f10x_adc.o(i.ADC_DeInit)
    ADC_GetCalibrationStatus                 0x0800160d   Thumb Code    20  stm32f10x_adc.o(i.ADC_GetCalibrationStatus)
    ADC_GetConversionValue                   0x08001621   Thumb Code     8  stm32f10x_adc.o(i.ADC_GetConversionValue)
    ADC_GetFlagStatus                        0x08001629   Thumb Code    18  stm32f10x_adc.o(i.ADC_GetFlagStatus)
    ADC_GetResetCalibrationStatus            0x0800163b   Thumb Code    20  stm32f10x_adc.o(i.ADC_GetResetCalibrationStatus)
    ADC_Init                                 0x08001651   Thumb Code    70  stm32f10x_adc.o(i.ADC_Init)
    ADC_RegularChannelConfig                 0x080016a1   Thumb Code   184  stm32f10x_adc.o(i.ADC_RegularChannelConfig)
    ADC_ResetCalibration                     0x08001759   Thumb Code    10  stm32f10x_adc.o(i.ADC_ResetCalibration)
    ADC_SoftwareStartConvCmd                 0x08001763   Thumb Code    22  stm32f10x_adc.o(i.ADC_SoftwareStartConvCmd)
    ADC_StartCalibration                     0x08001779   Thumb Code    10  stm32f10x_adc.o(i.ADC_StartCalibration)
    ANGLE_CONTROL_ConfigSequence             0x08001785   Thumb Code    80  angle_control.o(i.ANGLE_CONTROL_ConfigSequence)
    ANGLE_CONTROL_GetTime                    0x08001801   Thumb Code     6  angle_control.o(i.ANGLE_CONTROL_GetTime)
    ANGLE_CONTROL_Init                       0x0800180d   Thumb Code   116  angle_control.o(i.ANGLE_CONTROL_Init)
    ANGLE_CONTROL_Process                    0x080018c5   Thumb Code   208  angle_control.o(i.ANGLE_CONTROL_Process)
    ANGLE_CONTROL_SetMode                    0x08001c25   Thumb Code    42  angle_control.o(i.ANGLE_CONTROL_SetMode)
    ANGLE_CONTROL_SetStableCondition         0x08001c71   Thumb Code    42  angle_control.o(i.ANGLE_CONTROL_SetStableCondition)
    ANGLE_CONTROL_SetTarget                  0x08001cd9   Thumb Code    76  angle_control.o(i.ANGLE_CONTROL_SetTarget)
    ANGLE_CONTROL_Stop                       0x08001d51   Thumb Code    32  angle_control.o(i.ANGLE_CONTROL_Stop)
    ANGLE_CONTROL_TimeUpdate                 0x08001d89   Thumb Code    12  angle_control.o(i.ANGLE_CONTROL_TimeUpdate)
    ANGLE_SENSOR_GetAngle                    0x08001da5   Thumb Code   210  angle_sensor.o(i.ANGLE_SENSOR_GetAngle)
    ANGLE_SENSOR_Init                        0x08001e99   Thumb Code   148  angle_sensor.o(i.ANGLE_SENSOR_Init)
    BusFault_Handler                         0x08001f35   Thumb Code     4  stm32f10x_it.o(i.BusFault_Handler)
    DebugMon_Handler                         0x08001ffd   Thumb Code     2  stm32f10x_it.o(i.DebugMon_Handler)
    DisplayStatus                            0x08002001   Thumb Code   912  main.o(i.DisplayStatus)
    FAN_Init                                 0x08002641   Thumb Code    16  fan_driver.o(i.FAN_Init)
    FAN_SetDirection                         0x08002651   Thumb Code    78  fan_driver.o(i.FAN_SetDirection)
    FAN_SetSpeed                             0x080026a9   Thumb Code    66  fan_driver.o(i.FAN_SetSpeed)
    FAN_Stop                                 0x080026f5   Thumb Code    72  fan_driver.o(i.FAN_Stop)
    FAN_StopAll                              0x08002745   Thumb Code    16  fan_driver.o(i.FAN_StopAll)
    GPIO_Init                                0x080027e1   Thumb Code   278  stm32f10x_gpio.o(i.GPIO_Init)
    GPIO_ReadInputDataBit                    0x080028f7   Thumb Code    18  stm32f10x_gpio.o(i.GPIO_ReadInputDataBit)
    GPIO_ResetBits                           0x08002909   Thumb Code     4  stm32f10x_gpio.o(i.GPIO_ResetBits)
    GPIO_SetBits                             0x0800290d   Thumb Code     4  stm32f10x_gpio.o(i.GPIO_SetBits)
    HardFault_Handler                        0x08002911   Thumb Code     4  stm32f10x_it.o(i.HardFault_Handler)
    I2C_Start                                0x08002915   Thumb Code    56  oled.o(i.I2C_Start)
    I2C_Stop                                 0x08002951   Thumb Code    38  oled.o(i.I2C_Stop)
    I2C_WaitAck                              0x0800297d   Thumb Code    46  oled.o(i.I2C_WaitAck)
    IIC_delay                                0x080029b1   Thumb Code    16  oled.o(i.IIC_delay)
    IWDG_ReloadCounter                       0x080029c1   Thumb Code    10  stm32f10x_iwdg.o(i.IWDG_ReloadCounter)
    IWDG_SetPrescaler                        0x080029d1   Thumb Code     6  stm32f10x_iwdg.o(i.IWDG_SetPrescaler)
    IWDG_SetReload                           0x080029dd   Thumb Code     6  stm32f10x_iwdg.o(i.IWDG_SetReload)
    IWDG_WriteAccessCmd                      0x080029e9   Thumb Code     6  stm32f10x_iwdg.o(i.IWDG_WriteAccessCmd)
    KEY_Init                                 0x080029f5   Thumb Code   172  key.o(i.KEY_Init)
    KEY_Scan                                 0x08002b19   Thumb Code   164  key.o(i.KEY_Scan)
    MemManage_Handler                        0x08002bc1   Thumb Code     4  stm32f10x_it.o(i.MemManage_Handler)
    NMI_Handler                              0x08002bc7   Thumb Code     2  stm32f10x_it.o(i.NMI_Handler)
    NVIC_Init                                0x08002bc9   Thumb Code   100  misc.o(i.NVIC_Init)
    NVIC_PriorityGroupConfig                 0x08002c39   Thumb Code    10  misc.o(i.NVIC_PriorityGroupConfig)
    OLED_Clear                               0x08002c4d   Thumb Code    42  oled.o(i.OLED_Clear)
    OLED_ColorTurn                           0x08002c7d   Thumb Code    28  oled.o(i.OLED_ColorTurn)
    OLED_DisplayTurn                         0x08002c99   Thumb Code    44  oled.o(i.OLED_DisplayTurn)
    OLED_DrawCircle                          0x08002cc5   Thumb Code   168  oled.o(i.OLED_DrawCircle)
    OLED_DrawLine                            0x08002d6d   Thumb Code   172  oled.o(i.OLED_DrawLine)
    OLED_DrawPoint                           0x08002e19   Thumb Code   114  oled.o(i.OLED_DrawPoint)
    OLED_Init                                0x08002e91   Thumb Code   370  oled.o(i.OLED_Init)
    OLED_Refresh                             0x0800300d   Thumb Code   100  oled.o(i.OLED_Refresh)
    OLED_ShowChar                            0x08003075   Thumb Code   300  oled.o(i.OLED_ShowChar)
    OLED_ShowString                          0x080031b1   Thumb Code    74  oled.o(i.OLED_ShowString)
    OLED_WR_Byte                             0x080031fb   Thumb Code    56  oled.o(i.OLED_WR_Byte)
    PID_Calculate                            0x08003233   Thumb Code    32  pid_controller.o(i.PID_Calculate)
    PID_Init                                 0x08003535   Thumb Code    86  pid_controller.o(i.PID_Init)
    PID_Reset                                0x0800359d   Thumb Code    14  pid_controller.o(i.PID_Reset)
    PID_SetOutputLimits                      0x080035ab   Thumb Code    54  pid_controller.o(i.PID_SetOutputLimits)
    PID_SetPoint                             0x080035e1   Thumb Code     4  pid_controller.o(i.PID_SetPoint)
    PendSV_Handler                           0x080035e5   Thumb Code     2  stm32f10x_it.o(i.PendSV_Handler)
    RCC_APB1PeriphClockCmd                   0x08003779   Thumb Code    26  stm32f10x_rcc.o(i.RCC_APB1PeriphClockCmd)
    RCC_APB2PeriphClockCmd                   0x08003799   Thumb Code    26  stm32f10x_rcc.o(i.RCC_APB2PeriphClockCmd)
    RCC_APB2PeriphResetCmd                   0x080037b9   Thumb Code    26  stm32f10x_rcc.o(i.RCC_APB2PeriphResetCmd)
    RCC_GetClocksFreq                        0x080037d9   Thumb Code   192  stm32f10x_rcc.o(i.RCC_GetClocksFreq)
    SVC_Handler                              0x080038ad   Thumb Code     2  stm32f10x_it.o(i.SVC_Handler)
    Send_Byte                                0x080038b1   Thumb Code    78  oled.o(i.Send_Byte)
    ShowBootAnimation                        0x080039ed   Thumb Code  1426  oled.o(i.ShowBootAnimation)
    SysTick_CLKSourceConfig                  0x08003fb9   Thumb Code    40  misc.o(i.SysTick_CLKSourceConfig)
    SysTick_Handler                          0x08003fe1   Thumb Code     2  stm32f10x_it.o(i.SysTick_Handler)
    SystemInit                               0x08003fe5   Thumb Code    78  system_stm32f10x.o(i.SystemInit)
    TIM3_IRQHandler                          0x08004139   Thumb Code    28  stm32f10x_it.o(i.TIM3_IRQHandler)
    TIM4_IRQHandler                          0x0800415d   Thumb Code    26  stm32f10x_it.o(i.TIM4_IRQHandler)
    TIM_ARRPreloadConfig                     0x0800417d   Thumb Code    24  stm32f10x_tim.o(i.TIM_ARRPreloadConfig)
    TIM_ClearITPendingBit                    0x08004195   Thumb Code     6  stm32f10x_tim.o(i.TIM_ClearITPendingBit)
    TIM_Cmd                                  0x0800419b   Thumb Code    24  stm32f10x_tim.o(i.TIM_Cmd)
    TIM_GetITStatus                          0x080041b3   Thumb Code    34  stm32f10x_tim.o(i.TIM_GetITStatus)
    TIM_ITConfig                             0x080041d5   Thumb Code    18  stm32f10x_tim.o(i.TIM_ITConfig)
    TIM_OC2Init                              0x080041e9   Thumb Code   154  stm32f10x_tim.o(i.TIM_OC2Init)
    TIM_OC2PreloadConfig                     0x0800428d   Thumb Code    26  stm32f10x_tim.o(i.TIM_OC2PreloadConfig)
    TIM_OC3Init                              0x080042a9   Thumb Code   150  stm32f10x_tim.o(i.TIM_OC3Init)
    TIM_OC3PreloadConfig                     0x08004349   Thumb Code    18  stm32f10x_tim.o(i.TIM_OC3PreloadConfig)
    TIM_SetCompare2                          0x0800435b   Thumb Code     4  stm32f10x_tim.o(i.TIM_SetCompare2)
    TIM_SetCompare3                          0x0800435f   Thumb Code     4  stm32f10x_tim.o(i.TIM_SetCompare3)
    TIM_TimeBaseInit                         0x08004365   Thumb Code   122  stm32f10x_tim.o(i.TIM_TimeBaseInit)
    USART1_IRQHandler                        0x080044a9   Thumb Code   122  usart.o(i.USART1_IRQHandler)
    USART_Cmd                                0x08004531   Thumb Code    24  stm32f10x_usart.o(i.USART_Cmd)
    USART_GetITStatus                        0x08004549   Thumb Code    84  stm32f10x_usart.o(i.USART_GetITStatus)
    USART_ITConfig                           0x0800459d   Thumb Code    74  stm32f10x_usart.o(i.USART_ITConfig)
    USART_Init                               0x080045e9   Thumb Code   210  stm32f10x_usart.o(i.USART_Init)
    USART_ReceiveData                        0x080046c1   Thumb Code    10  stm32f10x_usart.o(i.USART_ReceiveData)
    UsageFault_Handler                       0x080046cb   Thumb Code     4  stm32f10x_it.o(i.UsageFault_Handler)
    __ARM_fpclassify                         0x080046db   Thumb Code    40  fpclassify.o(i.__ARM_fpclassify)
    __ieee754_rem_pio2                       0x08004705   Thumb Code   828  rred.o(i.__ieee754_rem_pio2)
    __kernel_cos                             0x08004a8d   Thumb Code   230  cos_i.o(i.__kernel_cos)
    __kernel_poly                            0x08004b89   Thumb Code   170  poly.o(i.__kernel_poly)
    __kernel_sin                             0x08004c35   Thumb Code   224  sin_i.o(i.__kernel_sin)
    __mathlib_dbl_infnan                     0x08004d21   Thumb Code     6  dunder.o(i.__mathlib_dbl_infnan)
    __mathlib_dbl_invalid                    0x08004d27   Thumb Code    12  dunder.o(i.__mathlib_dbl_invalid)
    __mathlib_dbl_underflow                  0x08004d35   Thumb Code    10  dunder.o(i.__mathlib_dbl_underflow)
    _is_digit                                0x08004d45   Thumb Code    14  __printf_wp.o(i._is_digit)
    _sys_exit                                0x08004d53   Thumb Code     4  usart.o(i._sys_exit)
    cos                                      0x08004d59   Thumb Code   148  cos.o(i.cos)
    delay_init                               0x08004df5   Thumb Code    50  delay.o(i.delay_init)
    delay_ms                                 0x08004e39   Thumb Code    72  delay.o(i.delay_ms)
    fputc                                    0x08004e85   Thumb Code    24  usart.o(i.fputc)
    main                                     0x08004ea1   Thumb Code   128  main.o(i.main)
    sin                                      0x08004f7d   Thumb Code   150  sin.o(i.sin)
    uart_init                                0x0800501d   Thumb Code   152  usart.o(i.uart_init)
    _get_lc_numeric                          0x080050bd   Thumb Code    44  lc_numeric_c.o(locale$$code)
    __aeabi_d2f                              0x080050e9   Thumb Code     0  d2f.o(x$fpl$d2f)
    _d2f                                     0x080050e9   Thumb Code    98  d2f.o(x$fpl$d2f)
    __aeabi_dadd                             0x0800514d   Thumb Code     0  daddsub_clz.o(x$fpl$dadd)
    _dadd                                    0x0800514d   Thumb Code   332  daddsub_clz.o(x$fpl$dadd)
    __fpl_dcheck_NaN1                        0x0800529d   Thumb Code    10  dcheck1.o(x$fpl$dcheck1)
    __fpl_dcmp_Inf                           0x080052ad   Thumb Code    24  dcmpi.o(x$fpl$dcmpinf)
    __aeabi_ddiv                             0x080052c5   Thumb Code     0  ddiv.o(x$fpl$ddiv)
    _ddiv                                    0x080052c5   Thumb Code   552  ddiv.o(x$fpl$ddiv)
    __aeabi_d2iz                             0x08005575   Thumb Code     0  dfix.o(x$fpl$dfix)
    _dfix                                    0x08005575   Thumb Code    94  dfix.o(x$fpl$dfix)
    __aeabi_d2uiz                            0x080055d5   Thumb Code     0  dfixu.o(x$fpl$dfixu)
    _dfixu                                   0x080055d5   Thumb Code    90  dfixu.o(x$fpl$dfixu)
    __aeabi_i2d                              0x0800562f   Thumb Code     0  dflt_clz.o(x$fpl$dflt)
    _dflt                                    0x0800562f   Thumb Code    46  dflt_clz.o(x$fpl$dflt)
    __aeabi_ui2d                             0x0800565d   Thumb Code     0  dflt_clz.o(x$fpl$dfltu)
    _dfltu                                   0x0800565d   Thumb Code    38  dflt_clz.o(x$fpl$dfltu)
    __aeabi_cdcmple                          0x08005685   Thumb Code     0  dleqf.o(x$fpl$dleqf)
    _dcmple                                  0x08005685   Thumb Code   120  dleqf.o(x$fpl$dleqf)
    __fpl_dcmple_InfNaN                      0x080056e7   Thumb Code     0  dleqf.o(x$fpl$dleqf)
    __aeabi_dmul                             0x080056fd   Thumb Code     0  dmul.o(x$fpl$dmul)
    _dmul                                    0x080056fd   Thumb Code   332  dmul.o(x$fpl$dmul)
    __fpl_dnaninf                            0x08005851   Thumb Code   156  dnaninf.o(x$fpl$dnaninf)
    __fpl_dretinf                            0x080058ed   Thumb Code    12  dretinf.o(x$fpl$dretinf)
    __aeabi_cdrcmple                         0x080058f9   Thumb Code     0  drleqf.o(x$fpl$drleqf)
    _drcmple                                 0x080058f9   Thumb Code   108  drleqf.o(x$fpl$drleqf)
    __aeabi_drsub                            0x08005965   Thumb Code     0  daddsub_clz.o(x$fpl$drsb)
    _drsb                                    0x08005965   Thumb Code    22  daddsub_clz.o(x$fpl$drsb)
    __aeabi_dsub                             0x0800597d   Thumb Code     0  daddsub_clz.o(x$fpl$dsub)
    _dsub                                    0x0800597d   Thumb Code   464  daddsub_clz.o(x$fpl$dsub)
    __aeabi_f2d                              0x08005b51   Thumb Code     0  f2d.o(x$fpl$f2d)
    _f2d                                     0x08005b51   Thumb Code    86  f2d.o(x$fpl$f2d)
    __aeabi_fadd                             0x08005ba9   Thumb Code     0  faddsub_clz.o(x$fpl$fadd)
    _fadd                                    0x08005ba9   Thumb Code   196  faddsub_clz.o(x$fpl$fadd)
    __fpl_fcmp_Inf                           0x08005c6d   Thumb Code    24  fcmpi.o(x$fpl$fcmpinf)
    __aeabi_fdiv                             0x08005c85   Thumb Code     0  fdiv.o(x$fpl$fdiv)
    _fdiv                                    0x08005c85   Thumb Code   384  fdiv.o(x$fpl$fdiv)
    __aeabi_f2iz                             0x08005e09   Thumb Code     0  ffix.o(x$fpl$ffix)
    _ffix                                    0x08005e09   Thumb Code    54  ffix.o(x$fpl$ffix)
    __aeabi_i2f                              0x08005e41   Thumb Code     0  fflt_clz.o(x$fpl$fflt)
    _fflt                                    0x08005e41   Thumb Code    48  fflt_clz.o(x$fpl$fflt)
    __aeabi_ui2f                             0x08005e71   Thumb Code     0  fflt_clz.o(x$fpl$ffltu)
    _ffltu                                   0x08005e71   Thumb Code    38  fflt_clz.o(x$fpl$ffltu)
    __aeabi_cfcmple                          0x08005e99   Thumb Code     0  fleqf.o(x$fpl$fleqf)
    _fcmple                                  0x08005e99   Thumb Code   104  fleqf.o(x$fpl$fleqf)
    __fpl_fcmple_InfNaN                      0x08005eeb   Thumb Code     0  fleqf.o(x$fpl$fleqf)
    __aeabi_fmul                             0x08005f01   Thumb Code     0  fmul.o(x$fpl$fmul)
    _fmul                                    0x08005f01   Thumb Code   258  fmul.o(x$fpl$fmul)
    __fpl_fnaninf                            0x08006003   Thumb Code   140  fnaninf.o(x$fpl$fnaninf)
    __fpl_fretinf                            0x0800608f   Thumb Code    10  fretinf.o(x$fpl$fretinf)
    __aeabi_cfrcmple                         0x08006099   Thumb Code     0  frleqf.o(x$fpl$frleqf)
    _frcmple                                 0x08006099   Thumb Code    98  frleqf.o(x$fpl$frleqf)
    __aeabi_frsub                            0x080060fb   Thumb Code     0  faddsub_clz.o(x$fpl$frsb)
    _frsb                                    0x080060fb   Thumb Code    20  faddsub_clz.o(x$fpl$frsb)
    __aeabi_fsub                             0x08006111   Thumb Code     0  faddsub_clz.o(x$fpl$fsub)
    _fsub                                    0x08006111   Thumb Code   234  faddsub_clz.o(x$fpl$fsub)
    _printf_fp_dec                           0x080061fb   Thumb Code     4  printf1.o(x$fpl$printf1)
    __fpl_return_NaN                         0x080061ff   Thumb Code   100  retnan.o(x$fpl$retnan)
    __ARM_scalbn                             0x08006263   Thumb Code    92  scalbn.o(x$fpl$scalbn)
    __fpl_cmpreturn                          0x080062bf   Thumb Code    48  trapv.o(x$fpl$trapveneer)
    __I$use$fp                               0x080062ee   Number         0  usenofp.o(x$fpl$usenofp)
    asc2_0806                                0x08006304   Data         552  oled.o(.constdata)
    asc2_1206                                0x0800652c   Data        1140  oled.o(.constdata)
    asc2_1608                                0x080069a0   Data        1520  oled.o(.constdata)
    asc2_2412                                0x08006f90   Data        3420  oled.o(.constdata)
    Hzk1                                     0x08007cec   Data         352  oled.o(.constdata)
    Hzk2                                     0x08007e4c   Data          72  oled.o(.constdata)
    Hzk3                                     0x08007e94   Data         128  oled.o(.constdata)
    Hzk4                                     0x08007f14   Data         512  oled.o(.constdata)
    Region$$Table$$Base                      0x080082cc   Number         0  anon$$obj.o(Region$$Table)
    Region$$Table$$Limit                     0x080082ec   Number         0  anon$$obj.o(Region$$Table)
    SystemCoreClock                          0x20000000   Data           4  system_stm32f10x.o(.data)
    AHBPrescTable                            0x20000004   Data          16  system_stm32f10x.o(.data)
    speed                                    0x20000050   Data           1  angle_control.o(.data)
    __stdout                                 0x2000005c   Data           4  usart.o(.data)
    USART_RX_STA                             0x20000060   Data           2  usart.o(.data)
    g_angle_control                          0x20000064   Data         180  main.o(.bss)
    OLED_GRAM                                0x2000024c   Data        1152  oled.o(.bss)
    USART_RX_BUF                             0x200006cc   Data         200  usart.o(.bss)
    __libspace_start                         0x20000794   Data          96  libspace.o(.bss)
    __temporary_stack_top$libspace           0x200007f4   Data           0  libspace.o(.bss)



==============================================================================

Memory Map of the image

  Image Entry point : 0x080000ed

  Load Region LR_IROM1 (Base: 0x08000000, Size: 0x0000836c, Max: 0x00010000, ABSOLUTE)

    Execution Region ER_IROM1 (Exec base: 0x08000000, Load base: 0x08000000, Size: 0x00008308, Max: 0x00010000, ABSOLUTE)

    Exec Addr    Load Addr    Size         Type   Attr      Idx    E Section Name        Object

    0x08000000   0x08000000   0x000000ec   Data   RO            3    RESET               startup_stm32f10x_md.o
    0x080000ec   0x080000ec   0x00000008   Code   RO         4050  * !!!main             c_w.l(__main.o)
    0x080000f4   0x080000f4   0x00000034   Code   RO         4403    !!!scatter          c_w.l(__scatter.o)
    0x08000128   0x08000128   0x0000001a   Code   RO         4405    !!handler_copy      c_w.l(__scatter_copy.o)
    0x08000142   0x08000142   0x00000002   PAD
    0x08000144   0x08000144   0x0000001c   Code   RO         4407    !!handler_zi        c_w.l(__scatter_zi.o)
    0x08000160   0x08000160   0x00000000   Code   RO         4035    .ARM.Collect$$_printf_percent$$00000000  c_w.l(_printf_percent.o)
    0x08000160   0x08000160   0x00000006   Code   RO         4034    .ARM.Collect$$_printf_percent$$00000003  c_w.l(_printf_f.o)
    0x08000166   0x08000166   0x00000006   Code   RO         4033    .ARM.Collect$$_printf_percent$$00000009  c_w.l(_printf_d.o)
    0x0800016c   0x0800016c   0x00000006   Code   RO         4032    .ARM.Collect$$_printf_percent$$00000013  c_w.l(_printf_c.o)
    0x08000172   0x08000172   0x00000004   Code   RO         4147    .ARM.Collect$$_printf_percent$$00000017  c_w.l(_printf_percent_end.o)
    0x08000176   0x08000176   0x00000002   Code   RO         4272    .ARM.Collect$$libinit$$00000000  c_w.l(libinit.o)
    0x08000178   0x08000178   0x00000000   Code   RO         4274    .ARM.Collect$$libinit$$00000002  c_w.l(libinit2.o)
    0x08000178   0x08000178   0x00000000   Code   RO         4276    .ARM.Collect$$libinit$$00000004  c_w.l(libinit2.o)
    0x08000178   0x08000178   0x00000000   Code   RO         4279    .ARM.Collect$$libinit$$0000000A  c_w.l(libinit2.o)
    0x08000178   0x08000178   0x00000000   Code   RO         4281    .ARM.Collect$$libinit$$0000000C  c_w.l(libinit2.o)
    0x08000178   0x08000178   0x00000000   Code   RO         4283    .ARM.Collect$$libinit$$0000000E  c_w.l(libinit2.o)
    0x08000178   0x08000178   0x00000006   Code   RO         4284    .ARM.Collect$$libinit$$0000000F  c_w.l(libinit2.o)
    0x0800017e   0x0800017e   0x00000000   Code   RO         4286    .ARM.Collect$$libinit$$00000011  c_w.l(libinit2.o)
    0x0800017e   0x0800017e   0x00000000   Code   RO         4288    .ARM.Collect$$libinit$$00000013  c_w.l(libinit2.o)
    0x0800017e   0x0800017e   0x00000000   Code   RO         4290    .ARM.Collect$$libinit$$00000015  c_w.l(libinit2.o)
    0x0800017e   0x0800017e   0x0000000a   Code   RO         4291    .ARM.Collect$$libinit$$00000016  c_w.l(libinit2.o)
    0x08000188   0x08000188   0x00000000   Code   RO         4292    .ARM.Collect$$libinit$$00000017  c_w.l(libinit2.o)
    0x08000188   0x08000188   0x00000000   Code   RO         4294    .ARM.Collect$$libinit$$00000019  c_w.l(libinit2.o)
    0x08000188   0x08000188   0x00000000   Code   RO         4296    .ARM.Collect$$libinit$$0000001B  c_w.l(libinit2.o)
    0x08000188   0x08000188   0x00000000   Code   RO         4298    .ARM.Collect$$libinit$$0000001D  c_w.l(libinit2.o)
    0x08000188   0x08000188   0x00000000   Code   RO         4300    .ARM.Collect$$libinit$$0000001F  c_w.l(libinit2.o)
    0x08000188   0x08000188   0x00000000   Code   RO         4302    .ARM.Collect$$libinit$$00000021  c_w.l(libinit2.o)
    0x08000188   0x08000188   0x00000000   Code   RO         4304    .ARM.Collect$$libinit$$00000023  c_w.l(libinit2.o)
    0x08000188   0x08000188   0x00000000   Code   RO         4306    .ARM.Collect$$libinit$$00000025  c_w.l(libinit2.o)
    0x08000188   0x08000188   0x00000000   Code   RO         4310    .ARM.Collect$$libinit$$0000002C  c_w.l(libinit2.o)
    0x08000188   0x08000188   0x00000000   Code   RO         4312    .ARM.Collect$$libinit$$0000002E  c_w.l(libinit2.o)
    0x08000188   0x08000188   0x00000000   Code   RO         4314    .ARM.Collect$$libinit$$00000030  c_w.l(libinit2.o)
    0x08000188   0x08000188   0x00000000   Code   RO         4316    .ARM.Collect$$libinit$$00000032  c_w.l(libinit2.o)
    0x08000188   0x08000188   0x00000002   Code   RO         4317    .ARM.Collect$$libinit$$00000033  c_w.l(libinit2.o)
    0x0800018a   0x0800018a   0x00000002   Code   RO         4351    .ARM.Collect$$libshutdown$$00000000  c_w.l(libshutdown.o)
    0x0800018c   0x0800018c   0x00000000   Code   RO         4360    .ARM.Collect$$libshutdown$$00000002  c_w.l(libshutdown2.o)
    0x0800018c   0x0800018c   0x00000000   Code   RO         4362    .ARM.Collect$$libshutdown$$00000004  c_w.l(libshutdown2.o)
    0x0800018c   0x0800018c   0x00000000   Code   RO         4364    .ARM.Collect$$libshutdown$$00000006  c_w.l(libshutdown2.o)
    0x0800018c   0x0800018c   0x00000000   Code   RO         4367    .ARM.Collect$$libshutdown$$00000009  c_w.l(libshutdown2.o)
    0x0800018c   0x0800018c   0x00000000   Code   RO         4370    .ARM.Collect$$libshutdown$$0000000C  c_w.l(libshutdown2.o)
    0x0800018c   0x0800018c   0x00000000   Code   RO         4372    .ARM.Collect$$libshutdown$$0000000E  c_w.l(libshutdown2.o)
    0x0800018c   0x0800018c   0x00000000   Code   RO         4375    .ARM.Collect$$libshutdown$$00000011  c_w.l(libshutdown2.o)
    0x0800018c   0x0800018c   0x00000002   Code   RO         4376    .ARM.Collect$$libshutdown$$00000012  c_w.l(libshutdown2.o)
    0x0800018e   0x0800018e   0x00000000   Code   RO         4132    .ARM.Collect$$rtentry$$00000000  c_w.l(__rtentry.o)
    0x0800018e   0x0800018e   0x00000000   Code   RO         4190    .ARM.Collect$$rtentry$$00000002  c_w.l(__rtentry2.o)
    0x0800018e   0x0800018e   0x00000006   Code   RO         4202    .ARM.Collect$$rtentry$$00000004  c_w.l(__rtentry4.o)
    0x08000194   0x08000194   0x00000000   Code   RO         4192    .ARM.Collect$$rtentry$$00000009  c_w.l(__rtentry2.o)
    0x08000194   0x08000194   0x00000004   Code   RO         4193    .ARM.Collect$$rtentry$$0000000A  c_w.l(__rtentry2.o)
    0x08000198   0x08000198   0x00000000   Code   RO         4195    .ARM.Collect$$rtentry$$0000000C  c_w.l(__rtentry2.o)
    0x08000198   0x08000198   0x00000008   Code   RO         4196    .ARM.Collect$$rtentry$$0000000D  c_w.l(__rtentry2.o)
    0x080001a0   0x080001a0   0x00000002   Code   RO         4320    .ARM.Collect$$rtexit$$00000000  c_w.l(rtexit.o)
    0x080001a2   0x080001a2   0x00000000   Code   RO         4329    .ARM.Collect$$rtexit$$00000002  c_w.l(rtexit2.o)
    0x080001a2   0x080001a2   0x00000004   Code   RO         4330    .ARM.Collect$$rtexit$$00000003  c_w.l(rtexit2.o)
    0x080001a6   0x080001a6   0x00000006   Code   RO         4331    .ARM.Collect$$rtexit$$00000004  c_w.l(rtexit2.o)
    0x080001ac   0x080001ac   0x00000040   Code   RO            4    .text               startup_stm32f10x_md.o
    0x080001ec   0x080001ec   0x00000002   Code   RO         3996    .text               c_w.l(use_no_semi_2.o)
    0x080001ee   0x080001ee   0x00000002   PAD
    0x080001f0   0x080001f0   0x00000018   Code   RO         4002    .text               c_w.l(noretval__2printf.o)
    0x08000208   0x08000208   0x00000028   Code   RO         4004    .text               c_w.l(noretval__2sprintf.o)
    0x08000230   0x08000230   0x00000052   Code   RO         4008    .text               c_w.l(_printf_str.o)
    0x08000282   0x08000282   0x00000002   PAD
    0x08000284   0x08000284   0x00000078   Code   RO         4010    .text               c_w.l(_printf_dec.o)
    0x080002fc   0x080002fc   0x0000010e   Code   RO         4020    .text               c_w.l(__printf_wp.o)
    0x0800040a   0x0800040a   0x00000048   Code   RO         4036    .text               c_w.l(strcpy.o)
    0x08000452   0x08000452   0x00000064   Code   RO         4038    .text               c_w.l(rt_memcpy_w.o)
    0x080004b6   0x080004b6   0x00000044   Code   RO         4040    .text               c_w.l(rt_memclr.o)
    0x080004fa   0x080004fa   0x0000004e   Code   RO         4042    .text               c_w.l(rt_memclr_w.o)
    0x08000548   0x08000548   0x00000056   Code   RO         4044    .text               c_w.l(strncpy.o)
    0x0800059e   0x0800059e   0x00000002   PAD
    0x080005a0   0x080005a0   0x00000080   Code   RO         4046    .text               c_w.l(strcmpv7m.o)
    0x08000620   0x08000620   0x00000006   Code   RO         4048    .text               c_w.l(heapauxi.o)
    0x08000626   0x08000626   0x00000002   Code   RO         4130    .text               c_w.l(use_no_semi.o)
    0x08000628   0x08000628   0x00000016   Code   RO         4133    .text               c_w.l(_rserrno.o)
    0x0800063e   0x0800063e   0x000000b2   Code   RO         4135    .text               c_w.l(_printf_intcommon.o)
    0x080006f0   0x080006f0   0x0000041e   Code   RO         4137    .text               c_w.l(_printf_fp_dec.o)
    0x08000b0e   0x08000b0e   0x00000002   PAD
    0x08000b10   0x08000b10   0x00000030   Code   RO         4139    .text               c_w.l(_printf_char_common.o)
    0x08000b40   0x08000b40   0x0000000a   Code   RO         4141    .text               c_w.l(_sputc.o)
    0x08000b4a   0x08000b4a   0x0000002c   Code   RO         4143    .text               c_w.l(_printf_char.o)
    0x08000b76   0x08000b76   0x00000002   PAD
    0x08000b78   0x08000b78   0x00000024   Code   RO         4145    .text               c_w.l(_printf_char_file.o)
    0x08000b9c   0x08000b9c   0x00000008   Code   RO         4207    .text               c_w.l(rt_locale_intlibspace.o)
    0x08000ba4   0x08000ba4   0x00000008   Code   RO         4212    .text               c_w.l(rt_errno_addr_intlibspace.o)
    0x08000bac   0x08000bac   0x0000008a   Code   RO         4214    .text               c_w.l(lludiv10.o)
    0x08000c36   0x08000c36   0x00000002   PAD
    0x08000c38   0x08000c38   0x00000080   Code   RO         4216    .text               c_w.l(_printf_fp_infnan.o)
    0x08000cb8   0x08000cb8   0x000000e4   Code   RO         4220    .text               c_w.l(bigflt0.o)
    0x08000d9c   0x08000d9c   0x00000008   Code   RO         4245    .text               c_w.l(ferror.o)
    0x08000da4   0x08000da4   0x00000008   Code   RO         4260    .text               c_w.l(libspace.o)
    0x08000dac   0x08000dac   0x0000004a   Code   RO         4263    .text               c_w.l(sys_stackheap_outer.o)
    0x08000df6   0x08000df6   0x00000012   Code   RO         4265    .text               c_w.l(exit.o)
    0x08000e08   0x08000e08   0x0000003e   Code   RO         4223    CL$$btod_d2e        c_w.l(btod.o)
    0x08000e46   0x08000e46   0x00000046   Code   RO         4225    CL$$btod_d2e_denorm_low  c_w.l(btod.o)
    0x08000e8c   0x08000e8c   0x00000060   Code   RO         4224    CL$$btod_d2e_norm_op1  c_w.l(btod.o)
    0x08000eec   0x08000eec   0x00000338   Code   RO         4233    CL$$btod_div_common  c_w.l(btod.o)
    0x08001224   0x08001224   0x000000dc   Code   RO         4230    CL$$btod_e2e        c_w.l(btod.o)
    0x08001300   0x08001300   0x0000002a   Code   RO         4227    CL$$btod_ediv       c_w.l(btod.o)
    0x0800132a   0x0800132a   0x0000002a   Code   RO         4226    CL$$btod_emul       c_w.l(btod.o)
    0x08001354   0x08001354   0x00000244   Code   RO         4232    CL$$btod_mult_common  c_w.l(btod.o)
    0x08001598   0x08001598   0x00000016   Code   RO          202    i.ADC_Cmd           stm32f10x_adc.o
    0x080015ae   0x080015ae   0x00000002   PAD
    0x080015b0   0x080015b0   0x0000005c   Code   RO          204    i.ADC_DeInit        stm32f10x_adc.o
    0x0800160c   0x0800160c   0x00000014   Code   RO          210    i.ADC_GetCalibrationStatus  stm32f10x_adc.o
    0x08001620   0x08001620   0x00000008   Code   RO          211    i.ADC_GetConversionValue  stm32f10x_adc.o
    0x08001628   0x08001628   0x00000012   Code   RO          213    i.ADC_GetFlagStatus  stm32f10x_adc.o
    0x0800163a   0x0800163a   0x00000014   Code   RO          216    i.ADC_GetResetCalibrationStatus  stm32f10x_adc.o
    0x0800164e   0x0800164e   0x00000002   PAD
    0x08001650   0x08001650   0x00000050   Code   RO          220    i.ADC_Init          stm32f10x_adc.o
    0x080016a0   0x080016a0   0x000000b8   Code   RO          224    i.ADC_RegularChannelConfig  stm32f10x_adc.o
    0x08001758   0x08001758   0x0000000a   Code   RO          225    i.ADC_ResetCalibration  stm32f10x_adc.o
    0x08001762   0x08001762   0x00000016   Code   RO          227    i.ADC_SoftwareStartConvCmd  stm32f10x_adc.o
    0x08001778   0x08001778   0x0000000a   Code   RO          229    i.ADC_StartCalibration  stm32f10x_adc.o
    0x08001782   0x08001782   0x00000002   PAD
    0x08001784   0x08001784   0x0000007c   Code   RO         3686    i.ANGLE_CONTROL_ConfigSequence  angle_control.o
    0x08001800   0x08001800   0x0000000c   Code   RO         3687    i.ANGLE_CONTROL_GetTime  angle_control.o
    0x0800180c   0x0800180c   0x000000b8   Code   RO         3688    i.ANGLE_CONTROL_Init  angle_control.o
    0x080018c4   0x080018c4   0x000000f0   Code   RO         3690    i.ANGLE_CONTROL_Process  angle_control.o
    0x080019b4   0x080019b4   0x0000008c   Code   RO         3691    i.ANGLE_CONTROL_ProcessDualFan  angle_control.o
    0x08001a40   0x08001a40   0x00000148   Code   RO         3692    i.ANGLE_CONTROL_ProcessSequence  angle_control.o
    0x08001b88   0x08001b88   0x0000009c   Code   RO         3693    i.ANGLE_CONTROL_ProcessSingleFan  angle_control.o
    0x08001c24   0x08001c24   0x0000004c   Code   RO         3695    i.ANGLE_CONTROL_SetMode  angle_control.o
    0x08001c70   0x08001c70   0x00000068   Code   RO         3697    i.ANGLE_CONTROL_SetStableCondition  angle_control.o
    0x08001cd8   0x08001cd8   0x00000078   Code   RO         3698    i.ANGLE_CONTROL_SetTarget  angle_control.o
    0x08001d50   0x08001d50   0x00000038   Code   RO         3700    i.ANGLE_CONTROL_Stop  angle_control.o
    0x08001d88   0x08001d88   0x00000010   Code   RO         3701    i.ANGLE_CONTROL_TimeUpdate  angle_control.o
    0x08001d98   0x08001d98   0x0000000c   Code   RO         3702    i.ANGLE_CONTROL_UpdateTime  angle_control.o
    0x08001da4   0x08001da4   0x000000f4   Code   RO         3397    i.ANGLE_SENSOR_GetAngle  angle_sensor.o
    0x08001e98   0x08001e98   0x0000009c   Code   RO         3398    i.ANGLE_SENSOR_Init  angle_sensor.o
    0x08001f34   0x08001f34   0x00000004   Code   RO         3295    i.BusFault_Handler  stm32f10x_it.o
    0x08001f38   0x08001f38   0x000000c4   Code   RO         3196    i.ConfigureControlMode  main.o
    0x08001ffc   0x08001ffc   0x00000002   Code   RO         3296    i.DebugMon_Handler  stm32f10x_it.o
    0x08001ffe   0x08001ffe   0x00000002   PAD
    0x08002000   0x08002000   0x000005a4   Code   RO         3197    i.DisplayStatus     main.o
    0x080025a4   0x080025a4   0x0000009c   Code   RO         3422    i.FAN_GPIO_Config   fan_driver.o
    0x08002640   0x08002640   0x00000010   Code   RO         3423    i.FAN_Init          fan_driver.o
    0x08002650   0x08002650   0x00000058   Code   RO         3424    i.FAN_SetDirection  fan_driver.o
    0x080026a8   0x080026a8   0x0000004c   Code   RO         3426    i.FAN_SetSpeed      fan_driver.o
    0x080026f4   0x080026f4   0x00000050   Code   RO         3429    i.FAN_Stop          fan_driver.o
    0x08002744   0x08002744   0x00000010   Code   RO         3430    i.FAN_StopAll       fan_driver.o
    0x08002754   0x08002754   0x0000008c   Code   RO         3431    i.FAN_TIM_Config    fan_driver.o
    0x080027e0   0x080027e0   0x00000116   Code   RO         1347    i.GPIO_Init         stm32f10x_gpio.o
    0x080028f6   0x080028f6   0x00000012   Code   RO         1351    i.GPIO_ReadInputDataBit  stm32f10x_gpio.o
    0x08002908   0x08002908   0x00000004   Code   RO         1354    i.GPIO_ResetBits    stm32f10x_gpio.o
    0x0800290c   0x0800290c   0x00000004   Code   RO         1355    i.GPIO_SetBits      stm32f10x_gpio.o
    0x08002910   0x08002910   0x00000004   Code   RO         3297    i.HardFault_Handler  stm32f10x_it.o
    0x08002914   0x08002914   0x0000003c   Code   RO         3519    i.I2C_Start         oled.o
    0x08002950   0x08002950   0x0000002c   Code   RO         3520    i.I2C_Stop          oled.o
    0x0800297c   0x0800297c   0x00000034   Code   RO         3521    i.I2C_WaitAck       oled.o
    0x080029b0   0x080029b0   0x00000010   Code   RO         3522    i.IIC_delay         oled.o
    0x080029c0   0x080029c0   0x00000010   Code   RO         1667    i.IWDG_ReloadCounter  stm32f10x_iwdg.o
    0x080029d0   0x080029d0   0x0000000c   Code   RO         1668    i.IWDG_SetPrescaler  stm32f10x_iwdg.o
    0x080029dc   0x080029dc   0x0000000c   Code   RO         1669    i.IWDG_SetReload    stm32f10x_iwdg.o
    0x080029e8   0x080029e8   0x0000000c   Code   RO         1670    i.IWDG_WriteAccessCmd  stm32f10x_iwdg.o
    0x080029f4   0x080029f4   0x000000bc   Code   RO         3491    i.KEY_Init          key.o
    0x08002ab0   0x08002ab0   0x00000068   Code   RO         3492    i.KEY_ReadPin       key.o
    0x08002b18   0x08002b18   0x000000a8   Code   RO         3493    i.KEY_Scan          key.o
    0x08002bc0   0x08002bc0   0x00000004   Code   RO         3298    i.MemManage_Handler  stm32f10x_it.o
    0x08002bc4   0x08002bc4   0x00000002   Code   RO         3198    i.MenuManager       main.o
    0x08002bc6   0x08002bc6   0x00000002   Code   RO         3299    i.NMI_Handler       stm32f10x_it.o
    0x08002bc8   0x08002bc8   0x00000070   Code   RO          137    i.NVIC_Init         misc.o
    0x08002c38   0x08002c38   0x00000014   Code   RO          138    i.NVIC_PriorityGroupConfig  misc.o
    0x08002c4c   0x08002c4c   0x00000030   Code   RO         3523    i.OLED_Clear        oled.o
    0x08002c7c   0x08002c7c   0x0000001c   Code   RO         3524    i.OLED_ColorTurn    oled.o
    0x08002c98   0x08002c98   0x0000002c   Code   RO         3527    i.OLED_DisplayTurn  oled.o
    0x08002cc4   0x08002cc4   0x000000a8   Code   RO         3528    i.OLED_DrawCircle   oled.o
    0x08002d6c   0x08002d6c   0x000000ac   Code   RO         3529    i.OLED_DrawLine     oled.o
    0x08002e18   0x08002e18   0x00000078   Code   RO         3530    i.OLED_DrawPoint    oled.o
    0x08002e90   0x08002e90   0x0000017c   Code   RO         3531    i.OLED_Init         oled.o
    0x0800300c   0x0800300c   0x00000068   Code   RO         3533    i.OLED_Refresh      oled.o
    0x08003074   0x08003074   0x0000013c   Code   RO         3535    i.OLED_ShowChar     oled.o
    0x080031b0   0x080031b0   0x0000004a   Code   RO         3539    i.OLED_ShowString   oled.o
    0x080031fa   0x080031fa   0x00000038   Code   RO         3540    i.OLED_WR_Byte      oled.o
    0x08003232   0x08003232   0x00000020   Code   RO         3799    i.PID_Calculate     pid_controller.o
    0x08003252   0x08003252   0x00000138   Code   RO         3800    i.PID_CalculateIncremental  pid_controller.o
    0x0800338a   0x0800338a   0x000001aa   Code   RO         3801    i.PID_CalculatePosition  pid_controller.o
    0x08003534   0x08003534   0x00000068   Code   RO         3806    i.PID_Init          pid_controller.o
    0x0800359c   0x0800359c   0x0000000e   Code   RO         3807    i.PID_Reset         pid_controller.o
    0x080035aa   0x080035aa   0x00000036   Code   RO         3811    i.PID_SetOutputLimits  pid_controller.o
    0x080035e0   0x080035e0   0x00000004   Code   RO         3812    i.PID_SetPoint      pid_controller.o
    0x080035e4   0x080035e4   0x00000002   Code   RO         3300    i.PendSV_Handler    stm32f10x_it.o
    0x080035e6   0x080035e6   0x00000002   PAD
    0x080035e8   0x080035e8   0x00000190   Code   RO         3199    i.ProcessKeys       main.o
    0x08003778   0x08003778   0x00000020   Code   RO         1775    i.RCC_APB1PeriphClockCmd  stm32f10x_rcc.o
    0x08003798   0x08003798   0x00000020   Code   RO         1777    i.RCC_APB2PeriphClockCmd  stm32f10x_rcc.o
    0x080037b8   0x080037b8   0x00000020   Code   RO         1778    i.RCC_APB2PeriphResetCmd  stm32f10x_rcc.o
    0x080037d8   0x080037d8   0x000000d4   Code   RO         1785    i.RCC_GetClocksFreq  stm32f10x_rcc.o
    0x080038ac   0x080038ac   0x00000002   Code   RO         3301    i.SVC_Handler       stm32f10x_it.o
    0x080038ae   0x080038ae   0x00000002   PAD
    0x080038b0   0x080038b0   0x00000054   Code   RO         3541    i.Send_Byte         oled.o
    0x08003904   0x08003904   0x00000008   Code   RO           24    i.SetSysClock       system_stm32f10x.o
    0x0800390c   0x0800390c   0x000000e0   Code   RO           25    i.SetSysClockTo72   system_stm32f10x.o
    0x080039ec   0x080039ec   0x000005cc   Code   RO         3542    i.ShowBootAnimation  oled.o
    0x08003fb8   0x08003fb8   0x00000028   Code   RO          141    i.SysTick_CLKSourceConfig  misc.o
    0x08003fe0   0x08003fe0   0x00000002   Code   RO         3302    i.SysTick_Handler   stm32f10x_it.o
    0x08003fe2   0x08003fe2   0x00000002   PAD
    0x08003fe4   0x08003fe4   0x00000060   Code   RO           27    i.SystemInit        system_stm32f10x.o
    0x08004044   0x08004044   0x000000f4   Code   RO         3200    i.System_Init       main.o
    0x08004138   0x08004138   0x00000024   Code   RO         3303    i.TIM3_IRQHandler   stm32f10x_it.o
    0x0800415c   0x0800415c   0x00000020   Code   RO         3304    i.TIM4_IRQHandler   stm32f10x_it.o
    0x0800417c   0x0800417c   0x00000018   Code   RO         2409    i.TIM_ARRPreloadConfig  stm32f10x_tim.o
    0x08004194   0x08004194   0x00000006   Code   RO         2416    i.TIM_ClearITPendingBit  stm32f10x_tim.o
    0x0800419a   0x0800419a   0x00000018   Code   RO         2421    i.TIM_Cmd           stm32f10x_tim.o
    0x080041b2   0x080041b2   0x00000022   Code   RO         2442    i.TIM_GetITStatus   stm32f10x_tim.o
    0x080041d4   0x080041d4   0x00000012   Code   RO         2446    i.TIM_ITConfig      stm32f10x_tim.o
    0x080041e6   0x080041e6   0x00000002   PAD
    0x080041e8   0x080041e8   0x000000a4   Code   RO         2455    i.TIM_OC2Init       stm32f10x_tim.o
    0x0800428c   0x0800428c   0x0000001a   Code   RO         2458    i.TIM_OC2PreloadConfig  stm32f10x_tim.o
    0x080042a6   0x080042a6   0x00000002   PAD
    0x080042a8   0x080042a8   0x000000a0   Code   RO         2460    i.TIM_OC3Init       stm32f10x_tim.o
    0x08004348   0x08004348   0x00000012   Code   RO         2463    i.TIM_OC3PreloadConfig  stm32f10x_tim.o
    0x0800435a   0x0800435a   0x00000004   Code   RO         2483    i.TIM_SetCompare2   stm32f10x_tim.o
    0x0800435e   0x0800435e   0x00000004   Code   RO         2484    i.TIM_SetCompare3   stm32f10x_tim.o
    0x08004362   0x08004362   0x00000002   PAD
    0x08004364   0x08004364   0x000000a4   Code   RO         2492    i.TIM_TimeBaseInit  stm32f10x_tim.o
    0x08004408   0x08004408   0x000000a0   Code   RO         3201    i.Timer_Init        main.o
    0x080044a8   0x080044a8   0x00000088   Code   RO         3953    i.USART1_IRQHandler  usart.o
    0x08004530   0x08004530   0x00000018   Code   RO         2960    i.USART_Cmd         stm32f10x_usart.o
    0x08004548   0x08004548   0x00000054   Code   RO         2964    i.USART_GetITStatus  stm32f10x_usart.o
    0x0800459c   0x0800459c   0x0000004a   Code   RO         2966    i.USART_ITConfig    stm32f10x_usart.o
    0x080045e6   0x080045e6   0x00000002   PAD
    0x080045e8   0x080045e8   0x000000d8   Code   RO         2967    i.USART_Init        stm32f10x_usart.o
    0x080046c0   0x080046c0   0x0000000a   Code   RO         2974    i.USART_ReceiveData  stm32f10x_usart.o
    0x080046ca   0x080046ca   0x00000004   Code   RO         3305    i.UsageFault_Handler  stm32f10x_it.o
    0x080046ce   0x080046ce   0x0000000c   Code   RO         3202    i.UserInterface_Process  main.o
    0x080046da   0x080046da   0x00000028   Code   RO         4256    i.__ARM_fpclassify  m_ws.l(fpclassify.o)
    0x08004702   0x08004702   0x00000002   PAD
    0x08004704   0x08004704   0x00000388   Code   RO         4178    i.__ieee754_rem_pio2  m_ws.l(rred.o)
    0x08004a8c   0x08004a8c   0x000000fc   Code   RO         4161    i.__kernel_cos      m_ws.l(cos_i.o)
    0x08004b88   0x08004b88   0x000000aa   Code   RO         4258    i.__kernel_poly     m_ws.l(poly.o)
    0x08004c32   0x08004c32   0x00000002   PAD
    0x08004c34   0x08004c34   0x000000ec   Code   RO         4183    i.__kernel_sin      m_ws.l(sin_i.o)
    0x08004d20   0x08004d20   0x00000006   Code   RO         4165    i.__mathlib_dbl_infnan  m_ws.l(dunder.o)
    0x08004d26   0x08004d26   0x0000000c   Code   RO         4167    i.__mathlib_dbl_invalid  m_ws.l(dunder.o)
    0x08004d32   0x08004d32   0x00000002   PAD
    0x08004d34   0x08004d34   0x00000010   Code   RO         4170    i.__mathlib_dbl_underflow  m_ws.l(dunder.o)
    0x08004d44   0x08004d44   0x0000000e   Code   RO         4022    i._is_digit         c_w.l(__printf_wp.o)
    0x08004d52   0x08004d52   0x00000004   Code   RO         3954    i._sys_exit         usart.o
    0x08004d56   0x08004d56   0x00000002   PAD
    0x08004d58   0x08004d58   0x0000009c   Code   RO         4115    i.cos               m_ws.l(cos.o)
    0x08004df4   0x08004df4   0x00000044   Code   RO         3893    i.delay_init        delay.o
    0x08004e38   0x08004e38   0x0000004c   Code   RO         3894    i.delay_ms          delay.o
    0x08004e84   0x08004e84   0x0000001c   Code   RO         3955    i.fputc             usart.o
    0x08004ea0   0x08004ea0   0x000000dc   Code   RO         3203    i.main              main.o
    0x08004f7c   0x08004f7c   0x000000a0   Code   RO         4123    i.sin               m_ws.l(sin.o)
    0x0800501c   0x0800501c   0x000000a0   Code   RO         3956    i.uart_init         usart.o
    0x080050bc   0x080050bc   0x0000002c   Code   RO         4250    locale$$code        c_w.l(lc_numeric_c.o)
    0x080050e8   0x080050e8   0x00000062   Code   RO         4052    x$fpl$d2f           fz_ws.l(d2f.o)
    0x0800514a   0x0800514a   0x00000002   PAD
    0x0800514c   0x0800514c   0x00000150   Code   RO         4054    x$fpl$dadd          fz_ws.l(daddsub_clz.o)
    0x0800529c   0x0800529c   0x00000010   Code   RO         4318    x$fpl$dcheck1       fz_ws.l(dcheck1.o)
    0x080052ac   0x080052ac   0x00000018   Code   RO         4148    x$fpl$dcmpinf       fz_ws.l(dcmpi.o)
    0x080052c4   0x080052c4   0x000002b0   Code   RO         4061    x$fpl$ddiv          fz_ws.l(ddiv.o)
    0x08005574   0x08005574   0x0000005e   Code   RO         4064    x$fpl$dfix          fz_ws.l(dfix.o)
    0x080055d2   0x080055d2   0x00000002   PAD
    0x080055d4   0x080055d4   0x0000005a   Code   RO         4068    x$fpl$dfixu         fz_ws.l(dfixu.o)
    0x0800562e   0x0800562e   0x0000002e   Code   RO         4073    x$fpl$dflt          fz_ws.l(dflt_clz.o)
    0x0800565c   0x0800565c   0x00000026   Code   RO         4072    x$fpl$dfltu         fz_ws.l(dflt_clz.o)
    0x08005682   0x08005682   0x00000002   PAD
    0x08005684   0x08005684   0x00000078   Code   RO         4078    x$fpl$dleqf         fz_ws.l(dleqf.o)
    0x080056fc   0x080056fc   0x00000154   Code   RO         4080    x$fpl$dmul          fz_ws.l(dmul.o)
    0x08005850   0x08005850   0x0000009c   Code   RO         4150    x$fpl$dnaninf       fz_ws.l(dnaninf.o)
    0x080058ec   0x080058ec   0x0000000c   Code   RO         4152    x$fpl$dretinf       fz_ws.l(dretinf.o)
    0x080058f8   0x080058f8   0x0000006c   Code   RO         4082    x$fpl$drleqf        fz_ws.l(drleqf.o)
    0x08005964   0x08005964   0x00000016   Code   RO         4055    x$fpl$drsb          fz_ws.l(daddsub_clz.o)
    0x0800597a   0x0800597a   0x00000002   PAD
    0x0800597c   0x0800597c   0x000001d4   Code   RO         4056    x$fpl$dsub          fz_ws.l(daddsub_clz.o)
    0x08005b50   0x08005b50   0x00000056   Code   RO         4084    x$fpl$f2d           fz_ws.l(f2d.o)
    0x08005ba6   0x08005ba6   0x00000002   PAD
    0x08005ba8   0x08005ba8   0x000000c4   Code   RO         4086    x$fpl$fadd          fz_ws.l(faddsub_clz.o)
    0x08005c6c   0x08005c6c   0x00000018   Code   RO         4154    x$fpl$fcmpinf       fz_ws.l(fcmpi.o)
    0x08005c84   0x08005c84   0x00000184   Code   RO         4093    x$fpl$fdiv          fz_ws.l(fdiv.o)
    0x08005e08   0x08005e08   0x00000036   Code   RO         4096    x$fpl$ffix          fz_ws.l(ffix.o)
    0x08005e3e   0x08005e3e   0x00000002   PAD
    0x08005e40   0x08005e40   0x00000030   Code   RO         4101    x$fpl$fflt          fz_ws.l(fflt_clz.o)
    0x08005e70   0x08005e70   0x00000026   Code   RO         4100    x$fpl$ffltu         fz_ws.l(fflt_clz.o)
    0x08005e96   0x08005e96   0x00000002   PAD
    0x08005e98   0x08005e98   0x00000068   Code   RO         4106    x$fpl$fleqf         fz_ws.l(fleqf.o)
    0x08005f00   0x08005f00   0x00000102   Code   RO         4108    x$fpl$fmul          fz_ws.l(fmul.o)
    0x08006002   0x08006002   0x0000008c   Code   RO         4156    x$fpl$fnaninf       fz_ws.l(fnaninf.o)
    0x0800608e   0x0800608e   0x0000000a   Code   RO         4158    x$fpl$fretinf       fz_ws.l(fretinf.o)
    0x08006098   0x08006098   0x00000062   Code   RO         4110    x$fpl$frleqf        fz_ws.l(frleqf.o)
    0x080060fa   0x080060fa   0x00000014   Code   RO         4087    x$fpl$frsb          fz_ws.l(faddsub_clz.o)
    0x0800610e   0x0800610e   0x00000002   PAD
    0x08006110   0x08006110   0x000000ea   Code   RO         4088    x$fpl$fsub          fz_ws.l(faddsub_clz.o)
    0x080061fa   0x080061fa   0x00000004   Code   RO         4112    x$fpl$printf1       fz_ws.l(printf1.o)
    0x080061fe   0x080061fe   0x00000064   Code   RO         4326    x$fpl$retnan        fz_ws.l(retnan.o)
    0x08006262   0x08006262   0x0000005c   Code   RO         4254    x$fpl$scalbn        fz_ws.l(scalbn.o)
    0x080062be   0x080062be   0x00000030   Code   RO         4339    x$fpl$trapveneer    fz_ws.l(trapv.o)
    0x080062ee   0x080062ee   0x00000000   Code   RO         4160    x$fpl$usenofp       fz_ws.l(usenofp.o)
    0x080062ee   0x080062ee   0x00000002   PAD
    0x080062f0   0x080062f0   0x00000014   Data   RO         3205    .constdata          main.o
    0x08006304   0x08006304   0x00001e10   Data   RO         3544    .constdata          oled.o
    0x08008114   0x08008114   0x00000004   PAD
    0x08008118   0x08008118   0x00000030   Data   RO         4162    .constdata          m_ws.l(cos_i.o)
    0x08008148   0x08008148   0x000000c8   Data   RO         4180    .constdata          m_ws.l(rred.o)
    0x08008210   0x08008210   0x00000028   Data   RO         4184    .constdata          m_ws.l(sin_i.o)
    0x08008238   0x08008238   0x00000094   Data   RO         4221    .constdata          c_w.l(bigflt0.o)
    0x080082cc   0x080082cc   0x00000020   Data   RO         4401    Region$$Table       anon$$obj.o
    0x080082ec   0x080082ec   0x0000001c   Data   RO         4249    locale$$data        c_w.l(lc_numeric_c.o)


    Execution Region RW_IRAM1 (Exec base: 0x20000000, Load base: 0x08008308, Size: 0x00000df8, Max: 0x00005000, ABSOLUTE)

    Exec Addr    Load Addr    Size         Type   Attr      Idx    E Section Name        Object

    0x20000000   0x08008308   0x00000014   Data   RW           28    .data               system_stm32f10x.o
    0x20000014   0x0800831c   0x00000014   Data   RW         1805    .data               stm32f10x_rcc.o
    0x20000028   0x08008330   0x00000024   Data   RW         3206    .data               main.o
    0x2000004c   0x08008354   0x00000004   Data   RW         3432    .data               fan_driver.o
    0x20000050   0x08008358   0x00000008   Data   RW         3703    .data               angle_control.o
    0x20000058   0x08008360   0x00000004   Data   RW         3896    .data               delay.o
    0x2000005c   0x08008364   0x00000006   Data   RW         3958    .data               usart.o
    0x20000062   0x0800836a   0x00000002   PAD
    0x20000064        -       0x000001b4   Zero   RW         3204    .bss                main.o
    0x20000218        -       0x00000010   Zero   RW         3399    .bss                angle_sensor.o
    0x20000228        -       0x00000024   Zero   RW         3494    .bss                key.o
    0x2000024c        -       0x00000480   Zero   RW         3543    .bss                oled.o
    0x200006cc        -       0x000000c8   Zero   RW         3957    .bss                usart.o
    0x20000794        -       0x00000060   Zero   RW         4261    .bss                c_w.l(libspace.o)
    0x200007f4   0x0800836a   0x00000004   PAD
    0x200007f8        -       0x00000200   Zero   RW            2    HEAP                startup_stm32f10x_md.o
    0x200009f8        -       0x00000400   Zero   RW            1    STACK               startup_stm32f10x_md.o


==============================================================================

Image component sizes


      Code (inc. data)   RO Data    RW Data    ZI Data      Debug   Object Name

      1568        454          0          8          0      10501   angle_control.o
       400         42          0          0         16       1912   angle_sensor.o
         0          0          0          0          0       4556   core_cm3.o
       144         22          0          4          0       1104   delay.o
       572         40          0          4          0       5430   fan_driver.o
       460         40          0          0         36       2250   key.o
      2678        796         20         36        436      23192   main.o
       172         22          0          0          0     214141   misc.o
      3250        220       7696          0       1152      12065   oled.o
       946         18          0          0          0       4776   pid_controller.o
        64         26        236          0       1536        804   startup_stm32f10x_md.o
       486         24          0          0          0      18550   stm32f10x_adc.o
       304          0          0          0          0      11668   stm32f10x_gpio.o
        94         14          0          0          0       4426   stm32f10x_it.o
        52         24          0          0          0       1788   stm32f10x_iwdg.o
       308         38          0         20          0      13371   stm32f10x_rcc.o
       646         62          0          0          0      27359   stm32f10x_tim.o
       408          6          0          0          0      10630   stm32f10x_usart.o
       328         28          0         20          0      45317   system_stm32f10x.o
       328         26          0          6        200       3960   usart.o

    ----------------------------------------------------------------------
     13232       1902       7988        100       3376     417800   Object Totals
         0          0         32          0          0          0   (incl. Generated)
        24          0          4          2          0          0   (incl. Padding)

    ----------------------------------------------------------------------

      Code (inc. data)   RO Data    RW Data    ZI Data      Debug   Library Member Name

         8          0          0          0          0         68   __main.o
       284          0          0          0          0        156   __printf_wp.o
         0          0          0          0          0          0   __rtentry.o
        12          0          0          0          0          0   __rtentry2.o
         6          0          0          0          0          0   __rtentry4.o
        52          8          0          0          0          0   __scatter.o
        26          0          0          0          0          0   __scatter_copy.o
        28          0          0          0          0          0   __scatter_zi.o
         6          0          0          0          0          0   _printf_c.o
        44          0          0          0          0        108   _printf_char.o
        48          6          0          0          0         96   _printf_char_common.o
        36          4          0          0          0         80   _printf_char_file.o
         6          0          0          0          0          0   _printf_d.o
       120         16          0          0          0         92   _printf_dec.o
         6          0          0          0          0          0   _printf_f.o
      1054          0          0          0          0        216   _printf_fp_dec.o
       128         16          0          0          0         84   _printf_fp_infnan.o
       178          0          0          0          0         88   _printf_intcommon.o
         0          0          0          0          0          0   _printf_percent.o
         4          0          0          0          0          0   _printf_percent_end.o
        82          0          0          0          0         80   _printf_str.o
        22          0          0          0          0        100   _rserrno.o
        10          0          0          0          0         68   _sputc.o
       228          4        148          0          0         96   bigflt0.o
      1936        128          0          0          0        672   btod.o
        18          0          0          0          0         80   exit.o
         8          0          0          0          0         68   ferror.o
         6          0          0          0          0        152   heapauxi.o
        44         10         28          0          0         76   lc_numeric_c.o
         2          0          0          0          0          0   libinit.o
        18          0          0          0          0          0   libinit2.o
         2          0          0          0          0          0   libshutdown.o
         2          0          0          0          0          0   libshutdown2.o
         8          4          0          0         96         68   libspace.o
       138          0          0          0          0         80   lludiv10.o
        24          4          0          0          0         84   noretval__2printf.o
        40          6          0          0          0         84   noretval__2sprintf.o
         8          4          0          0          0         68   rt_errno_addr_intlibspace.o
         8          4          0          0          0         68   rt_locale_intlibspace.o
        68          0          0          0          0         68   rt_memclr.o
        78          0          0          0          0         80   rt_memclr_w.o
       100          0          0          0          0         80   rt_memcpy_w.o
         2          0          0          0          0          0   rtexit.o
        10          0          0          0          0          0   rtexit2.o
       128          0          0          0          0         68   strcmpv7m.o
        72          0          0          0          0         80   strcpy.o
        86          0          0          0          0         76   strncpy.o
        74          0          0          0          0         80   sys_stackheap_outer.o
         2          0          0          0          0         68   use_no_semi.o
         2          0          0          0          0         68   use_no_semi_2.o
        98          4          0          0          0         92   d2f.o
       826         16          0          0          0        348   daddsub_clz.o
        16          4          0          0          0         68   dcheck1.o
        24          0          0          0          0         68   dcmpi.o
       688        140          0          0          0        208   ddiv.o
        94          4          0          0          0         92   dfix.o
        90          4          0          0          0         92   dfixu.o
        84          0          0          0          0        136   dflt_clz.o
       120          4          0          0          0         92   dleqf.o
       340         12          0          0          0        104   dmul.o
       156          4          0          0          0         92   dnaninf.o
        12          0          0          0          0         68   dretinf.o
       108          0          0          0          0         80   drleqf.o
        86          4          0          0          0         84   f2d.o
       450          8          0          0          0        236   faddsub_clz.o
        24          0          0          0          0         68   fcmpi.o
       388         76          0          0          0         96   fdiv.o
        54          4          0          0          0         84   ffix.o
        86          0          0          0          0        136   fflt_clz.o
       104          4          0          0          0         84   fleqf.o
       258          4          0          0          0         84   fmul.o
       140          4          0          0          0         84   fnaninf.o
        10          0          0          0          0         68   fretinf.o
        98          0          0          0          0         68   frleqf.o
         4          0          0          0          0         68   printf1.o
       100          0          0          0          0         68   retnan.o
        92          0          0          0          0         68   scalbn.o
        48          0          0          0          0         68   trapv.o
         0          0          0          0          0          0   usenofp.o
       156          8          0          0          0        104   cos.o
       252         22         48          0          0        124   cos_i.o
        34          6          0          0          0        204   dunder.o
        40          0          0          0          0         68   fpclassify.o
       170          0          0          0          0         96   poly.o
       904         76        200          0          0        140   rred.o
       160         10          0          0          0        108   sin.o
       236         12         40          0          0        128   sin_i.o

    ----------------------------------------------------------------------
     11860        644        464          0        100       7376   Library Totals
        38          0          0          0          4          0   (incl. Padding)

    ----------------------------------------------------------------------

      Code (inc. data)   RO Data    RW Data    ZI Data      Debug   Library Name

      5272        214        176          0         96       3500   c_w.l
      4598        296          0          0          0       2904   fz_ws.l
      1952        134        288          0          0        972   m_ws.l

    ----------------------------------------------------------------------
     11860        644        464          0        100       7376   Library Totals

    ----------------------------------------------------------------------

==============================================================================


      Code (inc. data)   RO Data    RW Data    ZI Data      Debug   

     25092       2546       8452        100       3476     414928   Grand Totals
     25092       2546       8452        100       3476     414928   ELF Image Totals
     25092       2546       8452        100          0          0   ROM Totals

==============================================================================

    Total RO  Size (Code + RO Data)                33544 (  32.76kB)
    Total RW  Size (RW Data + ZI Data)              3576 (   3.49kB)
    Total ROM Size (Code + RO Data + RW Data)      33644 (  32.86kB)

==============================================================================

