Component: ARM Compiler 5.06 update 7 (build 960) Tool: armlink [4d3601]

==============================================================================

Section Cross References

    startup_stm32f10x_md.o(STACK) refers (Special) to heapauxi.o(.text) for __use_two_region_memory
    startup_stm32f10x_md.o(HEAP) refers (Special) to heapauxi.o(.text) for __use_two_region_memory
    startup_stm32f10x_md.o(RESET) refers (Special) to heapauxi.o(.text) for __use_two_region_memory
    startup_stm32f10x_md.o(RESET) refers to startup_stm32f10x_md.o(STACK) for __initial_sp
    startup_stm32f10x_md.o(RESET) refers to startup_stm32f10x_md.o(.text) for Reset_Handler
    startup_stm32f10x_md.o(RESET) refers to stm32f10x_it.o(i.NMI_Handler) for NMI_Handler
    startup_stm32f10x_md.o(RESET) refers to stm32f10x_it.o(i.HardFault_Handler) for HardFault_Handler
    startup_stm32f10x_md.o(RESET) refers to stm32f10x_it.o(i.MemManage_Handler) for MemManage_Handler
    startup_stm32f10x_md.o(RESET) refers to stm32f10x_it.o(i.BusFault_Handler) for BusFault_Handler
    startup_stm32f10x_md.o(RESET) refers to stm32f10x_it.o(i.UsageFault_Handler) for UsageFault_Handler
    startup_stm32f10x_md.o(RESET) refers to stm32f10x_it.o(i.SVC_Handler) for SVC_Handler
    startup_stm32f10x_md.o(RESET) refers to stm32f10x_it.o(i.DebugMon_Handler) for DebugMon_Handler
    startup_stm32f10x_md.o(RESET) refers to stm32f10x_it.o(i.PendSV_Handler) for PendSV_Handler
    startup_stm32f10x_md.o(RESET) refers to stm32f10x_it.o(i.SysTick_Handler) for SysTick_Handler
    startup_stm32f10x_md.o(RESET) refers to stm32f10x_it.o(i.TIM3_IRQHandler) for TIM3_IRQHandler
    startup_stm32f10x_md.o(RESET) refers to stm32f10x_it.o(i.TIM4_IRQHandler) for TIM4_IRQHandler
    startup_stm32f10x_md.o(RESET) refers to usart.o(i.USART1_IRQHandler) for USART1_IRQHandler
    startup_stm32f10x_md.o(.text) refers (Special) to heapauxi.o(.text) for __use_two_region_memory
    startup_stm32f10x_md.o(.text) refers to system_stm32f10x.o(i.SystemInit) for SystemInit
    startup_stm32f10x_md.o(.text) refers to __main.o(!!!main) for __main
    startup_stm32f10x_md.o(.text) refers to startup_stm32f10x_md.o(HEAP) for Heap_Mem
    startup_stm32f10x_md.o(.text) refers to startup_stm32f10x_md.o(STACK) for Stack_Mem
    system_stm32f10x.o(i.SetSysClock) refers to system_stm32f10x.o(i.SetSysClockTo72) for SetSysClockTo72
    system_stm32f10x.o(i.SystemCoreClockUpdate) refers to system_stm32f10x.o(.data) for SystemCoreClock
    system_stm32f10x.o(i.SystemInit) refers to system_stm32f10x.o(i.SetSysClock) for SetSysClock
    stm32f10x_adc.o(i.ADC_DeInit) refers to stm32f10x_rcc.o(i.RCC_APB2PeriphResetCmd) for RCC_APB2PeriphResetCmd
    stm32f10x_bkp.o(i.BKP_DeInit) refers to stm32f10x_rcc.o(i.RCC_BackupResetCmd) for RCC_BackupResetCmd
    stm32f10x_can.o(i.CAN_DeInit) refers to stm32f10x_rcc.o(i.RCC_APB1PeriphResetCmd) for RCC_APB1PeriphResetCmd
    stm32f10x_can.o(i.CAN_GetITStatus) refers to stm32f10x_can.o(i.CheckITStatus) for CheckITStatus
    stm32f10x_cec.o(i.CEC_DeInit) refers to stm32f10x_rcc.o(i.RCC_APB1PeriphResetCmd) for RCC_APB1PeriphResetCmd
    stm32f10x_dac.o(i.DAC_DeInit) refers to stm32f10x_rcc.o(i.RCC_APB1PeriphResetCmd) for RCC_APB1PeriphResetCmd
    stm32f10x_flash.o(i.FLASH_EnableWriteProtection) refers to stm32f10x_flash.o(i.FLASH_WaitForLastOperation) for FLASH_WaitForLastOperation
    stm32f10x_flash.o(i.FLASH_EraseAllBank1Pages) refers to stm32f10x_flash.o(i.FLASH_WaitForLastBank1Operation) for FLASH_WaitForLastBank1Operation
    stm32f10x_flash.o(i.FLASH_EraseAllPages) refers to stm32f10x_flash.o(i.FLASH_WaitForLastOperation) for FLASH_WaitForLastOperation
    stm32f10x_flash.o(i.FLASH_EraseOptionBytes) refers to stm32f10x_flash.o(i.FLASH_GetReadOutProtectionStatus) for FLASH_GetReadOutProtectionStatus
    stm32f10x_flash.o(i.FLASH_EraseOptionBytes) refers to stm32f10x_flash.o(i.FLASH_WaitForLastOperation) for FLASH_WaitForLastOperation
    stm32f10x_flash.o(i.FLASH_ErasePage) refers to stm32f10x_flash.o(i.FLASH_WaitForLastOperation) for FLASH_WaitForLastOperation
    stm32f10x_flash.o(i.FLASH_ProgramHalfWord) refers to stm32f10x_flash.o(i.FLASH_WaitForLastOperation) for FLASH_WaitForLastOperation
    stm32f10x_flash.o(i.FLASH_ProgramOptionByteData) refers to stm32f10x_flash.o(i.FLASH_WaitForLastOperation) for FLASH_WaitForLastOperation
    stm32f10x_flash.o(i.FLASH_ProgramWord) refers to stm32f10x_flash.o(i.FLASH_WaitForLastOperation) for FLASH_WaitForLastOperation
    stm32f10x_flash.o(i.FLASH_ReadOutProtection) refers to stm32f10x_flash.o(i.FLASH_WaitForLastOperation) for FLASH_WaitForLastOperation
    stm32f10x_flash.o(i.FLASH_UserOptionByteConfig) refers to stm32f10x_flash.o(i.FLASH_WaitForLastOperation) for FLASH_WaitForLastOperation
    stm32f10x_flash.o(i.FLASH_WaitForLastBank1Operation) refers to stm32f10x_flash.o(i.FLASH_GetBank1Status) for FLASH_GetBank1Status
[...]
    i.DisplayStatus                          0x08002124   Section        0  main.o(i.DisplayStatus)
    i.FAN_GPIO_Config                        0x080026c8   Section        0  fan_driver.o(i.FAN_GPIO_Config)
    FAN_GPIO_Config                          0x080026c9   Thumb Code   148  fan_driver.o(i.FAN_GPIO_Config)
    i.FAN_Init                               0x08002764   Section        0  fan_driver.o(i.FAN_Init)
    i.FAN_SetDirection                       0x08002774   Section        0  fan_driver.o(i.FAN_SetDirection)
    i.FAN_SetSpeed                           0x080027cc   Section        0  fan_driver.o(i.FAN_SetSpeed)
    i.FAN_Stop                               0x08002818   Section        0  fan_driver.o(i.FAN_Stop)
    i.FAN_StopAll                            0x08002868   Section        0  fan_driver.o(i.FAN_StopAll)
    i.FAN_TIM_Config                         0x08002878   Section        0  fan_driver.o(i.FAN_TIM_Config)
    FAN_TIM_Config                           0x08002879   Thumb Code   136  fan_driver.o(i.FAN_TIM_Config)
    i.GPIO_Init                              0x08002904   Section        0  stm32f10x_gpio.o(i.GPIO_Init)
    i.GPIO_ReadInputDataBit                  0x08002a1a   Section        0  stm32f10x_gpio.o(i.GPIO_ReadInputDataBit)
    i.GPIO_ResetBits                         0x08002a2c   Section        0  stm32f10x_gpio.o(i.GPIO_ResetBits)
    i.GPIO_SetBits                           0x08002a30   Section        0  stm32f10x_gpio.o(i.GPIO_SetBits)
    i.HardFault_Handler                      0x08002a34   Section        0  stm32f10x_it.o(i.HardFault_Handler)
    i.I2C_Start                              0x08002a38   Section        0  oled.o(i.I2C_Start)
    i.I2C_Stop                               0x08002a74   Section        0  oled.o(i.I2C_Stop)
    i.I2C_WaitAck                            0x08002aa0   Section        0  oled.o(i.I2C_WaitAck)
    i.IIC_delay                              0x08002ad4   Section        0  oled.o(i.IIC_delay)
    i.IWDG_ReloadCounter                     0x08002ae4   Section        0  stm32f10x_iwdg.o(i.IWDG_ReloadCounter)
    i.IWDG_SetPrescaler                      0x08002af4   Section        0  stm32f10x_iwdg.o(i.IWDG_SetPrescaler)
    i.IWDG_SetReload                         0x08002b00   Section        0  stm32f10x_iwdg.o(i.IWDG_SetReload)
    i.IWDG_WriteAccessCmd                    0x08002b0c   Section        0  stm32f10x_iwdg.o(i.IWDG_WriteAccessCmd)
    i.KEY_Init                               0x08002b18   Section        0  key.o(i.KEY_Init)
    i.KEY_ReadPin                            0x08002bd4   Section        0  key.o(i.KEY_ReadPin)
    KEY_ReadPin                              0x08002bd5   Thumb Code    90  key.o(i.KEY_ReadPin)
    i.KEY_Scan                               0x08002c3c   Section        0  key.o(i.KEY_Scan)
    i.MemManage_Handler                      0x08002ce4   Section        0  stm32f10x_it.o(i.MemManage_Handler)
    i.MenuManager                            0x08002ce8   Section        0  main.o(i.MenuManager)
    MenuManager                              0x08002ce9   Thumb Code     2  main.o(i.MenuManager)
    i.NMI_Handler                            0x08002cea   Section        0  stm32f10x_it.o(i.NMI_Handler)
    i.NVIC_Init                              0x08002cec   Section        0  misc.o(i.NVIC_Init)
    i.NVIC_PriorityGroupConfig               0x08002d5c   Section        0  misc.o(i.NVIC_PriorityGroupConfig)
    i.OLED_Clear                             0x08002d70   Section        0  oled.o(i.OLED_Clear)
    i.OLED_ColorTurn                         0x08002da0   Section        0  oled.o(i.OLED_ColorTurn)
    i.OLED_DisplayTurn                       0x08002dbc   Section        0  oled.o(i.OLED_DisplayTurn)
    i.OLED_DrawPoint                         0x08002de8   Section        0  oled.o(i.OLED_DrawPoint)
    i.OLED_Init                              0x08002e60   Section        0  oled.o(i.OLED_Init)
    i.OLED_Refresh                           0x08002fdc   Section        0  oled.o(i.OLED_Refresh)
    i.OLED_ShowChar                          0x08003044   Section        0  oled.o(i.OLED_ShowChar)
    i.OLED_ShowString                        0x08003180   Section        0  oled.o(i.OLED_ShowString)
    i.OLED_WR_Byte                           0x080031ca   Section        0  oled.o(i.OLED_WR_Byte)
    i.PID_Calculate                          0x08003202   Section        0  pid_controller.o(i.PID_Calculate)
    i.PID_CalculateIncremental               0x08003222   Section        0  pid_controller.o(i.PID_CalculateIncremental)
    PID_CalculateIncremental                 0x08003223   Thumb Code   158  pid_controller.o(i.PID_CalculateIncremental)
    i.PID_CalculatePosition                  0x080032c0   Section        0  pid_controller.o(i.PID_CalculatePosition)
    PID_CalculatePosition                    0x080032c1   Thumb Code   426  pid_controller.o(i.PID_CalculatePosition)
    i.PID_Init                               0x0800346c   Section        0  pid_controller.o(i.PID_Init)
    i.PID_Reset                              0x080034d4   Section        0  pid_controller.o(i.PID_Reset)
    i.PID_SetOutputLimits                    0x080034e2   Section        0  pid_controller.o(i.PID_SetOutputLimits)
    i.PID_SetPoint                           0x08003518   Section        0  pid_controller.o(i.PID_SetPoint)
    i.PendSV_Handler                         0x0800351c   Section        0  stm32f10x_it.o(i.PendSV_Handler)
    i.ProcessKeys                            0x08003520   Section        0  main.o(i.ProcessKeys)
    ProcessKeys                              0x08003521   Thumb Code   350  main.o(i.ProcessKeys)
    i.RCC_APB1PeriphClockCmd                 0x080036ac   Section        0  stm32f10x_rcc.o(i.RCC_APB1PeriphClockCmd)
    i.RCC_APB2PeriphClockCmd                 0x080036cc   Section        0  stm32f10x_rcc.o(i.RCC_APB2PeriphClockCmd)
    i.RCC_APB2PeriphResetCmd                 0x080036ec   Section        0  stm32f10x_rcc.o(i.RCC_APB2PeriphResetCmd)
    i.RCC_GetClocksFreq                      0x0800370c   Section        0  stm32f10x_rcc.o(i.RCC_GetClocksFreq)
    i.SVC_Handler                            0x080037e0   Section        0  stm32f10x_it.o(i.SVC_Handler)
    i.Send_Byte                              0x080037e4   Section        0  oled.o(i.Send_Byte)
    i.SetSysClock                            0x08003838   Section        0  system_stm32f10x.o(i.SetSysClock)
    SetSysClock                              0x08003839   Thumb Code     8  system_stm32f10x.o(i.SetSysClock)
    i.SetSysClockTo72                        0x08003840   Section        0  system_stm32f10x.o(i.SetSysClockTo72)
    SetSysClockTo72                          0x08003841   Thumb Code   214  system_stm32f10x.o(i.SetSysClockTo72)
    i.SysTick_CLKSourceConfig                0x08003920   Section        0  misc.o(i.SysTick_CLKSourceConfig)
    i.SysTick_Handler                        0x08003948   Section        0  stm32f10x_it.o(i.SysTick_Handler)
    i.SystemInit                             0x0800394c   Section        0  system_stm32f10x.o(i.SystemInit)
    i.System_Init                            0x080039ac   Section        0  main.o(i.System_Init)
    System_Init                              0x080039ad   Thumb Code   166  main.o(i.System_Init)
    i.TIM3_IRQHandler                        0x08003aa4   Section        0  stm32f10x_it.o(i.TIM3_IRQHandler)
    i.TIM4_IRQHandler                        0x08003ac8   Section        0  stm32f10x_it.o(i.TIM4_IRQHandler)
    i.TIM_ARRPreloadConfig                   0x08003ae8   Section        0  stm32f10x_tim.o(i.TIM_ARRPreloadConfig)
    i.TIM_ClearITPendingBit                  0x08003b00   Section        0  stm32f10x_tim.o(i.TIM_ClearITPendingBit)
    i.TIM_Cmd                                0x08003b06   Section        0  stm32f10x_tim.o(i.TIM_Cmd)
    i.TIM_GetITStatus                        0x08003b1e   Section        0  stm32f10x_tim.o(i.TIM_GetITStatus)
    i.TIM_ITConfig                           0x08003b40   Section        0  stm32f10x_tim.o(i.TIM_ITConfig)
    i.TIM_OC2Init                            0x08003b54   Section        0  stm32f10x_tim.o(i.TIM_OC2Init)
    i.TIM_OC2PreloadConfig                   0x08003bf8   Section        0  stm32f10x_tim.o(i.TIM_OC2PreloadConfig)
    i.TIM_OC3Init                            0x08003c14   Section        0  stm32f10x_tim.o(i.TIM_OC3Init)
    i.TIM_OC3PreloadConfig                   0x08003cb4   Section        0  stm32f10x_tim.o(i.TIM_OC3PreloadConfig)
    i.TIM_SetCompare2                        0x08003cc6   Section        0  stm32f10x_tim.o(i.TIM_SetCompare2)
    i.TIM_SetCompare3                        0x08003cca   Section        0  stm32f10x_tim.o(i.TIM_SetCompare3)
    i.TIM_TimeBaseInit                       0x08003cd0   Section        0  stm32f10x_tim.o(i.TIM_TimeBaseInit)
    i.Timer_Init                             0x08003d74   Section        0  main.o(i.Timer_Init)
    Timer_Init                               0x08003d75   Thumb Code   150  main.o(i.Timer_Init)
    i.USART1_IRQHandler                      0x08003e14   Section        0  usart.o(i.USART1_IRQHandler)
    i.USART_Cmd                              0x08003e9c   Section        0  stm32f10x_usart.o(i.USART_Cmd)
    i.USART_GetITStatus                      0x08003eb4   Section        0  stm32f10x_usart.o(i.USART_GetITStatus)
    i.USART_ITConfig                         0x08003f08   Section        0  stm32f10x_usart.o(i.USART_ITConfig)
    i.USART_Init                             0x08003f54   Section        0  stm32f10x_usart.o(i.USART_Init)
    i.USART_ReceiveData                      0x0800402c   Section        0  stm32f10x_usart.o(i.USART_ReceiveData)
    i.UsageFault_Handler                     0x08004036   Section        0  stm32f10x_it.o(i.UsageFault_Handler)
    i.UserInterface_Process                  0x0800403a   Section        0  main.o(i.UserInterface_Process)
    UserInterface_Process                    0x0800403b   Thumb Code    12  main.o(i.UserInterface_Process)
    i.__ARM_fpclassify                       0x08004046   Section        0  fpclassify.o(i.__ARM_fpclassify)
    i._is_digit                              0x0800406e   Section        0  __printf_wp.o(i._is_digit)
    i._sys_exit                              0x0800407c   Section        0  usart.o(i._sys_exit)
    i.delay_init                             0x08004080   Section        0  delay.o(i.delay_init)
    i.delay_ms                               0x080040c4   Section        0  delay.o(i.delay_ms)
    i.fputc                                  0x08004110   Section        0  usart.o(i.fputc)
    i.main                                   0x0800412c   Section        0  main.o(i.main)
    i.uart_init                              0x080041d4   Section        0  usart.o(i.uart_init)
    locale$$code                             0x08004274   Section       44  lc_numeric_c.o(locale$$code)
    x$fpl$d2f                                0x080042a0   Section       98  d2f.o(x$fpl$d2f)
    x$fpl$dadd                               0x08004304   Section      336  daddsub_clz.o(x$fpl$dadd)
    _dadd1                                   0x08004315   Thumb Code     0  daddsub_clz.o(x$fpl$dadd)
    x$fpl$dcmpinf                            0x08004454   Section       24  dcmpi.o(x$fpl$dcmpinf)
    x$fpl$dfixu                              0x0800446c   Section       90  dfixu.o(x$fpl$dfixu)
    x$fpl$dleqf                              0x080044c8   Section      120  dleqf.o(x$fpl$dleqf)
    x$fpl$dmul                               0x08004540   Section      340  dmul.o(x$fpl$dmul)
    x$fpl$dnaninf                            0x08004694   Section      156  dnaninf.o(x$fpl$dnaninf)
    x$fpl$dretinf                            0x08004730   Section       12  dretinf.o(x$fpl$dretinf)
    x$fpl$drleqf                             0x0800473c   Section      108  drleqf.o(x$fpl$drleqf)
    x$fpl$dsub                               0x080047a8   Section      468  daddsub_clz.o(x$fpl$dsub)
    _dsub1                                   0x080047b9   Thumb Code     0  daddsub_clz.o(x$fpl$dsub)
    x$fpl$f2d                                0x0800497c   Section       86  f2d.o(x$fpl$f2d)
    x$fpl$fadd                               0x080049d4   Section      196  faddsub_clz.o(x$fpl$fadd)
    _fadd1                                   0x080049e3   Thumb Code     0  faddsub_clz.o(x$fpl$fadd)
    x$fpl$fcmpinf                            0x08004a98   Section       24  fcmpi.o(x$fpl$fcmpinf)
    x$fpl$fdiv                               0x08004ab0   Section      388  fdiv.o(x$fpl$fdiv)
    _fdiv1                                   0x08004ab1   Thumb Code     0  fdiv.o(x$fpl$fdiv)
    x$fpl$ffix                               0x08004c34   Section       54  ffix.o(x$fpl$ffix)
    x$fpl$fflt                               0x08004c6c   Section       48  fflt_clz.o(x$fpl$fflt)
    x$fpl$ffltu                              0x08004c9c   Section       38  fflt_clz.o(x$fpl$ffltu)
    x$fpl$fleqf                              0x08004cc4   Section      104  fleqf.o(x$fpl$fleqf)
    x$fpl$fmul                               0x08004d2c   Section      258  fmul.o(x$fpl$fmul)
    x$fpl$fnaninf                            0x08004e2e   Section      140  fnaninf.o(x$fpl$fnaninf)
    x$fpl$fretinf                            0x08004eba   Section       10  fretinf.o(x$fpl$fretinf)
    x$fpl$frleqf                             0x08004ec4   Section       98  frleqf.o(x$fpl$frleqf)
    x$fpl$frsb                               0x08004f26   Section       20  faddsub_clz.o(x$fpl$frsb)
    x$fpl$fsub                               0x08004f3c   Section      234  faddsub_clz.o(x$fpl$fsub)
    _fsub1                                   0x08004f4b   Thumb Code     0  faddsub_clz.o(x$fpl$fsub)
    x$fpl$printf1                            0x08005026   Section        4  printf1.o(x$fpl$printf1)
    x$fpl$usenofp                            0x0800502a   Section        0  usenofp.o(x$fpl$usenofp)
    .constdata                               0x0800502c   Section       20  main.o(.constdata)
    .constdata                               0x08005040   Section     7696  oled.o(.constdata)
    .constdata                               0x08006e50   Section      148  bigflt0.o(.constdata)
    tenpwrs_x                                0x08006e50   Data          60  bigflt0.o(.constdata)
    tenpwrs_i                                0x08006e8c   Data          64  bigflt0.o(.constdata)
    locale$$data                             0x08006f04   Section       28  lc_numeric_c.o(locale$$data)
    __lcnum_c_name                           0x08006f08   Data           2  lc_numeric_c.o(locale$$data)
    __lcnum_c_start                          0x08006f10   Data           0  lc_numeric_c.o(locale$$data)
    __lcnum_c_point                          0x08006f1c   Data           0  lc_numeric_c.o(locale$$data)
    __lcnum_c_thousands                      0x08006f1e   Data           0  lc_numeric_c.o(locale$$data)
    __lcnum_c_grouping                       0x08006f1f   Data           0  lc_numeric_c.o(locale$$data)
    __lcnum_c_end                            0x08006f20   Data           0  lc_numeric_c.o(locale$$data)
    .data                                    0x20000000   Section       20  system_stm32f10x.o(.data)
    .data                                    0x20000014   Section       20  stm32f10x_rcc.o(.data)
    APBAHBPrescTable                         0x20000014   Data          16  stm32f10x_rcc.o(.data)
    ADCPrescTable                            0x20000024   Data           4  stm32f10x_rcc.o(.data)
    .data                                    0x20000028   Section       36  main.o(.data)
    g_systemState                            0x20000028   Data           1  main.o(.data)
    g_workMode                               0x20000029   Data           1  main.o(.data)
    g_modeStartTime                          0x20000030   Data           4  main.o(.data)
    g_lastSystemState                        0x20000034   Data           1  main.o(.data)
    g_lastWorkMode                           0x20000035   Data           1  main.o(.data)
    g_lastTargetAngle                        0x20000038   Data           4  main.o(.data)
    g_lastCurrentAngle                       0x2000003c   Data           4  main.o(.data)
    g_lastElapsedTime                        0x20000040   Data           4  main.o(.data)
    first_run                                0x20000044   Data           1  main.o(.data)
    last_display_time                        0x20000048   Data           4  main.o(.data)
    .data                                    0x2000004c   Section        4  fan_driver.o(.data)
    g_fan_speeds                             0x2000004c   Data           2  fan_driver.o(.data)
    g_fan_directions                         0x2000004e   Data           2  fan_driver.o(.data)
    .data                                    0x20000050   Section        8  angle_control.o(.data)
    g_system_time                            0x20000054   Data           4  angle_control.o(.data)
    .data                                    0x20000058   Section        4  delay.o(.data)
    fac_us                                   0x20000058   Data           1  delay.o(.data)
    fac_ms                                   0x2000005a   Data           2  delay.o(.data)
    .data                                    0x2000005c   Section        6  usart.o(.data)
    .bss                                     0x20000064   Section      436  main.o(.bss)
    g_lastDisplayBuf                         0x20000118   Data         256  main.o(.bss)
    .bss                                     0x20000218   Section       16  angle_sensor.o(.bss)
    adc_buffer                               0x20000218   Data          16  angle_sensor.o(.bss)
    .bss                                     0x20000228   Section       36  key.o(.bss)
    key_status                               0x20000228   Data          36  key.o(.bss)
    .bss                                     0x2000024c   Section     1152  oled.o(.bss)
    .bss                                     0x200006cc   Section      200  usart.o(.bss)
    .bss                                     0x20000794   Section       96  libspace.o(.bss)
    HEAP                                     0x200007f8   Section      512  startup_stm32f10x_md.o(HEAP)
    Heap_Mem                                 0x200007f8   Data         512  startup_stm32f10x_md.o(HEAP)
    STACK                                    0x200009f8   Section     1024  startup_stm32f10x_md.o(STACK)
    Stack_Mem                                0x200009f8   Data        1024  startup_stm32f10x_md.o(STACK)
    __initial_sp                             0x20000df8   Data           0  startup_stm32f10x_md.o(STACK)

    Global Symbols

    Symbol Name                              Value     Ov Type        Size  Object(Section)

    BuildAttributes$$THM_ISAv4$P$D$K$B$S$PE$A:L22UL41UL21$X:L11$S22US41US21$IEEE1$IW$USESV6$~STKCKD$USESV7$~SHL$OTIME$ROPI$IEEEX$EBA8$UX$STANDARDLIB$REQ8$PRES8$EABIv2 0x00000000   Number         0  anon$$obj.o ABSOLUTE
    __ARM_use_no_argv                        0x00000000   Number         0  main.o ABSOLUTE
    _printf_flags                            0x00000000   Number         0  printf_stubs.o ABSOLUTE
    _printf_return_value                     0x00000000   Number         0  printf_stubs.o ABSOLUTE
    _printf_sizespec                         0x00000000   Number         0  printf_stubs.o ABSOLUTE
    _printf_widthprec                        0x00000000   Number         0  printf_stubs.o ABSOLUTE
    __ARM_exceptions_init                     - Undefined Weak Reference
    __alloca_initialize                       - Undefined Weak Reference
    __arm_fini_                               - Undefined Weak Reference
    __arm_preinit_                            - Undefined Weak Reference
    __cpp_initialize__aeabi_                  - Undefined Weak Reference
    __cxa_finalize                            - Undefined Weak Reference
    __sigvec_lookup                           - Undefined Weak Reference
    _atexit_init                              - Undefined Weak Reference
    _call_atexit_fns                          - Undefined Weak Reference
    _clock_init                               - Undefined Weak Reference
    _fp_trap_init                             - Undefined Weak Reference
    _fp_trap_shutdown                         - Undefined Weak Reference
    _get_lc_collate                           - Undefined Weak Reference
    _get_lc_ctype                             - Undefined Weak Reference
    _get_lc_monetary                          - Undefined Weak Reference
    _get_lc_time                              - Undefined Weak Reference
    _getenv_init                              - Undefined Weak Reference
    _handle_redirection                       - Undefined Weak Reference
    _init_alloc                               - Undefined Weak Reference
    _init_user_alloc                          - Undefined Weak Reference
    _initio                                   - Undefined Weak Reference
    _mutex_acquire                            - Undefined Weak Reference
    _mutex_release                            - Undefined Weak Reference
    _printf_mbtowc                            - Undefined Weak Reference
    _printf_post_padding                      - Undefined Weak Reference
    _printf_pre_padding                       - Undefined Weak Reference
    _printf_truncate_signed                   - Undefined Weak Reference
    _printf_truncate_unsigned                 - Undefined Weak Reference
    _rand_init                                - Undefined Weak Reference
    _signal_finish                            - Undefined Weak Reference
    _signal_init                              - Undefined Weak Reference
    _terminate_alloc                          - Undefined Weak Reference
    _terminate_user_alloc                     - Undefined Weak Reference
    _terminateio                              - Undefined Weak Reference
    __Vectors_Size                           0x000000ec   Number         0  startup_stm32f10x_md.o ABSOLUTE
    __Vectors                                0x08000000   Data           4  startup_stm32f10x_md.o(RESET)
    __Vectors_End                            0x080000ec   Data           0  startup_stm32f10x_md.o(RESET)
    __main                                   0x080000ed   Thumb Code     8  __main.o(!!!main)
    __scatterload                            0x080000f5   Thumb Code     0  __scatter.o(!!!scatter)
    __scatterload_rt2                        0x080000f5   Thumb Code    44  __scatter.o(!!!scatter)
    __scatterload_rt2_thumb_only             0x080000f5   Thumb Code     0  __scatter.o(!!!scatter)
    __scatterload_null                       0x08000103   Thumb Code     0  __scatter.o(!!!scatter)
    __scatterload_copy                       0x08000129   Thumb Code    26  __scatter_copy.o(!!handler_copy)
    __scatterload_zeroinit                   0x08000145   Thumb Code    28  __scatter_zi.o(!!handler_zi)
    _printf_f                                0x08000161   Thumb Code     0  _printf_f.o(.ARM.Collect$$_printf_percent$$00000003)
    _printf_percent                          0x08000161   Thumb Code     0  _printf_percent.o(.ARM.Collect$$_printf_percent$$00000000)
    _printf_d                                0x08000167   Thumb Code     0  _printf_d.o(.ARM.Collect$$_printf_percent$$00000009)
    _printf_percent_end                      0x0800016d   Thumb Code     0  _printf_percent_end.o(.ARM.Collect$$_printf_percent$$00000017)
    __rt_lib_init                            0x08000171   Thumb Code     0  libinit.o(.ARM.Collect$$libinit$$00000000)
    __rt_lib_init_fp_1                       0x08000173   Thumb Code     0  libinit2.o(.ARM.Collect$$libinit$$00000002)
    __rt_lib_init_heap_1                     0x08000173   Thumb Code     0  libinit2.o(.ARM.Collect$$libinit$$0000000A)
    __rt_lib_init_lc_common                  0x08000173   Thumb Code     0  libinit2.o(.ARM.Collect$$libinit$$0000000F)
    __rt_lib_init_preinit_1                  0x08000173   Thumb Code     0  libinit2.o(.ARM.Collect$$libinit$$00000004)
    __rt_lib_init_rand_1                     0x08000173   Thumb Code     0  libinit2.o(.ARM.Collect$$libinit$$0000000E)
    __rt_lib_init_user_alloc_1               0x08000173   Thumb Code     0  libinit2.o(.ARM.Collect$$libinit$$0000000C)
    __rt_lib_init_lc_collate_1               0x08000179   Thumb Code     0  libinit2.o(.ARM.Collect$$libinit$$00000011)
    __rt_lib_init_lc_ctype_1                 0x08000179   Thumb Code     0  libinit2.o(.ARM.Collect$$libinit$$00000013)
    __rt_lib_init_lc_monetary_1              0x08000179   Thumb Code     0  libinit2.o(.ARM.Collect$$libinit$$00000015)
    __rt_lib_init_lc_numeric_2               0x08000179   Thumb Code     0  libinit2.o(.ARM.Collect$$libinit$$00000016)
    __rt_lib_init_alloca_1                   0x08000183   Thumb Code     0  libinit2.o(.ARM.Collect$$libinit$$0000002E)
    __rt_lib_init_argv_1                     0x08000183   Thumb Code     0  libinit2.o(.ARM.Collect$$libinit$$0000002C)
    __rt_lib_init_atexit_1                   0x08000183   Thumb Code     0  libinit2.o(.ARM.Collect$$libinit$$0000001B)
    __rt_lib_init_clock_1                    0x08000183   Thumb Code     0  libinit2.o(.ARM.Collect$$libinit$$00000021)
    __rt_lib_init_cpp_1                      0x08000183   Thumb Code     0  libinit2.o(.ARM.Collect$$libinit$$00000032)
    __rt_lib_init_exceptions_1               0x08000183   Thumb Code     0  libinit2.o(.ARM.Collect$$libinit$$00000030)
    __rt_lib_init_fp_trap_1                  0x08000183   Thumb Code     0  libinit2.o(.ARM.Collect$$libinit$$0000001F)
    __rt_lib_init_getenv_1                   0x08000183   Thumb Code     0  libinit2.o(.ARM.Collect$$libinit$$00000023)
    __rt_lib_init_lc_numeric_1               0x08000183   Thumb Code     0  libinit2.o(.ARM.Collect$$libinit$$00000017)
    __rt_lib_init_lc_time_1                  0x08000183   Thumb Code     0  libinit2.o(.ARM.Collect$$libinit$$00000019)
    __rt_lib_init_return                     0x08000183   Thumb Code     0  libinit2.o(.ARM.Collect$$libinit$$00000033)
    __rt_lib_init_signal_1                   0x08000183   Thumb Code     0  libinit2.o(.ARM.Collect$$libinit$$0000001D)
    __rt_lib_init_stdio_1                    0x08000183   Thumb Code     0  libinit2.o(.ARM.Collect$$libinit$$00000025)
    __rt_lib_shutdown                        0x08000185   Thumb Code     0  libshutdown.o(.ARM.Collect$$libshutdown$$00000000)
    __rt_lib_shutdown_cpp_1                  0x08000187   Thumb Code     0  libshutdown2.o(.ARM.Collect$$libshutdown$$00000004)
    __rt_lib_shutdown_fini_1                 0x08000187   Thumb Code     0  libshutdown2.o(.ARM.Collect$$libshutdown$$00000002)
    __rt_lib_shutdown_fp_trap_1              0x08000187   Thumb Code     0  libshutdown2.o(.ARM.Collect$$libshutdown$$00000009)
    __rt_lib_shutdown_heap_1                 0x08000187   Thumb Code     0  libshutdown2.o(.ARM.Collect$$libshutdown$$00000011)
    __rt_lib_shutdown_return                 0x08000187   Thumb Code     0  libshutdown2.o(.ARM.Collect$$libshutdown$$00000012)
    __rt_lib_shutdown_signal_1               0x08000187   Thumb Code     0  libshutdown2.o(.ARM.Collect$$libshutdown$$0000000C)
    __rt_lib_shutdown_stdio_1                0x08000187   Thumb Code     0  libshutdown2.o(.ARM.Collect$$libshutdown$$00000006)
    __rt_lib_shutdown_user_alloc_1           0x08000187   Thumb Code     0  libshutdown2.o(.ARM.Collect$$libshutdown$$0000000E)
    __rt_entry                               0x08000189   Thumb Code     0  __rtentry.o(.ARM.Collect$$rtentry$$00000000)
    __rt_entry_presh_1                       0x08000189   Thumb Code     0  __rtentry2.o(.ARM.Collect$$rtentry$$00000002)
    __rt_entry_sh                            0x08000189   Thumb Code     0  __rtentry4.o(.ARM.Collect$$rtentry$$00000004)
    __rt_entry_li                            0x0800018f   Thumb Code     0  __rtentry2.o(.ARM.Collect$$rtentry$$0000000A)
    __rt_entry_postsh_1                      0x0800018f   Thumb Code     0  __rtentry2.o(.ARM.Collect$$rtentry$$00000009)
    __rt_entry_main                          0x08000193   Thumb Code     0  __rtentry2.o(.ARM.Collect$$rtentry$$0000000D)
    __rt_entry_postli_1                      0x08000193   Thumb Code     0  __rtentry2.o(.ARM.Collect$$rtentry$$0000000C)
    __rt_exit                                0x0800019b   Thumb Code     0  rtexit.o(.ARM.Collect$$rtexit$$00000000)
    __rt_exit_ls                             0x0800019d   Thumb Code     0  rtexit2.o(.ARM.Collect$$rtexit$$00000003)
    __rt_exit_prels_1                        0x0800019d   Thumb Code     0  rtexit2.o(.ARM.Collect$$rtexit$$00000002)
    __rt_exit_exit                           0x080001a1   Thumb Code     0  rtexit2.o(.ARM.Collect$$rtexit$$00000004)
    Reset_Handler                            0x080001a9   Thumb Code     8  startup_stm32f10x_md.o(.text)
    ADC1_2_IRQHandler                        0x080001c3   Thumb Code     0  startup_stm32f10x_md.o(.text)
    CAN1_RX1_IRQHandler                      0x080001c3   Thumb Code     0  startup_stm32f10x_md.o(.text)
    CAN1_SCE_IRQHandler                      0x080001c3   Thumb Code     0  startup_stm32f10x_md.o(.text)
    DMA1_Channel1_IRQHandler                 0x080001c3   Thumb Code     0  startup_stm32f10x_md.o(.text)
    DMA1_Channel2_IRQHandler                 0x080001c3   Thumb Code     0  startup_stm32f10x_md.o(.text)
    DMA1_Channel3_IRQHandler                 0x080001c3   Thumb Code     0  startup_stm32f10x_md.o(.text)
    DMA1_Channel4_IRQHandler                 0x080001c3   Thumb Code     0  startup_stm32f10x_md.o(.text)
    DMA1_Channel5_IRQHandler                 0x080001c3   Thumb Code     0  startup_stm32f10x_md.o(.text)
    DMA1_Channel6_IRQHandler                 0x080001c3   Thumb Code     0  startup_stm32f10x_md.o(.text)
    DMA1_Channel7_IRQHandler                 0x080001c3   Thumb Code     0  startup_stm32f10x_md.o(.text)
    EXTI0_IRQHandler                         0x080001c3   Thumb Code     0  startup_stm32f10x_md.o(.text)
    EXTI15_10_IRQHandler                     0x080001c3   Thumb Code     0  startup_stm32f10x_md.o(.text)
    EXTI1_IRQHandler                         0x080001c3   Thumb Code     0  startup_stm32f10x_md.o(.text)
    EXTI2_IRQHandler                         0x080001c3   Thumb Code     0  startup_stm32f10x_md.o(.text)
    EXTI3_IRQHandler                         0x080001c3   Thumb Code     0  startup_stm32f10x_md.o(.text)
    EXTI4_IRQHandler                         0x080001c3   Thumb Code     0  startup_stm32f10x_md.o(.text)
    EXTI9_5_IRQHandler                       0x080001c3   Thumb Code     0  startup_stm32f10x_md.o(.text)
    FLASH_IRQHandler                         0x080001c3   Thumb Code     0  startup_stm32f10x_md.o(.text)
    I2C1_ER_IRQHandler                       0x080001c3   Thumb Code     0  startup_stm32f10x_md.o(.text)
    I2C1_EV_IRQHandler                       0x080001c3   Thumb Code     0  startup_stm32f10x_md.o(.text)
    I2C2_ER_IRQHandler                       0x080001c3   Thumb Code     0  startup_stm32f10x_md.o(.text)
    I2C2_EV_IRQHandler                       0x080001c3   Thumb Code     0  startup_stm32f10x_md.o(.text)
    PVD_IRQHandler                           0x080001c3   Thumb Code     0  startup_stm32f10x_md.o(.text)
    RCC_IRQHandler                           0x080001c3   Thumb Code     0  startup_stm32f10x_md.o(.text)
    RTCAlarm_IRQHandler                      0x080001c3   Thumb Code     0  startup_stm32f10x_md.o(.text)
    RTC_IRQHandler                           0x080001c3   Thumb Code     0  startup_stm32f10x_md.o(.text)
    SPI1_IRQHandler                          0x080001c3   Thumb Code     0  startup_stm32f10x_md.o(.text)
    SPI2_IRQHandler                          0x080001c3   Thumb Code     0  startup_stm32f10x_md.o(.text)
    TAMPER_IRQHandler                        0x080001c3   Thumb Code     0  startup_stm32f10x_md.o(.text)
    TIM1_BRK_IRQHandler                      0x080001c3   Thumb Code     0  startup_stm32f10x_md.o(.text)
    TIM1_CC_IRQHandler                       0x080001c3   Thumb Code     0  startup_stm32f10x_md.o(.text)
    TIM1_TRG_COM_IRQHandler                  0x080001c3   Thumb Code     0  startup_stm32f10x_md.o(.text)
    TIM1_UP_IRQHandler                       0x080001c3   Thumb Code     0  startup_stm32f10x_md.o(.text)
    TIM2_IRQHandler                          0x080001c3   Thumb Code     0  startup_stm32f10x_md.o(.text)
    USART2_IRQHandler                        0x080001c3   Thumb Code     0  startup_stm32f10x_md.o(.text)
    USART3_IRQHandler                        0x080001c3   Thumb Code     0  startup_stm32f10x_md.o(.text)
    USBWakeUp_IRQHandler                     0x080001c3   Thumb Code     0  startup_stm32f10x_md.o(.text)
    USB_HP_CAN1_TX_IRQHandler                0x080001c3   Thumb Code     0  startup_stm32f10x_md.o(.text)
    USB_LP_CAN1_RX0_IRQHandler               0x080001c3   Thumb Code     0  startup_stm32f10x_md.o(.text)
    WWDG_IRQHandler                          0x080001c3   Thumb Code     0  startup_stm32f10x_md.o(.text)
    __user_initial_stackheap                 0x080001c5   Thumb Code     0  startup_stm32f10x_md.o(.text)
    __use_no_semihosting                     0x080001e9   Thumb Code     2  use_no_semi_2.o(.text)
    __2printf                                0x080001ed   Thumb Code    20  noretval__2printf.o(.text)
    __2sprintf                               0x08000205   Thumb Code    34  noretval__2sprintf.o(.text)
    _printf_int_dec                          0x0800022d   Thumb Code   104  _printf_dec.o(.text)
    __printf                                 0x080002a5   Thumb Code   270  __printf_wp.o(.text)
    strcpy                                   0x080003b3   Thumb Code    72  strcpy.o(.text)
    __aeabi_memcpy4                          0x080003fb   Thumb Code     0  rt_memcpy_w.o(.text)
    __aeabi_memcpy8                          0x080003fb   Thumb Code     0  rt_memcpy_w.o(.text)
    __rt_memcpy_w                            0x080003fb   Thumb Code   100  rt_memcpy_w.o(.text)
    _memcpy_lastbytes_aligned                0x08000443   Thumb Code     0  rt_memcpy_w.o(.text)
    __aeabi_memclr                           0x0800045f   Thumb Code     0  rt_memclr.o(.text)
    __rt_memclr                              0x0800045f   Thumb Code    68  rt_memclr.o(.text)
    _memset                                  0x08000463   Thumb Code     0  rt_memclr.o(.text)
    __aeabi_memclr4                          0x080004a3   Thumb Code     0  rt_memclr_w.o(.text)
    __aeabi_memclr8                          0x080004a3   Thumb Code     0  rt_memclr_w.o(.text)
    __rt_memclr_w                            0x080004a3   Thumb Code    78  rt_memclr_w.o(.text)
    _memset_w                                0x080004a7   Thumb Code     0  rt_memclr_w.o(.text)
    strncpy                                  0x080004f1   Thumb Code    86  strncpy.o(.text)
    strcmp                                   0x08000549   Thumb Code   128  strcmpv7m.o(.text)
    __use_two_region_memory                  0x080005c9   Thumb Code     2  heapauxi.o(.text)
    __rt_heap_escrow$2region                 0x080005cb   Thumb Code     2  heapauxi.o(.text)
    __rt_heap_expand$2region                 0x080005cd   Thumb Code     2  heapauxi.o(.text)
    __I$use$semihosting                      0x080005cf   Thumb Code     0  use_no_semi.o(.text)
    __use_no_semihosting_swi                 0x080005cf   Thumb Code     2  use_no_semi.o(.text)
    _printf_int_common                       0x080005d1   Thumb Code   178  _printf_intcommon.o(.text)
    __lib_sel_fp_printf                      0x08000683   Thumb Code     2  _printf_fp_dec.o(.text)
    _printf_fp_dec_real                      0x08000835   Thumb Code   620  _printf_fp_dec.o(.text)
    _printf_char_common                      0x08000aab   Thumb Code    32  _printf_char_common.o(.text)
    _sputc                                   0x08000ad1   Thumb Code    10  _sputc.o(.text)
    _printf_char_file                        0x08000add   Thumb Code    32  _printf_char_file.o(.text)
    __rt_locale                              0x08000b01   Thumb Code     8  rt_locale_intlibspace.o(.text)
    _ll_udiv10                               0x08000b09   Thumb Code   138  lludiv10.o(.text)
    _printf_fp_infnan                        0x08000b95   Thumb Code   112  _printf_fp_infnan.o(.text)
    _btod_etento                             0x08000c15   Thumb Code   224  bigflt0.o(.text)
    ferror                                   0x08000cf9   Thumb Code     8  ferror.o(.text)
    __user_libspace                          0x08000d01   Thumb Code     8  libspace.o(.text)
    __user_perproc_libspace                  0x08000d01   Thumb Code     0  libspace.o(.text)
    __user_perthread_libspace                0x08000d01   Thumb Code     0  libspace.o(.text)
    __user_setup_stackheap                   0x08000d09   Thumb Code    74  sys_stackheap_outer.o(.text)
    exit                                     0x08000d53   Thumb Code    18  exit.o(.text)
    _btod_d2e                                0x08000d65   Thumb Code    62  btod.o(CL$$btod_d2e)
    _d2e_denorm_low                          0x08000da3   Thumb Code    70  btod.o(CL$$btod_d2e_denorm_low)
    _d2e_norm_op1                            0x08000de9   Thumb Code    96  btod.o(CL$$btod_d2e_norm_op1)
    __btod_div_common                        0x08000e49   Thumb Code   696  btod.o(CL$$btod_div_common)
    _e2e                                     0x08001181   Thumb Code   220  btod.o(CL$$btod_e2e)
    _btod_ediv                               0x0800125d   Thumb Code    42  btod.o(CL$$btod_ediv)
    _btod_emul                               0x08001287   Thumb Code    42  btod.o(CL$$btod_emul)
    __btod_mult_common                       0x080012b1   Thumb Code   580  btod.o(CL$$btod_mult_common)
    ADC_Cmd                                  0x080014f5   Thumb Code    22  stm32f10x_adc.o(i.ADC_Cmd)
    ADC_DeInit                               0x0800150d   Thumb Code    78  stm32f10x_adc.o(i.ADC_DeInit)
    ADC_GetCalibrationStatus                 0x08001569   Thumb Code    20  stm32f10x_adc.o(i.ADC_GetCalibrationStatus)
    ADC_GetConversionValue                   0x0800157d   Thumb Code     8  stm32f10x_adc.o(i.ADC_GetConversionValue)
    ADC_GetFlagStatus                        0x08001585   Thumb Code    18  stm32f10x_adc.o(i.ADC_GetFlagStatus)
    ADC_GetResetCalibrationStatus            0x08001597   Thumb Code    20  stm32f10x_adc.o(i.ADC_GetResetCalibrationStatus)
    ADC_Init                                 0x080015ad   Thumb Code    70  stm32f10x_adc.o(i.ADC_Init)
    ADC_RegularChannelConfig                 0x080015fd   Thumb Code   184  stm32f10x_adc.o(i.ADC_RegularChannelConfig)
    ADC_ResetCalibration                     0x080016b5   Thumb Code    10  stm32f10x_adc.o(i.ADC_ResetCalibration)
    ADC_SoftwareStartConvCmd                 0x080016bf   Thumb Code    22  stm32f10x_adc.o(i.ADC_SoftwareStartConvCmd)
    ADC_StartCalibration                     0x080016d5   Thumb Code    10  stm32f10x_adc.o(i.ADC_StartCalibration)
    ANGLE_CONTROL_ConfigSequence             0x080016e1   Thumb Code    80  angle_control.o(i.ANGLE_CONTROL_ConfigSequence)
    ANGLE_CONTROL_GetTime                    0x0800175d   Thumb Code     6  angle_control.o(i.ANGLE_CONTROL_GetTime)
    ANGLE_CONTROL_Init                       0x08001769   Thumb Code   116  angle_control.o(i.ANGLE_CONTROL_Init)
    ANGLE_CONTROL_Process                    0x08001821   Thumb Code   208  angle_control.o(i.ANGLE_CONTROL_Process)
    ANGLE_CONTROL_SetMode                    0x08001d4d   Thumb Code    42  angle_control.o(i.ANGLE_CONTROL_SetMode)
    ANGLE_CONTROL_SetStableCondition         0x08001d99   Thumb Code    42  angle_control.o(i.ANGLE_CONTROL_SetStableCondition)
    ANGLE_CONTROL_SetTarget                  0x08001e01   Thumb Code    76  angle_control.o(i.ANGLE_CONTROL_SetTarget)
    ANGLE_CONTROL_Stop                       0x08001e75   Thumb Code    32  angle_control.o(i.ANGLE_CONTROL_Stop)
    ANGLE_CONTROL_TimeUpdate                 0x08001ead   Thumb Code    12  angle_control.o(i.ANGLE_CONTROL_TimeUpdate)
    ANGLE_SENSOR_GetAngle                    0x08001ec9   Thumb Code   210  angle_sensor.o(i.ANGLE_SENSOR_GetAngle)
    ANGLE_SENSOR_Init                        0x08001fbd   Thumb Code   148  angle_sensor.o(i.ANGLE_SENSOR_Init)
    BusFault_Handler                         0x08002059   Thumb Code     4  stm32f10x_it.o(i.BusFault_Handler)
    DebugMon_Handler                         0x08002121   Thumb Code     2  stm32f10x_it.o(i.DebugMon_Handler)
    DisplayStatus                            0x08002125   Thumb Code   912  main.o(i.DisplayStatus)
    FAN_Init                                 0x08002765   Thumb Code    16  fan_driver.o(i.FAN_Init)
    FAN_SetDirection                         0x08002775   Thumb Code    78  fan_driver.o(i.FAN_SetDirection)
    FAN_SetSpeed                             0x080027cd   Thumb Code    66  fan_driver.o(i.FAN_SetSpeed)
    FAN_Stop                                 0x08002819   Thumb Code    72  fan_driver.o(i.FAN_Stop)
    FAN_StopAll                              0x08002869   Thumb Code    16  fan_driver.o(i.FAN_StopAll)
    GPIO_Init                                0x08002905   Thumb Code   278  stm32f10x_gpio.o(i.GPIO_Init)
    GPIO_ReadInputDataBit                    0x08002a1b   Thumb Code    18  stm32f10x_gpio.o(i.GPIO_ReadInputDataBit)
    GPIO_ResetBits                           0x08002a2d   Thumb Code     4  stm32f10x_gpio.o(i.GPIO_ResetBits)
    GPIO_SetBits                             0x08002a31   Thumb Code     4  stm32f10x_gpio.o(i.GPIO_SetBits)
    HardFault_Handler                        0x08002a35   Thumb Code     4  stm32f10x_it.o(i.HardFault_Handler)
    I2C_Start                                0x08002a39   Thumb Code    56  oled.o(i.I2C_Start)
    I2C_Stop                                 0x08002a75   Thumb Code    38  oled.o(i.I2C_Stop)
    I2C_WaitAck                              0x08002aa1   Thumb Code    46  oled.o(i.I2C_WaitAck)
    IIC_delay                                0x08002ad5   Thumb Code    16  oled.o(i.IIC_delay)
    IWDG_ReloadCounter                       0x08002ae5   Thumb Code    10  stm32f10x_iwdg.o(i.IWDG_ReloadCounter)
    IWDG_SetPrescaler                        0x08002af5   Thumb Code     6  stm32f10x_iwdg.o(i.IWDG_SetPrescaler)
    IWDG_SetReload                           0x08002b01   Thumb Code     6  stm32f10x_iwdg.o(i.IWDG_SetReload)
    IWDG_WriteAccessCmd                      0x08002b0d   Thumb Code     6  stm32f10x_iwdg.o(i.IWDG_WriteAccessCmd)
    KEY_Init                                 0x08002b19   Thumb Code   172  key.o(i.KEY_Init)
    KEY_Scan                                 0x08002c3d   Thumb Code   164  key.o(i.KEY_Scan)
    MemManage_Handler                        0x08002ce5   Thumb Code     4  stm32f10x_it.o(i.MemManage_Handler)
    NMI_Handler                              0x08002ceb   Thumb Code     2  stm32f10x_it.o(i.NMI_Handler)
    NVIC_Init                                0x08002ced   Thumb Code   100  misc.o(i.NVIC_Init)
    NVIC_PriorityGroupConfig                 0x08002d5d   Thumb Code    10  misc.o(i.NVIC_PriorityGroupConfig)
    OLED_Clear                               0x08002d71   Thumb Code    42  oled.o(i.OLED_Clear)
    OLED_ColorTurn                           0x08002da1   Thumb Code    28  oled.o(i.OLED_ColorTurn)
    OLED_DisplayTurn                         0x08002dbd   Thumb Code    44  oled.o(i.OLED_DisplayTurn)
    OLED_DrawPoint                           0x08002de9   Thumb Code   114  oled.o(i.OLED_DrawPoint)
    OLED_Init                                0x08002e61   Thumb Code   370  oled.o(i.OLED_Init)
    OLED_Refresh                             0x08002fdd   Thumb Code   100  oled.o(i.OLED_Refresh)
    OLED_ShowChar                            0x08003045   Thumb Code   300  oled.o(i.OLED_ShowChar)
    OLED_ShowString                          0x08003181   Thumb Code    74  oled.o(i.OLED_ShowString)
    OLED_WR_Byte                             0x080031cb   Thumb Code    56  oled.o(i.OLED_WR_Byte)
    PID_Calculate                            0x08003203   Thumb Code    32  pid_controller.o(i.PID_Calculate)
    PID_Init                                 0x0800346d   Thumb Code    86  pid_controller.o(i.PID_Init)
    PID_Reset                                0x080034d5   Thumb Code    14  pid_controller.o(i.PID_Reset)
    PID_SetOutputLimits                      0x080034e3   Thumb Code    54  pid_controller.o(i.PID_SetOutputLimits)
    PID_SetPoint                             0x08003519   Thumb Code     4  pid_controller.o(i.PID_SetPoint)
    PendSV_Handler                           0x0800351d   Thumb Code     2  stm32f10x_it.o(i.PendSV_Handler)
    RCC_APB1PeriphClockCmd                   0x080036ad   Thumb Code    26  stm32f10x_rcc.o(i.RCC_APB1PeriphClockCmd)
    RCC_APB2PeriphClockCmd                   0x080036cd   Thumb Code    26  stm32f10x_rcc.o(i.RCC_APB2PeriphClockCmd)
    RCC_APB2PeriphResetCmd                   0x080036ed   Thumb Code    26  stm32f10x_rcc.o(i.RCC_APB2PeriphResetCmd)
    RCC_GetClocksFreq                        0x0800370d   Thumb Code   192  stm32f10x_rcc.o(i.RCC_GetClocksFreq)
    SVC_Handler                              0x080037e1   Thumb Code     2  stm32f10x_it.o(i.SVC_Handler)
    Send_Byte                                0x080037e5   Thumb Code    78  oled.o(i.Send_Byte)
    SysTick_CLKSourceConfig                  0x08003921   Thumb Code    40  misc.o(i.SysTick_CLKSourceConfig)
    SysTick_Handler                          0x08003949   Thumb Code     2  stm32f10x_it.o(i.SysTick_Handler)
    SystemInit                               0x0800394d   Thumb Code    78  system_stm32f10x.o(i.SystemInit)
    TIM3_IRQHandler                          0x08003aa5   Thumb Code    28  stm32f10x_it.o(i.TIM3_IRQHandler)
    TIM4_IRQHandler                          0x08003ac9   Thumb Code    26  stm32f10x_it.o(i.TIM4_IRQHandler)
    TIM_ARRPreloadConfig                     0x08003ae9   Thumb Code    24  stm32f10x_tim.o(i.TIM_ARRPreloadConfig)
    TIM_ClearITPendingBit                    0x08003b01   Thumb Code     6  stm32f10x_tim.o(i.TIM_ClearITPendingBit)
    TIM_Cmd                                  0x08003b07   Thumb Code    24  stm32f10x_tim.o(i.TIM_Cmd)
    TIM_GetITStatus                          0x08003b1f   Thumb Code    34  stm32f10x_tim.o(i.TIM_GetITStatus)
    TIM_ITConfig                             0x08003b41   Thumb Code    18  stm32f10x_tim.o(i.TIM_ITConfig)
    TIM_OC2Init                              0x08003b55   Thumb Code   154  stm32f10x_tim.o(i.TIM_OC2Init)
    TIM_OC2PreloadConfig                     0x08003bf9   Thumb Code    26  stm32f10x_tim.o(i.TIM_OC2PreloadConfig)
    TIM_OC3Init                              0x08003c15   Thumb Code   150  stm32f10x_tim.o(i.TIM_OC3Init)
    TIM_OC3PreloadConfig                     0x08003cb5   Thumb Code    18  stm32f10x_tim.o(i.TIM_OC3PreloadConfig)
    TIM_SetCompare2                          0x08003cc7   Thumb Code     4  stm32f10x_tim.o(i.TIM_SetCompare2)
    TIM_SetCompare3                          0x08003ccb   Thumb Code     4  stm32f10x_tim.o(i.TIM_SetCompare3)
    TIM_TimeBaseInit                         0x08003cd1   Thumb Code   122  stm32f10x_tim.o(i.TIM_TimeBaseInit)
    USART1_IRQHandler                        0x08003e15   Thumb Code   122  usart.o(i.USART1_IRQHandler)
    USART_Cmd                                0x08003e9d   Thumb Code    24  stm32f10x_usart.o(i.USART_Cmd)
    USART_GetITStatus                        0x08003eb5   Thumb Code    84  stm32f10x_usart.o(i.USART_GetITStatus)
    USART_ITConfig                           0x08003f09   Thumb Code    74  stm32f10x_usart.o(i.USART_ITConfig)
    USART_Init                               0x08003f55   Thumb Code   210  stm32f10x_usart.o(i.USART_Init)
    USART_ReceiveData                        0x0800402d   Thumb Code    10  stm32f10x_usart.o(i.USART_ReceiveData)
    UsageFault_Handler                       0x08004037   Thumb Code     4  stm32f10x_it.o(i.UsageFault_Handler)
    __ARM_fpclassify                         0x08004047   Thumb Code    40  fpclassify.o(i.__ARM_fpclassify)
    _is_digit                                0x0800406f   Thumb Code    14  __printf_wp.o(i._is_digit)
    _sys_exit                                0x0800407d   Thumb Code     4  usart.o(i._sys_exit)
    delay_init                               0x08004081   Thumb Code    50  delay.o(i.delay_init)
    delay_ms                                 0x080040c5   Thumb Code    72  delay.o(i.delay_ms)
    fputc                                    0x08004111   Thumb Code    24  usart.o(i.fputc)
    main                                     0x0800412d   Thumb Code    94  main.o(i.main)
    uart_init                                0x080041d5   Thumb Code   152  usart.o(i.uart_init)
    _get_lc_numeric                          0x08004275   Thumb Code    44  lc_numeric_c.o(locale$$code)
    __aeabi_d2f                              0x080042a1   Thumb Code     0  d2f.o(x$fpl$d2f)
    _d2f                                     0x080042a1   Thumb Code    98  d2f.o(x$fpl$d2f)
    __aeabi_dadd                             0x08004305   Thumb Code     0  daddsub_clz.o(x$fpl$dadd)
    _dadd                                    0x08004305   Thumb Code   332  daddsub_clz.o(x$fpl$dadd)
    __fpl_dcmp_Inf                           0x08004455   Thumb Code    24  dcmpi.o(x$fpl$dcmpinf)
    __aeabi_d2uiz                            0x0800446d   Thumb Code     0  dfixu.o(x$fpl$dfixu)
    _dfixu                                   0x0800446d   Thumb Code    90  dfixu.o(x$fpl$dfixu)
    __aeabi_cdcmple                          0x080044c9   Thumb Code     0  dleqf.o(x$fpl$dleqf)
    _dcmple                                  0x080044c9   Thumb Code   120  dleqf.o(x$fpl$dleqf)
    __fpl_dcmple_InfNaN                      0x0800452b   Thumb Code     0  dleqf.o(x$fpl$dleqf)
    __aeabi_dmul                             0x08004541   Thumb Code     0  dmul.o(x$fpl$dmul)
    _dmul                                    0x08004541   Thumb Code   332  dmul.o(x$fpl$dmul)
    __fpl_dnaninf                            0x08004695   Thumb Code   156  dnaninf.o(x$fpl$dnaninf)
    __fpl_dretinf                            0x08004731   Thumb Code    12  dretinf.o(x$fpl$dretinf)
    __aeabi_cdrcmple                         0x0800473d   Thumb Code     0  drleqf.o(x$fpl$drleqf)
    _drcmple                                 0x0800473d   Thumb Code   108  drleqf.o(x$fpl$drleqf)
    __aeabi_dsub                             0x080047a9   Thumb Code     0  daddsub_clz.o(x$fpl$dsub)
    _dsub                                    0x080047a9   Thumb Code   464  daddsub_clz.o(x$fpl$dsub)
    __aeabi_f2d                              0x0800497d   Thumb Code     0  f2d.o(x$fpl$f2d)
    _f2d                                     0x0800497d   Thumb Code    86  f2d.o(x$fpl$f2d)
    __aeabi_fadd                             0x080049d5   Thumb Code     0  faddsub_clz.o(x$fpl$fadd)
    _fadd                                    0x080049d5   Thumb Code   196  faddsub_clz.o(x$fpl$fadd)
    __fpl_fcmp_Inf                           0x08004a99   Thumb Code    24  fcmpi.o(x$fpl$fcmpinf)
    __aeabi_fdiv                             0x08004ab1   Thumb Code     0  fdiv.o(x$fpl$fdiv)
    _fdiv                                    0x08004ab1   Thumb Code   384  fdiv.o(x$fpl$fdiv)
    __aeabi_f2iz                             0x08004c35   Thumb Code     0  ffix.o(x$fpl$ffix)
    _ffix                                    0x08004c35   Thumb Code    54  ffix.o(x$fpl$ffix)
    __aeabi_i2f                              0x08004c6d   Thumb Code     0  fflt_clz.o(x$fpl$fflt)
    _fflt                                    0x08004c6d   Thumb Code    48  fflt_clz.o(x$fpl$fflt)
    __aeabi_ui2f                             0x08004c9d   Thumb Code     0  fflt_clz.o(x$fpl$ffltu)
    _ffltu                                   0x08004c9d   Thumb Code    38  fflt_clz.o(x$fpl$ffltu)
    __aeabi_cfcmple                          0x08004cc5   Thumb Code     0  fleqf.o(x$fpl$fleqf)
    _fcmple                                  0x08004cc5   Thumb Code   104  fleqf.o(x$fpl$fleqf)
    __fpl_fcmple_InfNaN                      0x08004d17   Thumb Code     0  fleqf.o(x$fpl$fleqf)
    __aeabi_fmul                             0x08004d2d   Thumb Code     0  fmul.o(x$fpl$fmul)
    _fmul                                    0x08004d2d   Thumb Code   258  fmul.o(x$fpl$fmul)
    __fpl_fnaninf                            0x08004e2f   Thumb Code   140  fnaninf.o(x$fpl$fnaninf)
    __fpl_fretinf                            0x08004ebb   Thumb Code    10  fretinf.o(x$fpl$fretinf)
    __aeabi_cfrcmple                         0x08004ec5   Thumb Code     0  frleqf.o(x$fpl$frleqf)
    _frcmple                                 0x08004ec5   Thumb Code    98  frleqf.o(x$fpl$frleqf)
    __aeabi_frsub                            0x08004f27   Thumb Code     0  faddsub_clz.o(x$fpl$frsb)
    _frsb                                    0x08004f27   Thumb Code    20  faddsub_clz.o(x$fpl$frsb)
    __aeabi_fsub                             0x08004f3d   Thumb Code     0  faddsub_clz.o(x$fpl$fsub)
    _fsub                                    0x08004f3d   Thumb Code   234  faddsub_clz.o(x$fpl$fsub)
    _printf_fp_dec                           0x08005027   Thumb Code     4  printf1.o(x$fpl$printf1)
    __I$use$fp                               0x0800502a   Number         0  usenofp.o(x$fpl$usenofp)
    asc2_0806                                0x08005040   Data         552  oled.o(.constdata)
    asc2_1206                                0x08005268   Data        1140  oled.o(.constdata)
    asc2_1608                                0x080056dc   Data        1520  oled.o(.constdata)
    asc2_2412                                0x08005ccc   Data        3420  oled.o(.constdata)
    Hzk1                                     0x08006a28   Data         352  oled.o(.constdata)
    Hzk2                                     0x08006b88   Data          72  oled.o(.constdata)
    Hzk3                                     0x08006bd0   Data         128  oled.o(.constdata)
    Hzk4                                     0x08006c50   Data         512  oled.o(.constdata)
    Region$$Table$$Base                      0x08006ee4   Number         0  anon$$obj.o(Region$$Table)
    Region$$Table$$Limit                     0x08006f04   Number         0  anon$$obj.o(Region$$Table)
    SystemCoreClock                          0x20000000   Data           4  system_stm32f10x.o(.data)
    AHBPrescTable                            0x20000004   Data          16  system_stm32f10x.o(.data)
    g_targetAngle                            0x2000002c   Data           4  main.o(.data)
    speed                                    0x20000050   Data           1  angle_control.o(.data)
    __stdout                                 0x2000005c   Data           4  usart.o(.data)
    USART_RX_STA                             0x20000060   Data           2  usart.o(.data)
    g_angle_control                          0x20000064   Data         180  main.o(.bss)
    OLED_GRAM                                0x2000024c   Data        1152  oled.o(.bss)
    USART_RX_BUF                             0x200006cc   Data         200  usart.o(.bss)
    __libspace_start                         0x20000794   Data          96  libspace.o(.bss)
    __temporary_stack_top$libspace           0x200007f4   Data           0  libspace.o(.bss)



==============================================================================

Memory Map of the image

  Image Entry point : 0x080000ed

  Load Region LR_IROM1 (Base: 0x08000000, Size: 0x00006f84, Max: 0x00010000, ABSOLUTE)

    Execution Region ER_IROM1 (Exec base: 0x08000000, Load base: 0x08000000, Size: 0x00006f20, Max: 0x00010000, ABSOLUTE)

    Exec Addr    Load Addr    Size         Type   Attr      Idx    E Section Name        Object

    0x08000000   0x08000000   0x000000ec   Data   RO            3    RESET               startup_stm32f10x_md.o
    0x080000ec   0x080000ec   0x00000008   Code   RO         4057  * !!!main             c_w.l(__main.o)
    0x080000f4   0x080000f4   0x00000034   Code   RO         4410    !!!scatter          c_w.l(__scatter.o)
    0x08000128   0x08000128   0x0000001a   Code   RO         4412    !!handler_copy      c_w.l(__scatter_copy.o)
    0x08000142   0x08000142   0x00000002   PAD
    0x08000144   0x08000144   0x0000001c   Code   RO         4414    !!handler_zi        c_w.l(__scatter_zi.o)
    0x08000160   0x08000160   0x00000000   Code   RO         4042    .ARM.Collect$$_printf_percent$$00000000  c_w.l(_printf_percent.o)
    0x08000160   0x08000160   0x00000006   Code   RO         4041    .ARM.Collect$$_printf_percent$$00000003  c_w.l(_printf_f.o)
    0x08000166   0x08000166   0x00000006   Code   RO         4040    .ARM.Collect$$_printf_percent$$00000009  c_w.l(_printf_d.o)
    0x0800016c   0x0800016c   0x00000004   Code   RO         4154    .ARM.Collect$$_printf_percent$$00000017  c_w.l(_printf_percent_end.o)
    0x08000170   0x08000170   0x00000002   Code   RO         4279    .ARM.Collect$$libinit$$00000000  c_w.l(libinit.o)
    0x08000172   0x08000172   0x00000000   Code   RO         4281    .ARM.Collect$$libinit$$00000002  c_w.l(libinit2.o)
    0x08000172   0x08000172   0x00000000   Code   RO         4283    .ARM.Collect$$libinit$$00000004  c_w.l(libinit2.o)
    0x08000172   0x08000172   0x00000000   Code   RO         4286    .ARM.Collect$$libinit$$0000000A  c_w.l(libinit2.o)
    0x08000172   0x08000172   0x00000000   Code   RO         4288    .ARM.Collect$$libinit$$0000000C  c_w.l(libinit2.o)
    0x08000172   0x08000172   0x00000000   Code   RO         4290    .ARM.Collect$$libinit$$0000000E  c_w.l(libinit2.o)
    0x08000172   0x08000172   0x00000006   Code   RO         4291    .ARM.Collect$$libinit$$0000000F  c_w.l(libinit2.o)
    0x08000178   0x08000178   0x00000000   Code   RO         4293    .ARM.Collect$$libinit$$00000011  c_w.l(libinit2.o)
    0x08000178   0x08000178   0x00000000   Code   RO         4295    .ARM.Collect$$libinit$$00000013  c_w.l(libinit2.o)
    0x08000178   0x08000178   0x00000000   Code   RO         4297    .ARM.Collect$$libinit$$00000015  c_w.l(libinit2.o)
    0x08000178   0x08000178   0x0000000a   Code   RO         4298    .ARM.Collect$$libinit$$00000016  c_w.l(libinit2.o)
    0x08000182   0x08000182   0x00000000   Code   RO         4299    .ARM.Collect$$libinit$$00000017  c_w.l(libinit2.o)
    0x08000182   0x08000182   0x00000000   Code   RO         4301    .ARM.Collect$$libinit$$00000019  c_w.l(libinit2.o)
    0x08000182   0x08000182   0x00000000   Code   RO         4303    .ARM.Collect$$libinit$$0000001B  c_w.l(libinit2.o)
    0x08000182   0x08000182   0x00000000   Code   RO         4305    .ARM.Collect$$libinit$$0000001D  c_w.l(libinit2.o)
    0x08000182   0x08000182   0x00000000   Code   RO         4307    .ARM.Collect$$libinit$$0000001F  c_w.l(libinit2.o)
    0x08000182   0x08000182   0x00000000   Code   RO         4309    .ARM.Collect$$libinit$$00000021  c_w.l(libinit2.o)
    0x08000182   0x08000182   0x00000000   Code   RO         4311    .ARM.Collect$$libinit$$00000023  c_w.l(libinit2.o)
    0x08000182   0x08000182   0x00000000   Code   RO         4313    .ARM.Collect$$libinit$$00000025  c_w.l(libinit2.o)
    0x08000182   0x08000182   0x00000000   Code   RO         4317    .ARM.Collect$$libinit$$0000002C  c_w.l(libinit2.o)
    0x08000182   0x08000182   0x00000000   Code   RO         4319    .ARM.Collect$$libinit$$0000002E  c_w.l(libinit2.o)
    0x08000182   0x08000182   0x00000000   Code   RO         4321    .ARM.Collect$$libinit$$00000030  c_w.l(libinit2.o)
    0x08000182   0x08000182   0x00000000   Code   RO         4323    .ARM.Collect$$libinit$$00000032  c_w.l(libinit2.o)
    0x08000182   0x08000182   0x00000002   Code   RO         4324    .ARM.Collect$$libinit$$00000033  c_w.l(libinit2.o)
    0x08000184   0x08000184   0x00000002   Code   RO         4358    .ARM.Collect$$libshutdown$$00000000  c_w.l(libshutdown.o)
    0x08000186   0x08000186   0x00000000   Code   RO         4367    .ARM.Collect$$libshutdown$$00000002  c_w.l(libshutdown2.o)
    0x08000186   0x08000186   0x00000000   Code   RO         4369    .ARM.Collect$$libshutdown$$00000004  c_w.l(libshutdown2.o)
    0x08000186   0x08000186   0x00000000   Code   RO         4371    .ARM.Collect$$libshutdown$$00000006  c_w.l(libshutdown2.o)
    0x08000186   0x08000186   0x00000000   Code   RO         4374    .ARM.Collect$$libshutdown$$00000009  c_w.l(libshutdown2.o)
    0x08000186   0x08000186   0x00000000   Code   RO         4377    .ARM.Collect$$libshutdown$$0000000C  c_w.l(libshutdown2.o)
    0x08000186   0x08000186   0x00000000   Code   RO         4379    .ARM.Collect$$libshutdown$$0000000E  c_w.l(libshutdown2.o)
    0x08000186   0x08000186   0x00000000   Code   RO         4382    .ARM.Collect$$libshutdown$$00000011  c_w.l(libshutdown2.o)
    0x08000186   0x08000186   0x00000002   Code   RO         4383    .ARM.Collect$$libshutdown$$00000012  c_w.l(libshutdown2.o)
    0x08000188   0x08000188   0x00000000   Code   RO         4139    .ARM.Collect$$rtentry$$00000000  c_w.l(__rtentry.o)
    0x08000188   0x08000188   0x00000000   Code   RO         4197    .ARM.Collect$$rtentry$$00000002  c_w.l(__rtentry2.o)
    0x08000188   0x08000188   0x00000006   Code   RO         4209    .ARM.Collect$$rtentry$$00000004  c_w.l(__rtentry4.o)
    0x0800018e   0x0800018e   0x00000000   Code   RO         4199    .ARM.Collect$$rtentry$$00000009  c_w.l(__rtentry2.o)
    0x0800018e   0x0800018e   0x00000004   Code   RO         4200    .ARM.Collect$$rtentry$$0000000A  c_w.l(__rtentry2.o)
    0x08000192   0x08000192   0x00000000   Code   RO         4202    .ARM.Collect$$rtentry$$0000000C  c_w.l(__rtentry2.o)
    0x08000192   0x08000192   0x00000008   Code   RO         4203    .ARM.Collect$$rtentry$$0000000D  c_w.l(__rtentry2.o)
    0x0800019a   0x0800019a   0x00000002   Code   RO         4327    .ARM.Collect$$rtexit$$00000000  c_w.l(rtexit.o)
    0x0800019c   0x0800019c   0x00000000   Code   RO         4336    .ARM.Collect$$rtexit$$00000002  c_w.l(rtexit2.o)
    0x0800019c   0x0800019c   0x00000004   Code   RO         4337    .ARM.Collect$$rtexit$$00000003  c_w.l(rtexit2.o)
    0x080001a0   0x080001a0   0x00000006   Code   RO         4338    .ARM.Collect$$rtexit$$00000004  c_w.l(rtexit2.o)
    0x080001a6   0x080001a6   0x00000002   PAD
    0x080001a8   0x080001a8   0x00000040   Code   RO            4    .text               startup_stm32f10x_md.o
    0x080001e8   0x080001e8   0x00000002   Code   RO         4003    .text               c_w.l(use_no_semi_2.o)
    0x080001ea   0x080001ea   0x00000002   PAD
    0x080001ec   0x080001ec   0x00000018   Code   RO         4009    .text               c_w.l(noretval__2printf.o)
    0x08000204   0x08000204   0x00000028   Code   RO         4011    .text               c_w.l(noretval__2sprintf.o)
    0x0800022c   0x0800022c   0x00000078   Code   RO         4017    .text               c_w.l(_printf_dec.o)
    0x080002a4   0x080002a4   0x0000010e   Code   RO         4027    .text               c_w.l(__printf_wp.o)
    0x080003b2   0x080003b2   0x00000048   Code   RO         4043    .text               c_w.l(strcpy.o)
    0x080003fa   0x080003fa   0x00000064   Code   RO         4045    .text               c_w.l(rt_memcpy_w.o)
    0x0800045e   0x0800045e   0x00000044   Code   RO         4047    .text               c_w.l(rt_memclr.o)
    0x080004a2   0x080004a2   0x0000004e   Code   RO         4049    .text               c_w.l(rt_memclr_w.o)
    0x080004f0   0x080004f0   0x00000056   Code   RO         4051    .text               c_w.l(strncpy.o)
    0x08000546   0x08000546   0x00000002   PAD
    0x08000548   0x08000548   0x00000080   Code   RO         4053    .text               c_w.l(strcmpv7m.o)
    0x080005c8   0x080005c8   0x00000006   Code   RO         4055    .text               c_w.l(heapauxi.o)
    0x080005ce   0x080005ce   0x00000002   Code   RO         4137    .text               c_w.l(use_no_semi.o)
    0x080005d0   0x080005d0   0x000000b2   Code   RO         4142    .text               c_w.l(_printf_intcommon.o)
    0x08000682   0x08000682   0x0000041e   Code   RO         4144    .text               c_w.l(_printf_fp_dec.o)
    0x08000aa0   0x08000aa0   0x00000030   Code   RO         4146    .text               c_w.l(_printf_char_common.o)
    0x08000ad0   0x08000ad0   0x0000000a   Code   RO         4148    .text               c_w.l(_sputc.o)
    0x08000ada   0x08000ada   0x00000002   PAD
    0x08000adc   0x08000adc   0x00000024   Code   RO         4152    .text               c_w.l(_printf_char_file.o)
    0x08000b00   0x08000b00   0x00000008   Code   RO         4214    .text               c_w.l(rt_locale_intlibspace.o)
    0x08000b08   0x08000b08   0x0000008a   Code   RO         4221    .text               c_w.l(lludiv10.o)
    0x08000b92   0x08000b92   0x00000002   PAD
    0x08000b94   0x08000b94   0x00000080   Code   RO         4223    .text               c_w.l(_printf_fp_infnan.o)
    0x08000c14   0x08000c14   0x000000e4   Code   RO         4227    .text               c_w.l(bigflt0.o)
    0x08000cf8   0x08000cf8   0x00000008   Code   RO         4252    .text               c_w.l(ferror.o)
    0x08000d00   0x08000d00   0x00000008   Code   RO         4267    .text               c_w.l(libspace.o)
    0x08000d08   0x08000d08   0x0000004a   Code   RO         4270    .text               c_w.l(sys_stackheap_outer.o)
    0x08000d52   0x08000d52   0x00000012   Code   RO         4272    .text               c_w.l(exit.o)
    0x08000d64   0x08000d64   0x0000003e   Code   RO         4230    CL$$btod_d2e        c_w.l(btod.o)
    0x08000da2   0x08000da2   0x00000046   Code   RO         4232    CL$$btod_d2e_denorm_low  c_w.l(btod.o)
    0x08000de8   0x08000de8   0x00000060   Code   RO         4231    CL$$btod_d2e_norm_op1  c_w.l(btod.o)
    0x08000e48   0x08000e48   0x00000338   Code   RO         4240    CL$$btod_div_common  c_w.l(btod.o)
    0x08001180   0x08001180   0x000000dc   Code   RO         4237    CL$$btod_e2e        c_w.l(btod.o)
    0x0800125c   0x0800125c   0x0000002a   Code   RO         4234    CL$$btod_ediv       c_w.l(btod.o)
    0x08001286   0x08001286   0x0000002a   Code   RO         4233    CL$$btod_emul       c_w.l(btod.o)
    0x080012b0   0x080012b0   0x00000244   Code   RO         4239    CL$$btod_mult_common  c_w.l(btod.o)
    0x080014f4   0x080014f4   0x00000016   Code   RO          202    i.ADC_Cmd           stm32f10x_adc.o
    0x0800150a   0x0800150a   0x00000002   PAD
    0x0800150c   0x0800150c   0x0000005c   Code   RO          204    i.ADC_DeInit        stm32f10x_adc.o
    0x08001568   0x08001568   0x00000014   Code   RO          210    i.ADC_GetCalibrationStatus  stm32f10x_adc.o
    0x0800157c   0x0800157c   0x00000008   Code   RO          211    i.ADC_GetConversionValue  stm32f10x_adc.o
    0x08001584   0x08001584   0x00000012   Code   RO          213    i.ADC_GetFlagStatus  stm32f10x_adc.o
    0x08001596   0x08001596   0x00000014   Code   RO          216    i.ADC_GetResetCalibrationStatus  stm32f10x_adc.o
    0x080015aa   0x080015aa   0x00000002   PAD
    0x080015ac   0x080015ac   0x00000050   Code   RO          220    i.ADC_Init          stm32f10x_adc.o
    0x080015fc   0x080015fc   0x000000b8   Code   RO          224    i.ADC_RegularChannelConfig  stm32f10x_adc.o
    0x080016b4   0x080016b4   0x0000000a   Code   RO          225    i.ADC_ResetCalibration  stm32f10x_adc.o
    0x080016be   0x080016be   0x00000016   Code   RO          227    i.ADC_SoftwareStartConvCmd  stm32f10x_adc.o
    0x080016d4   0x080016d4   0x0000000a   Code   RO          229    i.ADC_StartCalibration  stm32f10x_adc.o
    0x080016de   0x080016de   0x00000002   PAD
    0x080016e0   0x080016e0   0x0000007c   Code   RO         3692    i.ANGLE_CONTROL_ConfigSequence  angle_control.o
    0x0800175c   0x0800175c   0x0000000c   Code   RO         3693    i.ANGLE_CONTROL_GetTime  angle_control.o
    0x08001768   0x08001768   0x000000b8   Code   RO         3694    i.ANGLE_CONTROL_Init  angle_control.o
    0x08001820   0x08001820   0x000000f0   Code   RO         3696    i.ANGLE_CONTROL_Process  angle_control.o
    0x08001910   0x08001910   0x00000220   Code   RO         3697    i.ANGLE_CONTROL_ProcessDualFan  angle_control.o
    0x08001b30   0x08001b30   0x00000150   Code   RO         3698    i.ANGLE_CONTROL_ProcessSequence  angle_control.o
    0x08001c80   0x08001c80   0x000000cc   Code   RO         3699    i.ANGLE_CONTROL_ProcessSingleFan  angle_control.o
    0x08001d4c   0x08001d4c   0x0000004c   Code   RO         3701    i.ANGLE_CONTROL_SetMode  angle_control.o
    0x08001d98   0x08001d98   0x00000068   Code   RO         3703    i.ANGLE_CONTROL_SetStableCondition  angle_control.o
    0x08001e00   0x08001e00   0x00000074   Code   RO         3704    i.ANGLE_CONTROL_SetTarget  angle_control.o
    0x08001e74   0x08001e74   0x00000038   Code   RO         3706    i.ANGLE_CONTROL_Stop  angle_control.o
    0x08001eac   0x08001eac   0x00000010   Code   RO         3707    i.ANGLE_CONTROL_TimeUpdate  angle_control.o
    0x08001ebc   0x08001ebc   0x0000000c   Code   RO         3708    i.ANGLE_CONTROL_UpdateTime  angle_control.o
    0x08001ec8   0x08001ec8   0x000000f4   Code   RO         3403    i.ANGLE_SENSOR_GetAngle  angle_sensor.o
    0x08001fbc   0x08001fbc   0x0000009c   Code   RO         3404    i.ANGLE_SENSOR_Init  angle_sensor.o
    0x08002058   0x08002058   0x00000004   Code   RO         3301    i.BusFault_Handler  stm32f10x_it.o
    0x0800205c   0x0800205c   0x000000c4   Code   RO         3196    i.ConfigureControlMode  main.o
    0x08002120   0x08002120   0x00000002   Code   RO         3302    i.DebugMon_Handler  stm32f10x_it.o
    0x08002122   0x08002122   0x00000002   PAD
    0x08002124   0x08002124   0x000005a4   Code   RO         3197    i.DisplayStatus     main.o
    0x080026c8   0x080026c8   0x0000009c   Code   RO         3428    i.FAN_GPIO_Config   fan_driver.o
    0x08002764   0x08002764   0x00000010   Code   RO         3429    i.FAN_Init          fan_driver.o
    0x08002774   0x08002774   0x00000058   Code   RO         3430    i.FAN_SetDirection  fan_driver.o
    0x080027cc   0x080027cc   0x0000004c   Code   RO         3432    i.FAN_SetSpeed      fan_driver.o
    0x08002818   0x08002818   0x00000050   Code   RO         3435    i.FAN_Stop          fan_driver.o
    0x08002868   0x08002868   0x00000010   Code   RO         3436    i.FAN_StopAll       fan_driver.o
    0x08002878   0x08002878   0x0000008c   Code   RO         3437    i.FAN_TIM_Config    fan_driver.o
    0x08002904   0x08002904   0x00000116   Code   RO         1347    i.GPIO_Init         stm32f10x_gpio.o
    0x08002a1a   0x08002a1a   0x00000012   Code   RO         1351    i.GPIO_ReadInputDataBit  stm32f10x_gpio.o
    0x08002a2c   0x08002a2c   0x00000004   Code   RO         1354    i.GPIO_ResetBits    stm32f10x_gpio.o
    0x08002a30   0x08002a30   0x00000004   Code   RO         1355    i.GPIO_SetBits      stm32f10x_gpio.o
    0x08002a34   0x08002a34   0x00000004   Code   RO         3303    i.HardFault_Handler  stm32f10x_it.o
    0x08002a38   0x08002a38   0x0000003c   Code   RO         3525    i.I2C_Start         oled.o
    0x08002a74   0x08002a74   0x0000002c   Code   RO         3526    i.I2C_Stop          oled.o
    0x08002aa0   0x08002aa0   0x00000034   Code   RO         3527    i.I2C_WaitAck       oled.o
    0x08002ad4   0x08002ad4   0x00000010   Code   RO         3528    i.IIC_delay         oled.o
    0x08002ae4   0x08002ae4   0x00000010   Code   RO         1667    i.IWDG_ReloadCounter  stm32f10x_iwdg.o
    0x08002af4   0x08002af4   0x0000000c   Code   RO         1668    i.IWDG_SetPrescaler  stm32f10x_iwdg.o
    0x08002b00   0x08002b00   0x0000000c   Code   RO         1669    i.IWDG_SetReload    stm32f10x_iwdg.o
    0x08002b0c   0x08002b0c   0x0000000c   Code   RO         1670    i.IWDG_WriteAccessCmd  stm32f10x_iwdg.o
    0x08002b18   0x08002b18   0x000000bc   Code   RO         3497    i.KEY_Init          key.o
    0x08002bd4   0x08002bd4   0x00000068   Code   RO         3498    i.KEY_ReadPin       key.o
    0x08002c3c   0x08002c3c   0x000000a8   Code   RO         3499    i.KEY_Scan          key.o
    0x08002ce4   0x08002ce4   0x00000004   Code   RO         3304    i.MemManage_Handler  stm32f10x_it.o
    0x08002ce8   0x08002ce8   0x00000002   Code   RO         3198    i.MenuManager       main.o
    0x08002cea   0x08002cea   0x00000002   Code   RO         3305    i.NMI_Handler       stm32f10x_it.o
    0x08002cec   0x08002cec   0x00000070   Code   RO          137    i.NVIC_Init         misc.o
    0x08002d5c   0x08002d5c   0x00000014   Code   RO          138    i.NVIC_PriorityGroupConfig  misc.o
    0x08002d70   0x08002d70   0x00000030   Code   RO         3529    i.OLED_Clear        oled.o
    0x08002da0   0x08002da0   0x0000001c   Code   RO         3530    i.OLED_ColorTurn    oled.o
    0x08002dbc   0x08002dbc   0x0000002c   Code   RO         3533    i.OLED_DisplayTurn  oled.o
    0x08002de8   0x08002de8   0x00000078   Code   RO         3536    i.OLED_DrawPoint    oled.o
    0x08002e60   0x08002e60   0x0000017c   Code   RO         3537    i.OLED_Init         oled.o
    0x08002fdc   0x08002fdc   0x00000068   Code   RO         3539    i.OLED_Refresh      oled.o
    0x08003044   0x08003044   0x0000013c   Code   RO         3541    i.OLED_ShowChar     oled.o
    0x08003180   0x08003180   0x0000004a   Code   RO         3545    i.OLED_ShowString   oled.o
    0x080031ca   0x080031ca   0x00000038   Code   RO         3546    i.OLED_WR_Byte      oled.o
    0x08003202   0x08003202   0x00000020   Code   RO         3806    i.PID_Calculate     pid_controller.o
    0x08003222   0x08003222   0x0000009e   Code   RO         3807    i.PID_CalculateIncremental  pid_controller.o
    0x080032c0   0x080032c0   0x000001aa   Code   RO         3808    i.PID_CalculatePosition  pid_controller.o
    0x0800346a   0x0800346a   0x00000002   PAD
    0x0800346c   0x0800346c   0x00000068   Code   RO         3813    i.PID_Init          pid_controller.o
    0x080034d4   0x080034d4   0x0000000e   Code   RO         3814    i.PID_Reset         pid_controller.o
    0x080034e2   0x080034e2   0x00000036   Code   RO         3818    i.PID_SetOutputLimits  pid_controller.o
    0x08003518   0x08003518   0x00000004   Code   RO         3819    i.PID_SetPoint      pid_controller.o
    0x0800351c   0x0800351c   0x00000002   Code   RO         3306    i.PendSV_Handler    stm32f10x_it.o
    0x0800351e   0x0800351e   0x00000002   PAD
    0x08003520   0x08003520   0x0000018c   Code   RO         3199    i.ProcessKeys       main.o
    0x080036ac   0x080036ac   0x00000020   Code   RO         1775    i.RCC_APB1PeriphClockCmd  stm32f10x_rcc.o
    0x080036cc   0x080036cc   0x00000020   Code   RO         1777    i.RCC_APB2PeriphClockCmd  stm32f10x_rcc.o
    0x080036ec   0x080036ec   0x00000020   Code   RO         1778    i.RCC_APB2PeriphResetCmd  stm32f10x_rcc.o
    0x0800370c   0x0800370c   0x000000d4   Code   RO         1785    i.RCC_GetClocksFreq  stm32f10x_rcc.o
    0x080037e0   0x080037e0   0x00000002   Code   RO         3307    i.SVC_Handler       stm32f10x_it.o
    0x080037e2   0x080037e2   0x00000002   PAD
    0x080037e4   0x080037e4   0x00000054   Code   RO         3547    i.Send_Byte         oled.o
    0x08003838   0x08003838   0x00000008   Code   RO           24    i.SetSysClock       system_stm32f10x.o
    0x08003840   0x08003840   0x000000e0   Code   RO           25    i.SetSysClockTo72   system_stm32f10x.o
    0x08003920   0x08003920   0x00000028   Code   RO          141    i.SysTick_CLKSourceConfig  misc.o
    0x08003948   0x08003948   0x00000002   Code   RO         3308    i.SysTick_Handler   stm32f10x_it.o
    0x0800394a   0x0800394a   0x00000002   PAD
    0x0800394c   0x0800394c   0x00000060   Code   RO           27    i.SystemInit        system_stm32f10x.o
    0x080039ac   0x080039ac   0x000000f8   Code   RO         3200    i.System_Init       main.o
    0x08003aa4   0x08003aa4   0x00000024   Code   RO         3309    i.TIM3_IRQHandler   stm32f10x_it.o
    0x08003ac8   0x08003ac8   0x00000020   Code   RO         3310    i.TIM4_IRQHandler   stm32f10x_it.o
    0x08003ae8   0x08003ae8   0x00000018   Code   RO         2409    i.TIM_ARRPreloadConfig  stm32f10x_tim.o
    0x08003b00   0x08003b00   0x00000006   Code   RO         2416    i.TIM_ClearITPendingBit  stm32f10x_tim.o
    0x08003b06   0x08003b06   0x00000018   Code   RO         2421    i.TIM_Cmd           stm32f10x_tim.o
    0x08003b1e   0x08003b1e   0x00000022   Code   RO         2442    i.TIM_GetITStatus   stm32f10x_tim.o
    0x08003b40   0x08003b40   0x00000012   Code   RO         2446    i.TIM_ITConfig      stm32f10x_tim.o
    0x08003b52   0x08003b52   0x00000002   PAD
    0x08003b54   0x08003b54   0x000000a4   Code   RO         2455    i.TIM_OC2Init       stm32f10x_tim.o
    0x08003bf8   0x08003bf8   0x0000001a   Code   RO         2458    i.TIM_OC2PreloadConfig  stm32f10x_tim.o
    0x08003c12   0x08003c12   0x00000002   PAD
    0x08003c14   0x08003c14   0x000000a0   Code   RO         2460    i.TIM_OC3Init       stm32f10x_tim.o
    0x08003cb4   0x08003cb4   0x00000012   Code   RO         2463    i.TIM_OC3PreloadConfig  stm32f10x_tim.o
    0x08003cc6   0x08003cc6   0x00000004   Code   RO         2483    i.TIM_SetCompare2   stm32f10x_tim.o
    0x08003cca   0x08003cca   0x00000004   Code   RO         2484    i.TIM_SetCompare3   stm32f10x_tim.o
    0x08003cce   0x08003cce   0x00000002   PAD
    0x08003cd0   0x08003cd0   0x000000a4   Code   RO         2492    i.TIM_TimeBaseInit  stm32f10x_tim.o
    0x08003d74   0x08003d74   0x000000a0   Code   RO         3202    i.Timer_Init        main.o
    0x08003e14   0x08003e14   0x00000088   Code   RO         3960    i.USART1_IRQHandler  usart.o
    0x08003e9c   0x08003e9c   0x00000018   Code   RO         2960    i.USART_Cmd         stm32f10x_usart.o
    0x08003eb4   0x08003eb4   0x00000054   Code   RO         2964    i.USART_GetITStatus  stm32f10x_usart.o
    0x08003f08   0x08003f08   0x0000004a   Code   RO         2966    i.USART_ITConfig    stm32f10x_usart.o
    0x08003f52   0x08003f52   0x00000002   PAD
    0x08003f54   0x08003f54   0x000000d8   Code   RO         2967    i.USART_Init        stm32f10x_usart.o
    0x0800402c   0x0800402c   0x0000000a   Code   RO         2974    i.USART_ReceiveData  stm32f10x_usart.o
    0x08004036   0x08004036   0x00000004   Code   RO         3311    i.UsageFault_Handler  stm32f10x_it.o
    0x0800403a   0x0800403a   0x0000000c   Code   RO         3203    i.UserInterface_Process  main.o
    0x08004046   0x08004046   0x00000028   Code   RO         4263    i.__ARM_fpclassify  m_ws.l(fpclassify.o)
    0x0800406e   0x0800406e   0x0000000e   Code   RO         4029    i._is_digit         c_w.l(__printf_wp.o)
    0x0800407c   0x0800407c   0x00000004   Code   RO         3961    i._sys_exit         usart.o
    0x08004080   0x08004080   0x00000044   Code   RO         3900    i.delay_init        delay.o
    0x080040c4   0x080040c4   0x0000004c   Code   RO         3901    i.delay_ms          delay.o
    0x08004110   0x08004110   0x0000001c   Code   RO         3962    i.fputc             usart.o
    0x0800412c   0x0800412c   0x000000a8   Code   RO         3204    i.main              main.o
    0x080041d4   0x080041d4   0x000000a0   Code   RO         3963    i.uart_init         usart.o
    0x08004274   0x08004274   0x0000002c   Code   RO         4257    locale$$code        c_w.l(lc_numeric_c.o)
    0x080042a0   0x080042a0   0x00000062   Code   RO         4059    x$fpl$d2f           fz_ws.l(d2f.o)
    0x08004302   0x08004302   0x00000002   PAD
    0x08004304   0x08004304   0x00000150   Code   RO         4061    x$fpl$dadd          fz_ws.l(daddsub_clz.o)
    0x08004454   0x08004454   0x00000018   Code   RO         4155    x$fpl$dcmpinf       fz_ws.l(dcmpi.o)
    0x0800446c   0x0800446c   0x0000005a   Code   RO         4075    x$fpl$dfixu         fz_ws.l(dfixu.o)
    0x080044c6   0x080044c6   0x00000002   PAD
    0x080044c8   0x080044c8   0x00000078   Code   RO         4085    x$fpl$dleqf         fz_ws.l(dleqf.o)
    0x08004540   0x08004540   0x00000154   Code   RO         4087    x$fpl$dmul          fz_ws.l(dmul.o)
    0x08004694   0x08004694   0x0000009c   Code   RO         4157    x$fpl$dnaninf       fz_ws.l(dnaninf.o)
    0x08004730   0x08004730   0x0000000c   Code   RO         4159    x$fpl$dretinf       fz_ws.l(dretinf.o)
    0x0800473c   0x0800473c   0x0000006c   Code   RO         4089    x$fpl$drleqf        fz_ws.l(drleqf.o)
    0x080047a8   0x080047a8   0x000001d4   Code   RO         4063    x$fpl$dsub          fz_ws.l(daddsub_clz.o)
    0x0800497c   0x0800497c   0x00000056   Code   RO         4091    x$fpl$f2d           fz_ws.l(f2d.o)
    0x080049d2   0x080049d2   0x00000002   PAD
    0x080049d4   0x080049d4   0x000000c4   Code   RO         4093    x$fpl$fadd          fz_ws.l(faddsub_clz.o)
    0x08004a98   0x08004a98   0x00000018   Code   RO         4161    x$fpl$fcmpinf       fz_ws.l(fcmpi.o)
    0x08004ab0   0x08004ab0   0x00000184   Code   RO         4100    x$fpl$fdiv          fz_ws.l(fdiv.o)
    0x08004c34   0x08004c34   0x00000036   Code   RO         4103    x$fpl$ffix          fz_ws.l(ffix.o)
    0x08004c6a   0x08004c6a   0x00000002   PAD
    0x08004c6c   0x08004c6c   0x00000030   Code   RO         4108    x$fpl$fflt          fz_ws.l(fflt_clz.o)
    0x08004c9c   0x08004c9c   0x00000026   Code   RO         4107    x$fpl$ffltu         fz_ws.l(fflt_clz.o)
    0x08004cc2   0x08004cc2   0x00000002   PAD
    0x08004cc4   0x08004cc4   0x00000068   Code   RO         4113    x$fpl$fleqf         fz_ws.l(fleqf.o)
    0x08004d2c   0x08004d2c   0x00000102   Code   RO         4115    x$fpl$fmul          fz_ws.l(fmul.o)
    0x08004e2e   0x08004e2e   0x0000008c   Code   RO         4163    x$fpl$fnaninf       fz_ws.l(fnaninf.o)
    0x08004eba   0x08004eba   0x0000000a   Code   RO         4165    x$fpl$fretinf       fz_ws.l(fretinf.o)
    0x08004ec4   0x08004ec4   0x00000062   Code   RO         4117    x$fpl$frleqf        fz_ws.l(frleqf.o)
    0x08004f26   0x08004f26   0x00000014   Code   RO         4094    x$fpl$frsb          fz_ws.l(faddsub_clz.o)
    0x08004f3a   0x08004f3a   0x00000002   PAD
    0x08004f3c   0x08004f3c   0x000000ea   Code   RO         4095    x$fpl$fsub          fz_ws.l(faddsub_clz.o)
    0x08005026   0x08005026   0x00000004   Code   RO         4119    x$fpl$printf1       fz_ws.l(printf1.o)
    0x0800502a   0x0800502a   0x00000000   Code   RO         4167    x$fpl$usenofp       fz_ws.l(usenofp.o)
    0x0800502a   0x0800502a   0x00000002   PAD
    0x0800502c   0x0800502c   0x00000014   Data   RO         3206    .constdata          main.o
    0x08005040   0x08005040   0x00001e10   Data   RO         3550    .constdata          oled.o
    0x08006e50   0x08006e50   0x00000094   Data   RO         4228    .constdata          c_w.l(bigflt0.o)
    0x08006ee4   0x08006ee4   0x00000020   Data   RO         4408    Region$$Table       anon$$obj.o
    0x08006f04   0x08006f04   0x0000001c   Data   RO         4256    locale$$data        c_w.l(lc_numeric_c.o)


    Execution Region RW_IRAM1 (Exec base: 0x20000000, Load base: 0x08006f20, Size: 0x00000df8, Max: 0x00005000, ABSOLUTE)

    Exec Addr    Load Addr    Size         Type   Attr      Idx    E Section Name        Object

    0x20000000   0x08006f20   0x00000014   Data   RW           28    .data               system_stm32f10x.o
    0x20000014   0x08006f34   0x00000014   Data   RW         1805    .data               stm32f10x_rcc.o
    0x20000028   0x08006f48   0x00000024   Data   RW         3207    .data               main.o
    0x2000004c   0x08006f6c   0x00000004   Data   RW         3438    .data               fan_driver.o
    0x20000050   0x08006f70   0x00000008   Data   RW         3709    .data               angle_control.o
    0x20000058   0x08006f78   0x00000004   Data   RW         3903    .data               delay.o
    0x2000005c   0x08006f7c   0x00000006   Data   RW         3965    .data               usart.o
    0x20000062   0x08006f82   0x00000002   PAD
    0x20000064        -       0x000001b4   Zero   RW         3205    .bss                main.o
    0x20000218        -       0x00000010   Zero   RW         3405    .bss                angle_sensor.o
    0x20000228        -       0x00000024   Zero   RW         3500    .bss                key.o
    0x2000024c        -       0x00000480   Zero   RW         3549    .bss                oled.o
    0x200006cc        -       0x000000c8   Zero   RW         3964    .bss                usart.o
    0x20000794        -       0x00000060   Zero   RW         4268    .bss                c_w.l(libspace.o)
    0x200007f4   0x08006f82   0x00000004   PAD
    0x200007f8        -       0x00000200   Zero   RW            2    HEAP                startup_stm32f10x_md.o
    0x200009f8        -       0x00000400   Zero   RW            1    STACK               startup_stm32f10x_md.o


==============================================================================

Image component sizes


      Code (inc. data)   RO Data    RW Data    ZI Data      Debug   Object Name

      2024        652          0          8          0      10849   angle_control.o
       400         42          0          0         16       1912   angle_sensor.o
         0          0          0          0          0       4556   core_cm3.o
       144         22          0          4          0       1104   delay.o
       572         40          0          4          0       5430   fan_driver.o
       460         40          0          0         36       2250   key.o
      2626        780         20         36        436      23194   main.o
       172         22          0          0          0     214141   misc.o
      1426         64       7696          0       1152       9155   oled.o
       792         18          0          0          0       4704   pid_controller.o
        64         26        236          0       1536        804   startup_stm32f10x_md.o
       486         24          0          0          0      18550   stm32f10x_adc.o
       304          0          0          0          0      11668   stm32f10x_gpio.o
        94         14          0          0          0       4426   stm32f10x_it.o
        52         24          0          0          0       1788   stm32f10x_iwdg.o
       308         38          0         20          0      13371   stm32f10x_rcc.o
       646         62          0          0          0      27359   stm32f10x_tim.o
       408          6          0          0          0      10630   stm32f10x_usart.o
       328         28          0         20          0      45317   system_stm32f10x.o
       328         26          0          6        200       3960   usart.o

    ----------------------------------------------------------------------
     11658       1928       7984        100       3376     415168   Object Totals
         0          0         32          0          0          0   (incl. Generated)
        24          0          0          2          0          0   (incl. Padding)

    ----------------------------------------------------------------------

      Code (inc. data)   RO Data    RW Data    ZI Data      Debug   Library Member Name

         8          0          0          0          0         68   __main.o
       284          0          0          0          0        156   __printf_wp.o
         0          0          0          0          0          0   __rtentry.o
        12          0          0          0          0          0   __rtentry2.o
         6          0          0          0          0          0   __rtentry4.o
        52          8          0          0          0          0   __scatter.o
        26          0          0          0          0          0   __scatter_copy.o
        28          0          0          0          0          0   __scatter_zi.o
        48          6          0          0          0         96   _printf_char_common.o
        36          4          0          0          0         80   _printf_char_file.o
         6          0          0          0          0          0   _printf_d.o
       120         16          0          0          0         92   _printf_dec.o
         6          0          0          0          0          0   _printf_f.o
      1054          0          0          0          0        216   _printf_fp_dec.o
       128         16          0          0          0         84   _printf_fp_infnan.o
       178          0          0          0          0         88   _printf_intcommon.o
         0          0          0          0          0          0   _printf_percent.o
         4          0          0          0          0          0   _printf_percent_end.o
        10          0          0          0          0         68   _sputc.o
       228          4        148          0          0         96   bigflt0.o
      1936        128          0          0          0        672   btod.o
        18          0          0          0          0         80   exit.o
         8          0          0          0          0         68   ferror.o
         6          0          0          0          0        152   heapauxi.o
        44         10         28          0          0         76   lc_numeric_c.o
         2          0          0          0          0          0   libinit.o
        18          0          0          0          0          0   libinit2.o
         2          0          0          0          0          0   libshutdown.o
         2          0          0          0          0          0   libshutdown2.o
         8          4          0          0         96         68   libspace.o
       138          0          0          0          0         80   lludiv10.o
        24          4          0          0          0         84   noretval__2printf.o
        40          6          0          0          0         84   noretval__2sprintf.o
         8          4          0          0          0         68   rt_locale_intlibspace.o
        68          0          0          0          0         68   rt_memclr.o
        78          0          0          0          0         80   rt_memclr_w.o
       100          0          0          0          0         80   rt_memcpy_w.o
         2          0          0          0          0          0   rtexit.o
        10          0          0          0          0          0   rtexit2.o
       128          0          0          0          0         68   strcmpv7m.o
        72          0          0          0          0         80   strcpy.o
        86          0          0          0          0         76   strncpy.o
        74          0          0          0          0         80   sys_stackheap_outer.o
         2          0          0          0          0         68   use_no_semi.o
         2          0          0          0          0         68   use_no_semi_2.o
        98          4          0          0          0         92   d2f.o
       804         16          0          0          0        272   daddsub_clz.o
        24          0          0          0          0         68   dcmpi.o
        90          4          0          0          0         92   dfixu.o
       120          4          0          0          0         92   dleqf.o
       340         12          0          0          0        104   dmul.o
       156          4          0          0          0         92   dnaninf.o
        12          0          0          0          0         68   dretinf.o
       108          0          0          0          0         80   drleqf.o
        86          4          0          0          0         84   f2d.o
       450          8          0          0          0        236   faddsub_clz.o
        24          0          0          0          0         68   fcmpi.o
       388         76          0          0          0         96   fdiv.o
        54          4          0          0          0         84   ffix.o
        86          0          0          0          0        136   fflt_clz.o
       104          4          0          0          0         84   fleqf.o
       258          4          0          0          0         84   fmul.o
       140          4          0          0          0         84   fnaninf.o
        10          0          0          0          0         68   fretinf.o
        98          0          0          0          0         68   frleqf.o
         4          0          0          0          0         68   printf1.o
         0          0          0          0          0          0   usenofp.o
        40          0          0          0          0         68   fpclassify.o

    ----------------------------------------------------------------------
      8630        358        176          0        100       5332   Library Totals
        26          0          0          0          4          0   (incl. Padding)

    ----------------------------------------------------------------------

      Code (inc. data)   RO Data    RW Data    ZI Data      Debug   Library Name

      5110        210        176          0         96       3144   c_w.l
      3454        148          0          0          0       2120   fz_ws.l
        40          0          0          0          0         68   m_ws.l

    ----------------------------------------------------------------------
      8630        358        176          0        100       5332   Library Totals

    ----------------------------------------------------------------------

==============================================================================


      Code (inc. data)   RO Data    RW Data    ZI Data      Debug   

     20288       2286       8160        100       3476     411552   Grand Totals
     20288       2286       8160        100       3476     411552   ELF Image Totals
     20288       2286       8160        100          0          0   ROM Totals

==============================================================================

    Total RO  Size (Code + RO Data)                28448 (  27.78kB)
    Total RW  Size (RW Data + ZI Data)              3576 (   3.49kB)
    Total ROM Size (Code + RO Data + RW Data)      28548 (  27.88kB)

==============================================================================

